<html>
<body>
<pre>
<h1>礦ision Build Log</h1>
<h2>Tool Versions:</h2>
IDE-Version: μVision V5.26.2.0
Copyright (C) 2018 ARM Ltd and ARM Germany GmbH. All rights reserved.
License Information: 1 1, 1, LIC=Q7GLQ-NX20Q-QHF8A-1CDUF-3FT8X-7AIU3
 
Tool Versions:
Toolchain:       MDK-ARM Professional  Version: 5.26.2.0
Toolchain Path:  D:\Keil\ARM\ARMCC\Bin
C Compiler:      Armcc.exe V5.06 update 6 (build 750)
Assembler:       Armasm.exe V5.06 update 6 (build 750)
Linker/Locator:  ArmLink.exe V5.06 update 6 (build 750)
Library Manager: ArmAr.exe V5.06 update 6 (build 750)
Hex Converter:   FromElf.exe V5.06 update 6 (build 750)
CPU DLL:         SARMCM3.DLL V5.26.2.0
Dialog DLL:      DCM.DLL V1.17.2.0
Target DLL:      STLink\ST-LINKIII-KEIL_SWO.dll V3.0.5.0
Dialog DLL:      TCM.DLL V1.36.1.0
 
<h2>Project:</h2>
C:\Users\22162\Desktop\基于STM32的可编辑坦克大战游戏机-何羽鑫-15016733379\坦克大战\USER\battle_city.uvprojx
Project File Date:  07/19/2019

<h2>Output:</h2>
*** Using Compiler 'V5.06 update 6 (build 750)', folder: 'D:\Keil\ARM\ARMCC\Bin'
Rebuild target 'BattleCity'
compiling stm32f4xx_it.c...
compiling system_stm32f4xx.c...
compiling gui.c...
compiling main.c...
compiling select_stage.c...
compiling edit_map.c...
edit_map.c(213): warning:  #1293-D: assignment in condition
  	if(!(pixel_matrix=mymalloc(0,512*8))) LCD_ShowString(100,100,200,24,24,"OVERFLOW");
edit_map.c: 1 warning, 0 errors
compiling game.c...
compiling led.c...
compiling key.c...
compiling lcd.c...
compiling myiic.c...
compiling 24cxx.c...
compiling ctiic.c...
compiling gt9147.c...
compiling ott2001a.c...
compiling ft5206.c...
compiling touch.c...
compiling spi.c...
compiling sdio_sdcard.c...
compiling sram.c...
compiling w25qxx.c...
compiling remote.c...
compiling rng.c...
assembling startup_stm32f40_41xxx.s...
compiling delay.c...
compiling sys.c...
compiling usart.c...
compiling stm32f4xx_gpio.c...
compiling misc.c...
compiling stm32f4xx_fsmc.c...
compiling stm32f4xx_rcc.c...
compiling stm32f4xx_syscfg.c...
compiling stm32f4xx_usart.c...
compiling stm32f4xx_dma.c...
compiling stm32f4xx_sdio.c...
compiling stm32f4xx_spi.c...
compiling stm32f4xx_tim.c...
compiling stm32f4xx_pwr.c...
compiling stm32f4xx_rng.c...
compiling os_core.c...
compiling os_flag.c...
compiling os_mbox.c...
compiling os_mem.c...
compiling os_mutex.c...
compiling os_q.c...
compiling os_sem.c...
compiling os_task.c...
assembling os_cpu_a.asm...
compiling os_time.c...
compiling os_tmr.c...
compiling os_cpu_c.c...
compiling fontupd.c...
compiling text.c...
compiling bmp.c...
compiling piclib.c...
compiling gif.c...
compiling tjpgd.c...
compiling diskio.c...
compiling exfuns.c...
compiling fattester.c...
compiling ff.c...
compiling mycc936.c...
compiling malloc.c...
compiling usmart.c...
compiling usmart_config.c...
compiling usmart_str.c...
linking...
Program Size: Code=90360 RO-data=10424 RW-data=2356 ZI-data=1163404  
FromELF: creating hex file...
"..\OBJ\Battle_City.axf" - 0 Error(s), 1 Warning(s).

<h2>Software Packages used:</h2>

Package Vendor: Keil
                http://www.keil.com/pack/Keil.STM32F4xx_DFP.2.12.0.pack
                Keil.STM32F4xx_DFP.2.12.0
                STMicroelectronics STM32F4 Series Device Support, Drivers and Examples

<h2>Collection of Component include folders:</h2>
  .\RTE\_BattleCity
  D:\Keil\ARM\PACK\Keil\STM32F4xx_DFP\2.12.0\Drivers\CMSIS\Device\ST\STM32F4xx\Include

<h2>Collection of Component Files used:</h2>
Build Time Elapsed:  00:00:28
</pre>
</body>
</html>
