Component: ARM Compiler 5.06 update 6 (build 750) Tool: armlink [4d35ed]

==============================================================================

Section Cross References

    main.o(i.help) refers to piclib.o(i.ai_load_picfile) for ai_load_picfile
    main.o(i.help) refers to text.o(i.Show_Str) for Show_Str
    main.o(i.help) refers to key.o(i.KEY_Scan) for KEY_Scan
    main.o(i.help) refers to lcd.o(.bss) for lcddev
    main.o(i.help) refers to lcd.o(.data) for POINT_COLOR
    main.o(i.help) refers to main.o(.data) for .data
    main.o(i.help) refers to touch.o(.data) for tp_dev
    main.o(i.init) refers to misc.o(i.NVIC_PriorityGroupConfig) for NVIC_PriorityGroupConfig
    main.o(i.init) refers to delay.o(i.delay_init) for delay_init
    main.o(i.init) refers to usart.o(i.uart_init) for uart_init
    main.o(i.init) refers to led.o(i.LED_Init) for LED_Init
    main.o(i.init) refers to key.o(i.KEY_Init) for KEY_Init
    main.o(i.init) refers to lcd.o(i.LCD_Init) for LCD_Init
    main.o(i.init) refers to remote.o(i.Remote_Init) for Remote_Init
    main.o(i.init) refers to w25qxx.o(i.W25QXX_Init) for W25QXX_Init
    main.o(i.init) refers to malloc.o(i.my_mem_init) for my_mem_init
    main.o(i.init) refers to exfuns.o(i.exfuns_init) for exfuns_init
    main.o(i.init) refers to ff.o(i.f_mount) for f_mount
    main.o(i.init) refers to lcd.o(i.LCD_Clear) for LCD_Clear
    main.o(i.init) refers to lcd.o(i.LCD_ShowString) for LCD_ShowString
    main.o(i.init) refers to delay.o(i.delay_ms) for delay_ms
    main.o(i.init) refers to lcd.o(i.LCD_Fill) for LCD_Fill
    main.o(i.init) refers to sdio_sdcard.o(i.SD_Init) for SD_Init
    main.o(i.init) refers to fontupd.o(i.update_font) for update_font
    main.o(i.init) refers to fontupd.o(i.font_init) for font_init
    main.o(i.init) refers to rng.o(i.RNG_Init) for RNG_Init
    main.o(i.init) refers to usmart_config.o(.data) for usmart_dev
    main.o(i.init) refers to touch.o(.data) for tp_dev
    main.o(i.init) refers to exfuns.o(.data) for fs
    main.o(i.init) refers to lcd.o(.data) for POINT_COLOR
    main.o(i.load_main_ui) refers to lcd.o(i.LCD_Clear) for LCD_Clear
    main.o(i.load_main_ui) refers to piclib.o(i.ai_load_picfile) for ai_load_picfile
    main.o(i.load_main_ui) refers to text.o(i.Show_Str) for Show_Str
    main.o(i.load_main_ui) refers to lcd.o(i.LCD_Draw_Circle) for LCD_Draw_Circle
    main.o(i.load_main_ui) refers to lcd.o(i.LCD_ShowChar) for LCD_ShowChar
    main.o(i.load_main_ui) refers to lcd.o(.data) for POINT_COLOR
    main.o(i.load_main_ui) refers to lcd.o(.bss) for lcddev
    main.o(i.load_main_ui) refers to main.o(.data) for .data
    main.o(i.main) refers to main.o(i.init) for init
    main.o(i.main) refers to os_core.o(i.OSInit) for OSInit
    main.o(i.main) refers to os_task.o(i.OSTaskCreate) for OSTaskCreate
    main.o(i.main) refers to os_core.o(i.OSStart) for OSStart
    main.o(i.main) refers to main.o(.bss) for .bss
    main.o(i.main) refers to main.o(i.start_task) for start_task
    main.o(i.main_task) refers to piclib.o(i.piclib_init) for piclib_init
    main.o(i.main_task) refers to main.o(i.load_main_ui) for load_main_ui
    main.o(i.main_task) refers to main.o(i.touch_scan) for touch_scan
    main.o(i.main_task) refers to key.o(i.KEY_Scan) for KEY_Scan
    main.o(i.main_task) refers to delay.o(i.delay_ms) for delay_ms
    main.o(i.main_task) refers to game.o(i.pregame) for pregame
    main.o(i.main_task) refers to edit_map.o(i.edit) for edit
    main.o(i.main_task) refers to select_stage.o(i.select) for select
    main.o(i.main_task) refers to stm32f4xx_pwr.o(i.PWR_EnterSTANDBYMode) for PWR_EnterSTANDBYMode
    main.o(i.main_task) refers to main.o(i.help) for help
    main.o(i.main_task) refers to lcd.o(i.LCD_Fill) for LCD_Fill
    main.o(i.main_task) refers to lcd.o(i.LCD_Draw_Circle) for LCD_Draw_Circle
    main.o(i.main_task) refers to lcd.o(i.LCD_ShowChar) for LCD_ShowChar
    main.o(i.main_task) refers to lcd.o(.data) for POINT_COLOR
    main.o(i.main_task) refers to main.o(.data) for .data
    main.o(i.start_task) refers to os_core.o(i.OSStatInit) for OSStatInit
    main.o(i.start_task) refers to os_cpu_a.o(.text) for OS_CPU_SR_Save
    main.o(i.start_task) refers to os_task.o(i.OSTaskCreate) for OSTaskCreate
    main.o(i.start_task) refers to os_task.o(i.OSTaskSuspend) for OSTaskSuspend
    main.o(i.start_task) refers to main.o(.bss) for .bss
    main.o(i.start_task) refers to main.o(i.main_task) for main_task
    main.o(i.touch_scan) refers to touch.o(.data) for tp_dev
    main.o(i.touch_scan) refers to main.o(.data) for .data
    system_stm32f4xx.o(i.SystemCoreClockUpdate) refers to system_stm32f4xx.o(.data) for .data
    system_stm32f4xx.o(i.SystemInit) refers to system_stm32f4xx.o(i.SetSysClock) for SetSysClock
    gui.o(i.gui_draw_hline) refers to lcd.o(i.LCD_Fill) for LCD_Fill
    gui.o(i.gui_fill_circle) refers to gui.o(i.gui_draw_hline) for gui_draw_hline
[...]
    OTT_TPX_TBL                              0x08017b02   Data          10  ott2001a.o(.constdata)
    FT5206_TPX_TBL                           0x08017b0c   Data          10  ft5206.o(.constdata)
    TP_REMIND_MSG_TBL                        0x08017b18   Data           4  touch.o(.constdata)
    OSUnMapTbl                               0x08017b1c   Data         256  os_core.o(.constdata)
    GBK24_PATH                               0x08017c1c   Data           4  fontupd.o(.constdata)
    GBK16_PATH                               0x08017c20   Data           4  fontupd.o(.constdata)
    GBK12_PATH                               0x08017c24   Data           4  fontupd.o(.constdata)
    UNIGBK_PATH                              0x08017c28   Data           4  fontupd.o(.constdata)
    _aInterlaceOffset                        0x08017c2c   Data           4  gif.o(.constdata)
    _aInterlaceYPos                          0x08017c30   Data           4  gif.o(.constdata)
    _aMaskTbl                                0x08017c34   Data          32  gif.o(.constdata)
    memtblsize                               0x08018510   Data          12  malloc.o(.constdata)
    memblksize                               0x0801851c   Data          12  malloc.o(.constdata)
    memsize                                  0x08018528   Data          12  malloc.o(.constdata)
    Region$$Table$$Base                      0x08018990   Number         0  anon$$obj.o(Region$$Table)
    Region$$Table$$Limit                     0x080189b0   Number         0  anon$$obj.o(Region$$Table)
    mem3base                                 0x10000000   Data       61440  malloc.o(.ARM.__AT_0x10000000)
    mem3mapbase                              0x1000f000   Data        3840  malloc.o(.ARM.__AT_0x1000F000)
    colorlist                                0x20000000   Data          30  main.o(.data)
    btn_start_game                           0x2000001e   Data           8  main.o(.data)
    btn_edit_map                             0x20000026   Data           8  main.o(.data)
    btn_select_stage                         0x2000002e   Data           8  main.o(.data)
    btn_power_off                            0x20000036   Data           8  main.o(.data)
    btn_help                                 0x2000003e   Data           8  main.o(.data)
    exit_help                                0x20000046   Data           8  main.o(.data)
    print_ui_tank                            0x2000004e   Data          50  main.o(.data)
    frame_save                               0x20000080   Data           8  edit_map.o(.data)
    base                                     0x20000088   Data           8  edit_map.o(.data)
    birth1                                   0x20000090   Data           8  edit_map.o(.data)
    birth2                                   0x20000098   Data           8  edit_map.o(.data)
    wall0                                    0x200000a0   Data           8  edit_map.o(.data)
    wall1                                    0x200000a8   Data           8  edit_map.o(.data)
    river                                    0x200000b0   Data           8  edit_map.o(.data)
    rub                                      0x200000b8   Data           8  edit_map.o(.data)
    btn_save                                 0x200000c0   Data           8  edit_map.o(.data)
    btn_exit_edit                            0x200000c8   Data           8  edit_map.o(.data)
    confirm                                  0x200000d0   Data           8  edit_map.o(.data)
    quit                                     0x200000d8   Data           8  edit_map.o(.data)
    frame_delet                              0x200000e0   Data           8  select_stage.o(.data)
    confirm_select                           0x200000e8   Data           8  select_stage.o(.data)
    delet_stage                              0x200000f0   Data           8  select_stage.o(.data)
    confirm_delet                            0x200000f8   Data           8  select_stage.o(.data)
    quit_delet                               0x20000100   Data           8  select_stage.o(.data)
    key2                                     0x20000108   Data           1  game.o(.data)
    life1                                    0x20000109   Data           1  game.o(.data)
    life2                                    0x2000010a   Data           1  game.o(.data)
    key1                                     0x2000010b   Data           1  game.o(.data)
    bul_num                                  0x2000010c   Data           4  game.o(.data)
    position                                 0x20000110   Data           4  game.o(.data)
    remain_enemy                             0x20000114   Data           4  game.o(.data)
    plyernum                                 0x20000118   Data           4  game.o(.data)
    stgindx                                  0x2000011c   Data           4  game.o(.data)
    score1                                   0x20000120   Data           4  game.o(.data)
    score2                                   0x20000124   Data           4  game.o(.data)
    btn_oneplayer                            0x20000128   Data           8  game.o(.data)
    btn_twoplayer                            0x20000130   Data           8  game.o(.data)
    btn_quit                                 0x20000138   Data           8  game.o(.data)
    frame_pause                              0x20000140   Data           8  game.o(.data)
    btn_continue                             0x20000148   Data           8  game.o(.data)
    btn_exit                                 0x20000150   Data           8  game.o(.data)
    nextgame                                 0x20000158   Data           8  game.o(.data)
    btn_next                                 0x20000160   Data           8  game.o(.data)
    title_enmyleft                           0x20000168   Data           8  game.o(.data)
    title_life                               0x20000170   Data           8  game.o(.data)
    title_score                              0x20000178   Data           8  game.o(.data)
    print_my_tank                            0x20000180   Data          98  game.o(.data)
    print_my_tank2                           0x200001e2   Data          98  game.o(.data)
    print_normal_tank                        0x20000244   Data          98  game.o(.data)
    print_fast_tank                          0x200002a6   Data          98  game.o(.data)
    print_firm_tank1                         0x20000308   Data          98  game.o(.data)
    print_firm_tank2                         0x2000036a   Data          98  game.o(.data)
    print_firm_tank3                         0x200003cc   Data          98  game.o(.data)
    print_my_home                            0x2000042e   Data         128  game.o(.data)
    level_info                               0x200004b0   Data          72  game.o(.data)
    POINT_COLOR                              0x200004f8   Data           2  lcd.o(.data)
    BACK_COLOR                               0x200004fa   Data           2  lcd.o(.data)
    CMD_RDX                                  0x20000500   Data           1  touch.o(.data)
    CMD_RDY                                  0x20000501   Data           1  touch.o(.data)
    tp_dev                                   0x20000504   Data          52  touch.o(.data)
    TransferError                            0x2000053b   Data           1  sdio_sdcard.o(.data)
    TransferEnd                              0x2000053c   Data           1  sdio_sdcard.o(.data)
    tempbuff                                 0x20000544   Data           4  sdio_sdcard.o(.data)
    W25QXX_TYPE                              0x20000548   Data           2  w25qxx.o(.data)
    RmtSta                                   0x2000054c   Data           1  remote.o(.data)
    RmtCnt                                   0x2000054d   Data           1  remote.o(.data)
    Dval                                     0x2000054e   Data           2  remote.o(.data)
    RmtRec                                   0x20000550   Data           4  remote.o(.data)
    USART_RX_STA                             0x20000558   Data           2  usart.o(.data)
    __stdout                                 0x2000055c   Data           4  usart.o(.data)
    OSCPUUsage                               0x20000570   Data           1  os_core.o(.data)
    OSStatRdy                                0x20000571   Data           1  os_core.o(.data)
    OSIntNesting                             0x20000572   Data           1  os_core.o(.data)
    OSLockNesting                            0x20000573   Data           1  os_core.o(.data)
    OSPrioCur                                0x20000574   Data           1  os_core.o(.data)
    OSPrioHighRdy                            0x20000575   Data           1  os_core.o(.data)
    OSRdyGrp                                 0x20000576   Data           1  os_core.o(.data)
    OSRunning                                0x20000577   Data           1  os_core.o(.data)
    OSTaskCtr                                0x20000578   Data           1  os_core.o(.data)
    OSTickStepState                          0x20000579   Data           1  os_core.o(.data)
    OSCtxSwCtr                               0x2000057c   Data           4  os_core.o(.data)
    OSEventFreeList                          0x20000580   Data           4  os_core.o(.data)
    OSIdleCtrMax                             0x20000584   Data           4  os_core.o(.data)
    OSIdleCtrRun                             0x20000588   Data           4  os_core.o(.data)
    OSIdleCtr                                0x2000058c   Data           4  os_core.o(.data)
    OSTCBCur                                 0x20000590   Data           4  os_core.o(.data)
    OSTCBFreeList                            0x20000594   Data           4  os_core.o(.data)
    OSTCBHighRdy                             0x20000598   Data           4  os_core.o(.data)
    OSTCBList                                0x2000059c   Data           4  os_core.o(.data)
    OSTime                                   0x200005a0   Data           4  os_core.o(.data)
    OSRdyTbl                                 0x200005a4   Data           8  os_core.o(.data)
    OSFlagFreeList                           0x200005ac   Data           4  os_core.o(.data)
    OSQFreeList                              0x200005b0   Data           4  os_core.o(.data)
    gifdecoding                              0x200005b4   Data           1  gif.o(.data)
    f_jpeg                                   0x200005b8   Data           4  tjpgd.o(.data)
    jpeg_dev                                 0x200005bc   Data           4  tjpgd.o(.data)
    jpg_buffer                               0x200005c0   Data           4  tjpgd.o(.data)
    FLASH_SECTOR_COUNT                       0x200005c4   Data           2  diskio.o(.data)
    file                                     0x200005c8   Data           4  exfuns.o(.data)
    ftemp                                    0x200005cc   Data           4  exfuns.o(.data)
    fatbuf                                   0x200005d0   Data           4  exfuns.o(.data)
    fs                                       0x200005d4   Data           8  exfuns.o(.data)
    FILE_TYPE_TBL                            0x200005dc   Data         312  exfuns.o(.data)
    br                                       0x20000714   Data           4  exfuns.o(.data)
    bw                                       0x20000718   Data           4  exfuns.o(.data)
    mallco_dev                               0x20000728   Data          36  malloc.o(.data)
    sys_cmd_tab                              0x2000074c   Data          28  usmart.o(.data)
    usmart_nametab                           0x20000768   Data         216  usmart_config.o(.data)
    usmart_dev                               0x20000840   Data         244  usmart_config.o(.data)
    START_TASK_STK                           0x20000934   Data         256  main.o(.bss)
    MAIN_TASK_STK                            0x20000a34   Data        8192  main.o(.bss)
    map                                      0x20002a34   Data        7200  game.o(.bss)
    bullet                                   0x20004654   Data        1000  game.o(.bss)
    AI_tank                                  0x20004a3c   Data         176  game.o(.bss)
    my_tank                                  0x20004aec   Data          44  game.o(.bss)
    my_tank2                                 0x20004b18   Data          44  game.o(.bss)
    lcddev                                   0x20004b44   Data          14  lcd.o(.bss)
    SDIO_InitStructure                       0x20004b58   Data          24  sdio_sdcard.o(.bss)
    SDIO_CmdInitStructure                    0x20004b70   Data          20  sdio_sdcard.o(.bss)
    SDIO_DataInitStructure                   0x20004b84   Data          24  sdio_sdcard.o(.bss)
    SDCardInfo                               0x20004bc0   Data          88  sdio_sdcard.o(.bss)
    SDIO_DATA_BUFFER                         0x20004c18   Data         512  sdio_sdcard.o(.bss)
    W25QXX_BUFFER                            0x20004e18   Data        4096  w25qxx.o(.bss)
    USART_RX_BUF                             0x20005e18   Data         200  usart.o(.bss)
    OSEventTbl                               0x20005ee0   Data         200  os_core.o(.bss)
    OSTaskStatStk                            0x20005fa8   Data         512  os_core.o(.bss)
    OSTaskIdleStk                            0x200061a8   Data         512  os_core.o(.bss)
    OSTCBPrioTbl                             0x200063a8   Data         256  os_core.o(.bss)
    OSTCBTbl                                 0x200064a8   Data        1008  os_core.o(.bss)
    OSFlagTbl                                0x20006898   Data          80  os_core.o(.bss)
    OSQTbl                                   0x200068e8   Data         120  os_core.o(.bss)
    ftinfo                                   0x20006960   Data          33  fontupd.o(.bss)
    picinfo                                  0x20006984   Data          40  piclib.o(.bss)
    pic_phy                                  0x200069ac   Data          20  piclib.o(.bss)
    fileinfo                                 0x200069c0   Data          32  exfuns.o(.bss)
    dir                                      0x200069e0   Data          36  exfuns.o(.bss)
    mem1base                                 0x20006a20   Data       25600  malloc.o(.bss)
    mem1mapbase                              0x2000ce20   Data        1600  malloc.o(.bss)
    __libspace_start                         0x2000d460   Data          96  libspace.o(.bss)
    __temporary_stack_top$libspace           0x2000d4c0   Data           0  libspace.o(.bss)
    mem2base                                 0x68000000   Data       983040  malloc.o(.ARM.__AT_0x68000000)
    mem2mapbase                              0x680f0000   Data       61440  malloc.o(.ARM.__AT_0x680F0000)



==============================================================================

Memory Map of the image

  Image Entry point : 0x08000189

  Load Region LR_IROM1 (Base: 0x08000000, Size: 0x000192e4, Max: 0x00100000, ABSOLUTE, COMPRESSED[0x00018cc8])

    Execution Region ER_IROM1 (Exec base: 0x08000000, Load base: 0x08000000, Size: 0x000189b0, Max: 0x00100000, ABSOLUTE)

    Exec Addr    Load Addr    Size         Type   Attr      Idx    E Section Name        Object

    0x08000000   0x08000000   0x00000188   Data   RO         2094    RESET               startup_stm32f40_41xxx.o
    0x08000188   0x08000188   0x00000008   Code   RO         6335  * !!!main             c_w.l(__main.o)
    0x08000190   0x08000190   0x00000034   Code   RO         6573    !!!scatter          c_w.l(__scatter.o)
    0x080001c4   0x080001c4   0x0000005a   Code   RO         6571    !!dczerorl2         c_w.l(__dczerorl2.o)
    0x0800021e   0x0800021e   0x00000002   PAD
    0x08000220   0x08000220   0x0000001c   Code   RO         6575    !!handler_zi        c_w.l(__scatter_zi.o)
    0x0800023c   0x0800023c   0x00000000   Code   RO         6320    .ARM.Collect$$_printf_percent$$00000000  c_w.l(_printf_percent.o)
    0x0800023c   0x0800023c   0x00000006   Code   RO         6318    .ARM.Collect$$_printf_percent$$00000009  c_w.l(_printf_d.o)
    0x08000242   0x08000242   0x00000006   Code   RO         6319    .ARM.Collect$$_printf_percent$$0000000A  c_w.l(_printf_u.o)
    0x08000248   0x08000248   0x00000006   Code   RO         6317    .ARM.Collect$$_printf_percent$$0000000C  c_w.l(_printf_x.o)
    0x0800024e   0x0800024e   0x00000006   Code   RO         6315    .ARM.Collect$$_printf_percent$$00000013  c_w.l(_printf_c.o)
    0x08000254   0x08000254   0x00000006   Code   RO         6316    .ARM.Collect$$_printf_percent$$00000014  c_w.l(_printf_s.o)
    0x0800025a   0x0800025a   0x00000004   Code   RO         6386    .ARM.Collect$$_printf_percent$$00000017  c_w.l(_printf_percent_end.o)
    0x0800025e   0x0800025e   0x00000002   Code   RO         6444    .ARM.Collect$$libinit$$00000000  c_w.l(libinit.o)
    0x08000260   0x08000260   0x00000004   Code   RO         6451    .ARM.Collect$$libinit$$00000001  c_w.l(libinit2.o)
    0x08000264   0x08000264   0x00000000   Code   RO         6454    .ARM.Collect$$libinit$$00000004  c_w.l(libinit2.o)
    0x08000264   0x08000264   0x00000000   Code   RO         6457    .ARM.Collect$$libinit$$0000000A  c_w.l(libinit2.o)
    0x08000264   0x08000264   0x00000000   Code   RO         6459    .ARM.Collect$$libinit$$0000000C  c_w.l(libinit2.o)
    0x08000264   0x08000264   0x00000000   Code   RO         6461    .ARM.Collect$$libinit$$0000000E  c_w.l(libinit2.o)
    0x08000264   0x08000264   0x00000000   Code   RO         6464    .ARM.Collect$$libinit$$00000011  c_w.l(libinit2.o)
    0x08000264   0x08000264   0x00000000   Code   RO         6466    .ARM.Collect$$libinit$$00000013  c_w.l(libinit2.o)
    0x08000264   0x08000264   0x00000000   Code   RO         6468    .ARM.Collect$$libinit$$00000015  c_w.l(libinit2.o)
    0x08000264   0x08000264   0x00000000   Code   RO         6470    .ARM.Collect$$libinit$$00000017  c_w.l(libinit2.o)
    0x08000264   0x08000264   0x00000000   Code   RO         6472    .ARM.Collect$$libinit$$00000019  c_w.l(libinit2.o)
    0x08000264   0x08000264   0x00000000   Code   RO         6474    .ARM.Collect$$libinit$$0000001B  c_w.l(libinit2.o)
    0x08000264   0x08000264   0x00000000   Code   RO         6476    .ARM.Collect$$libinit$$0000001D  c_w.l(libinit2.o)
    0x08000264   0x08000264   0x00000000   Code   RO         6478    .ARM.Collect$$libinit$$0000001F  c_w.l(libinit2.o)
    0x08000264   0x08000264   0x00000000   Code   RO         6480    .ARM.Collect$$libinit$$00000021  c_w.l(libinit2.o)
    0x08000264   0x08000264   0x00000000   Code   RO         6482    .ARM.Collect$$libinit$$00000023  c_w.l(libinit2.o)
    0x08000264   0x08000264   0x00000000   Code   RO         6484    .ARM.Collect$$libinit$$00000025  c_w.l(libinit2.o)
    0x08000264   0x08000264   0x00000000   Code   RO         6488    .ARM.Collect$$libinit$$0000002C  c_w.l(libinit2.o)
    0x08000264   0x08000264   0x00000000   Code   RO         6490    .ARM.Collect$$libinit$$0000002E  c_w.l(libinit2.o)
    0x08000264   0x08000264   0x00000000   Code   RO         6492    .ARM.Collect$$libinit$$00000030  c_w.l(libinit2.o)
    0x08000264   0x08000264   0x00000000   Code   RO         6494    .ARM.Collect$$libinit$$00000032  c_w.l(libinit2.o)
    0x08000264   0x08000264   0x00000002   Code   RO         6495    .ARM.Collect$$libinit$$00000033  c_w.l(libinit2.o)
    0x08000266   0x08000266   0x00000002   Code   RO         6523    .ARM.Collect$$libshutdown$$00000000  c_w.l(libshutdown.o)
    0x08000268   0x08000268   0x00000000   Code   RO         6537    .ARM.Collect$$libshutdown$$00000002  c_w.l(libshutdown2.o)
    0x08000268   0x08000268   0x00000000   Code   RO         6539    .ARM.Collect$$libshutdown$$00000004  c_w.l(libshutdown2.o)
    0x08000268   0x08000268   0x00000000   Code   RO         6542    .ARM.Collect$$libshutdown$$00000007  c_w.l(libshutdown2.o)
    0x08000268   0x08000268   0x00000000   Code   RO         6545    .ARM.Collect$$libshutdown$$0000000A  c_w.l(libshutdown2.o)
    0x08000268   0x08000268   0x00000000   Code   RO         6547    .ARM.Collect$$libshutdown$$0000000C  c_w.l(libshutdown2.o)
    0x08000268   0x08000268   0x00000000   Code   RO         6550    .ARM.Collect$$libshutdown$$0000000F  c_w.l(libshutdown2.o)
    0x08000268   0x08000268   0x00000002   Code   RO         6551    .ARM.Collect$$libshutdown$$00000010  c_w.l(libshutdown2.o)
    0x0800026a   0x0800026a   0x00000000   Code   RO         6375    .ARM.Collect$$rtentry$$00000000  c_w.l(__rtentry.o)
    0x0800026a   0x0800026a   0x00000000   Code   RO         6399    .ARM.Collect$$rtentry$$00000002  c_w.l(__rtentry2.o)
    0x0800026a   0x0800026a   0x00000006   Code   RO         6411    .ARM.Collect$$rtentry$$00000004  c_w.l(__rtentry4.o)
    0x08000270   0x08000270   0x00000000   Code   RO         6401    .ARM.Collect$$rtentry$$00000009  c_w.l(__rtentry2.o)
    0x08000270   0x08000270   0x00000004   Code   RO         6402    .ARM.Collect$$rtentry$$0000000A  c_w.l(__rtentry2.o)
    0x08000274   0x08000274   0x00000000   Code   RO         6404    .ARM.Collect$$rtentry$$0000000C  c_w.l(__rtentry2.o)
    0x08000274   0x08000274   0x00000008   Code   RO         6405    .ARM.Collect$$rtentry$$0000000D  c_w.l(__rtentry2.o)
    0x0800027c   0x0800027c   0x00000002   Code   RO         6445    .ARM.Collect$$rtexit$$00000000  c_w.l(rtexit.o)
    0x0800027e   0x0800027e   0x00000000   Code   RO         6497    .ARM.Collect$$rtexit$$00000002  c_w.l(rtexit2.o)
    0x0800027e   0x0800027e   0x00000004   Code   RO         6498    .ARM.Collect$$rtexit$$00000003  c_w.l(rtexit2.o)
    0x08000282   0x08000282   0x00000006   Code   RO         6499    .ARM.Collect$$rtexit$$00000004  c_w.l(rtexit2.o)
    0x08000288   0x08000288   0x00000010   Code   RO         2026    .emb_text           sys.o
    0x08000298   0x08000298   0x00000040   Code   RO         2095    .text               startup_stm32f40_41xxx.o
    0x080002d8   0x080002d8   0x000000c8   Code   RO         4859    .text               os_cpu_a.o
    0x080003a0   0x080003a0   0x00000002   Code   RO         6258    .text               c_w.l(use_no_semi_2.o)
    0x080003a2   0x080003a2   0x00000048   Code   RO         6260    .text               c_w.l(llsdiv.o)
    0x080003ea   0x080003ea   0x00000002   PAD
    0x080003ec   0x080003ec   0x00000018   Code   RO         6264    .text               c_w.l(noretval__2printf.o)
    0x08000404   0x08000404   0x0000004e   Code   RO         6268    .text               c_w.l(_printf_pad.o)
    0x08000452   0x08000452   0x00000052   Code   RO         6270    .text               c_w.l(_printf_str.o)
    0x080004a4   0x080004a4   0x00000078   Code   RO         6272    .text               c_w.l(_printf_dec.o)
    0x0800051c   0x0800051c   0x00000058   Code   RO         6277    .text               c_w.l(_printf_hex_int.o)
    0x08000574   0x08000574   0x00000188   Code   RO         6312    .text               c_w.l(__printf_flags_ss_wp.o)
    0x080006fc   0x080006fc   0x00000048   Code   RO         6321    .text               c_w.l(strcpy.o)
    0x08000744   0x08000744   0x00000018   Code   RO         6325    .text               c_w.l(strcat.o)
    0x0800075c   0x0800075c   0x0000008a   Code   RO         6327    .text               c_w.l(rt_memcpy_v6.o)
    0x080007e6   0x080007e6   0x00000064   Code   RO         6329    .text               c_w.l(rt_memcpy_w.o)
    0x0800084a   0x0800084a   0x00000002   PAD
    0x0800084c   0x0800084c   0x00000080   Code   RO         6331    .text               c_w.l(strcmpv7m.o)
    0x080008cc   0x080008cc   0x00000006   Code   RO         6333    .text               c_w.l(heapauxi.o)
    0x080008d2   0x080008d2   0x00000002   Code   RO         6373    .text               c_w.l(use_no_semi.o)
    0x080008d4   0x080008d4   0x000000ee   Code   RO         6376    .text               c_w.l(lludivv7m.o)
    0x080009c2   0x080009c2   0x00000016   Code   RO         6378    .text               c_w.l(_rserrno.o)
    0x080009d8   0x080009d8   0x000000b2   Code   RO         6380    .text               c_w.l(_printf_intcommon.o)
    0x08000a8a   0x08000a8a   0x0000002c   Code   RO         6382    .text               c_w.l(_printf_char.o)
    0x08000ab6   0x08000ab6   0x00000002   PAD
    0x08000ab8   0x08000ab8   0x00000024   Code   RO         6384    .text               c_w.l(_printf_char_file.o)
    0x08000adc   0x08000adc   0x00000008   Code   RO         6420    .text               c_w.l(rt_errno_addr_intlibspace.o)
    0x08000ae4   0x08000ae4   0x00000030   Code   RO         6422    .text               c_w.l(_printf_char_common.o)
    0x08000b14   0x08000b14   0x00000008   Code   RO         6424    .text               c_w.l(ferror.o)
    0x08000b1c   0x08000b1c   0x00000008   Code   RO         6428    .text               c_w.l(libspace.o)
    0x08000b24   0x08000b24   0x0000004a   Code   RO         6431    .text               c_w.l(sys_stackheap_outer.o)
    0x08000b6e   0x08000b6e   0x00000012   Code   RO         6437    .text               c_w.l(exit.o)
    0x08000b80   0x08000b80   0x0000004c   Code   RO          629    i.AIPositionCheak   game.o
    0x08000bcc   0x08000bcc   0x00000004   Code   RO         1113    i.AT24CXX_Init      24cxx.o
    0x08000bd0   0x08000bd0   0x0000002a   Code   RO         1115    i.AT24CXX_ReadLenByte  24cxx.o
    0x08000bfa   0x08000bfa   0x00000042   Code   RO         1116    i.AT24CXX_ReadOneByte  24cxx.o
    0x08000c3c   0x08000c3c   0x0000002a   Code   RO         1118    i.AT24CXX_WriteLenByte  24cxx.o
    0x08000c66   0x08000c66   0x0000003e   Code   RO         1119    i.AT24CXX_WriteOneByte  24cxx.o
    0x08000ca4   0x08000ca4   0x00000260   Code   RO          630    i.BuildAIBullet     game.o
    0x08000f04   0x08000f04   0x000000a8   Code   RO          631    i.BuildAITank       game.o
    0x08000fac   0x08000fac   0x00000088   Code   RO          632    i.BuildBullet       game.o
    0x08001034   0x08001034   0x000000b0   Code   RO          633    i.BuildMyTank       game.o
    0x080010e4   0x080010e4   0x0000004c   Code   RO          634    i.BuildmyBullet     game.o
    0x08001130   0x08001130   0x00000024   Code   RO          635    i.BulletCheak       game.o
    0x08001154   0x08001154   0x00000110   Code   RO          636    i.BulletFly         game.o
    0x08001264   0x08001264   0x00000220   Code   RO          637    i.BulletHit         game.o
    0x08001484   0x08001484   0x00000002   Code   RO          356    i.BusFault_Handler  stm32f4xx_it.o
    0x08001486   0x08001486   0x00000002   PAD
    0x08001488   0x08001488   0x0000004c   Code   RO         1178    i.CT_IIC_Ack        ctiic.o
    0x080014d4   0x080014d4   0x00000040   Code   RO         1179    i.CT_IIC_Init       ctiic.o
    0x08001514   0x08001514   0x0000004c   Code   RO         1180    i.CT_IIC_NAck       ctiic.o
    0x08001560   0x08001560   0x00000070   Code   RO         1181    i.CT_IIC_Read_Byte  ctiic.o
    0x080015d0   0x080015d0   0x00000068   Code   RO         1182    i.CT_IIC_Send_Byte  ctiic.o
    0x08001638   0x08001638   0x0000004c   Code   RO         1183    i.CT_IIC_Start      ctiic.o
    0x08001684   0x08001684   0x00000044   Code   RO         1184    i.CT_IIC_Stop       ctiic.o
    0x080016c8   0x080016c8   0x00000054   Code   RO         1185    i.CT_IIC_Wait_Ack   ctiic.o
    0x0800171c   0x0800171c   0x00000032   Code   RO          638    i.ClearBullet       game.o
    0x0800174e   0x0800174e   0x00000002   PAD
    0x08001750   0x08001750   0x00000054   Code   RO          639    i.ClearTank         game.o
    0x080017a4   0x080017a4   0x0000002a   Code   RO         1486    i.CmdError          sdio_sdcard.o
    0x080017ce   0x080017ce   0x00000002   PAD
    0x080017d0   0x080017d0   0x00000058   Code   RO         1487    i.CmdResp1Error     sdio_sdcard.o
    0x08001828   0x08001828   0x00000048   Code   RO         1488    i.CmdResp2Error     sdio_sdcard.o
    0x08001870   0x08001870   0x00000030   Code   RO         1489    i.CmdResp3Error     sdio_sdcard.o
    0x080018a0   0x080018a0   0x0000007c   Code   RO         1490    i.CmdResp6Error     sdio_sdcard.o
    0x0800191c   0x0800191c   0x0000003c   Code   RO         1491    i.CmdResp7Error     sdio_sdcard.o
    0x08001958   0x08001958   0x00000014   Code   RO         2954    i.DMA_Cmd           stm32f4xx_dma.o
    0x0800196c   0x0800196c   0x00000124   Code   RO         2955    i.DMA_DeInit        stm32f4xx_dma.o
    0x08001a90   0x08001a90   0x00000014   Code   RO         2958    i.DMA_FlowControllerConfig  stm32f4xx_dma.o
    0x08001aa4   0x08001aa4   0x0000000e   Code   RO         2959    i.DMA_GetCmdStatus  stm32f4xx_dma.o
    0x08001ab2   0x08001ab2   0x00000002   PAD
    0x08001ab4   0x08001ab4   0x00000054   Code   RO         2966    i.DMA_Init          stm32f4xx_dma.o
    0x08001b08   0x08001b08   0x00000002   Code   RO          357    i.DebugMon_Handler  stm32f4xx_it.o
    0x08001b0a   0x08001b0a   0x00000002   PAD
    0x08001b0c   0x08001b0c   0x00000020   Code   RO         2254    i.FSMC_NORSRAMCmd   stm32f4xx_fsmc.o
    0x08001b2c   0x08001b2c   0x000000c8   Code   RO         2256    i.FSMC_NORSRAMInit  stm32f4xx_fsmc.o
    0x08001bf4   0x08001bf4   0x000000d4   Code   RO         1344    i.FT5206_Init       ft5206.o
    0x08001cc8   0x08001cc8   0x00000056   Code   RO         1345    i.FT5206_RD_Reg     ft5206.o
    0x08001d1e   0x08001d1e   0x00000002   PAD
    0x08001d20   0x08001d20   0x00000134   Code   RO         1346    i.FT5206_Scan       ft5206.o
    0x08001e54   0x08001e54   0x00000048   Code   RO         1347    i.FT5206_WR_Reg     ft5206.o
    0x08001e9c   0x08001e9c   0x00000144   Code   RO         1492    i.FindSCR           sdio_sdcard.o
    0x08001fe0   0x08001fe0   0x00000078   Code   RO         2146    i.GPIO_Init         stm32f4xx_gpio.o
    0x08002058   0x08002058   0x00000020   Code   RO         2147    i.GPIO_PinAFConfig  stm32f4xx_gpio.o
    0x08002078   0x08002078   0x0000000e   Code   RO         2150    i.GPIO_ReadInputDataBit  stm32f4xx_gpio.o
    0x08002086   0x08002086   0x00000004   Code   RO         2154    i.GPIO_SetBits      stm32f4xx_gpio.o
    0x0800208a   0x0800208a   0x00000002   PAD
    0x0800208c   0x0800208c   0x0000011c   Code   RO         1248    i.GT9147_Init       gt9147.o
    0x080021a8   0x080021a8   0x00000060   Code   RO         1249    i.GT9147_RD_Reg     gt9147.o
    0x08002208   0x08002208   0x0000017c   Code   RO         1250    i.GT9147_Scan       gt9147.o
    0x08002384   0x08002384   0x0000004c   Code   RO         1251    i.GT9147_Send_Cfg   gt9147.o
    0x080023d0   0x080023d0   0x00000052   Code   RO         1252    i.GT9147_WR_Reg     gt9147.o
    0x08002422   0x08002422   0x00000002   PAD
    0x08002424   0x08002424   0x0000003c   Code   RO          640    i.GameCheck         game.o
    0x08002460   0x08002460   0x0000008c   Code   RO         5004    i.Get_HzMat         text.o
    0x080024ec   0x080024ec   0x00000002   Code   RO          358    i.HardFault_Handler  stm32f4xx_it.o
    0x080024ee   0x080024ee   0x00000002   PAD
    0x080024f0   0x080024f0   0x00000040   Code   RO         1047    i.IIC_Ack           myiic.o
    0x08002530   0x08002530   0x00000044   Code   RO         1048    i.IIC_Init          myiic.o
    0x08002574   0x08002574   0x00000040   Code   RO         1049    i.IIC_NAck          myiic.o
    0x080025b4   0x080025b4   0x00000068   Code   RO         1050    i.IIC_Read_Byte     myiic.o
    0x0800261c   0x0800261c   0x00000060   Code   RO         1051    i.IIC_Send_Byte     myiic.o
    0x0800267c   0x0800267c   0x00000040   Code   RO         1052    i.IIC_Start         myiic.o
    0x080026bc   0x080026bc   0x00000044   Code   RO         1053    i.IIC_Stop          myiic.o
    0x08002700   0x08002700   0x00000054   Code   RO         1054    i.IIC_Wait_Ack      myiic.o
    0x08002754   0x08002754   0x00000074   Code   RO          641    i.Initialize        game.o
    0x080027c8   0x080027c8   0x00000094   Code   RO         1493    i.IsCardProgramming  sdio_sdcard.o
    0x0800285c   0x0800285c   0x0000003c   Code   RO         1020    i.KEY_Init          key.o
    0x08002898   0x08002898   0x00000118   Code   RO         1021    i.KEY_Scan          key.o
    0x080029b0   0x080029b0   0x00000012   Code   RO          818    i.LCD_BGR2RGB       lcd.o
    0x080029c2   0x080029c2   0x00000002   PAD
    0x080029c4   0x080029c4   0x0000006c   Code   RO          819    i.LCD_Clear         lcd.o
    0x08002a30   0x08002a30   0x00000056   Code   RO          820    i.LCD_Color_Fill    lcd.o
    0x08002a86   0x08002a86   0x00000002   PAD
    0x08002a88   0x08002a88   0x00000134   Code   RO          823    i.LCD_Display_Dir   lcd.o
    0x08002bbc   0x08002bbc   0x00000096   Code   RO          824    i.LCD_DrawLine      lcd.o
    0x08002c52   0x08002c52   0x00000002   PAD
    0x08002c54   0x08002c54   0x0000001c   Code   RO          825    i.LCD_DrawPoint     lcd.o
    0x08002c70   0x08002c70   0x000000b0   Code   RO          827    i.LCD_Draw_Circle   lcd.o
    0x08002d20   0x08002d20   0x00000110   Code   RO          828    i.LCD_Fast_DrawPoint  lcd.o
    0x08002e30   0x08002e30   0x0000008c   Code   RO          829    i.LCD_Fill          lcd.o
    0x08002ebc   0x08002ebc   0x00003724   Code   RO          830    i.LCD_Init          lcd.o
    0x080065e0   0x080065e0   0x00000010   Code   RO          831    i.LCD_Pow           lcd.o
    0x080065f0   0x080065f0   0x00000014   Code   RO          832    i.LCD_RD_DATA       lcd.o
    0x08006604   0x08006604   0x00000104   Code   RO          833    i.LCD_ReadPoint     lcd.o
    0x08006708   0x08006708   0x00000014   Code   RO          834    i.LCD_ReadReg       lcd.o
    0x0800671c   0x0800671c   0x00000050   Code   RO          835    i.LCD_SSD_BackLightSet  lcd.o
    0x0800676c   0x0800676c   0x00000204   Code   RO          836    i.LCD_Scan_Dir      lcd.o
    0x08006970   0x08006970   0x00000150   Code   RO          837    i.LCD_SetCursor     lcd.o
    0x08006ac0   0x08006ac0   0x000000cc   Code   RO          839    i.LCD_ShowChar      lcd.o
    0x08006b8c   0x08006b8c   0x00000076   Code   RO          840    i.LCD_ShowNum       lcd.o
    0x08006c02   0x08006c02   0x00000054   Code   RO          841    i.LCD_ShowString    lcd.o
    0x08006c56   0x08006c56   0x00000086   Code   RO          842    i.LCD_ShowxNum      lcd.o
    0x08006cdc   0x08006cdc   0x00000018   Code   RO          843    i.LCD_WR_DATA       lcd.o
    0x08006cf4   0x08006cf4   0x00000018   Code   RO          844    i.LCD_WR_REG        lcd.o
    0x08006d0c   0x08006d0c   0x00000014   Code   RO          846    i.LCD_WriteRAM_Prepare  lcd.o
    0x08006d20   0x08006d20   0x0000000c   Code   RO          847    i.LCD_WriteReg      lcd.o
    0x08006d2c   0x08006d2c   0x00000040   Code   RO          798    i.LED_Init          led.o
    0x08006d6c   0x08006d6c   0x00000002   Code   RO          359    i.MemManage_Handler  stm32f4xx_it.o
    0x08006d6e   0x08006d6e   0x00000132   Code   RO          642    i.MoveAITank        game.o
    0x08006ea0   0x08006ea0   0x0000007a   Code   RO          643    i.MoveMyTank        game.o
    0x08006f1a   0x08006f1a   0x00000002   Code   RO          360    i.NMI_Handler       stm32f4xx_it.o
    0x08006f1c   0x08006f1c   0x00000064   Code   RO         2101    i.NVIC_Init         misc.o
    0x08006f80   0x08006f80   0x00000014   Code   RO         2102    i.NVIC_PriorityGroupConfig  misc.o
    0x08006f94   0x08006f94   0x00000118   Code   RO         4169    i.OSInit            os_core.o
    0x080070ac   0x080070ac   0x00000002   Code   RO         4864    i.OSInitHookBegin   os_cpu_c.o
    0x080070ae   0x080070ae   0x00000002   Code   RO         4865    i.OSInitHookEnd     os_cpu_c.o
    0x080070b0   0x080070b0   0x00000018   Code   RO         4170    i.OSIntEnter        os_core.o
    0x080070c8   0x080070c8   0x0000005c   Code   RO         4171    i.OSIntExit         os_core.o
    0x08007124   0x08007124   0x0000002c   Code   RO         4172    i.OSSchedLock       os_core.o
    0x08007150   0x08007150   0x0000003c   Code   RO         4173    i.OSSchedUnlock     os_core.o
    0x0800718c   0x0800718c   0x00000030   Code   RO         4174    i.OSStart           os_core.o
    0x080071bc   0x080071bc   0x00000034   Code   RO         4175    i.OSStatInit        os_core.o
    0x080071f0   0x080071f0   0x00000002   Code   RO         4866    i.OSTCBInitHook     os_cpu_c.o
    0x080071f2   0x080071f2   0x00000002   PAD
    0x080071f4   0x080071f4   0x00000088   Code   RO         4700    i.OSTaskCreate      os_task.o
    0x0800727c   0x0800727c   0x0000009c   Code   RO         4701    i.OSTaskCreateExt   os_task.o
    0x08007318   0x08007318   0x00000002   Code   RO         4867    i.OSTaskCreateHook  os_cpu_c.o
    0x0800731a   0x0800731a   0x00000002   PAD
    0x0800731c   0x0800731c   0x00000134   Code   RO         4702    i.OSTaskDel         os_task.o
    0x08007450   0x08007450   0x00000002   Code   RO         4868    i.OSTaskDelHook     os_cpu_c.o
    0x08007452   0x08007452   0x00000002   Code   RO         4869    i.OSTaskIdleHook    os_cpu_c.o
    0x08007454   0x08007454   0x00000054   Code   RO         4705    i.OSTaskNameSet     os_task.o
    0x080074a8   0x080074a8   0x00000002   Code   RO         4870    i.OSTaskReturnHook  os_cpu_c.o
    0x080074aa   0x080074aa   0x00000002   Code   RO         4871    i.OSTaskStatHook    os_cpu_c.o
    0x080074ac   0x080074ac   0x0000006c   Code   RO         4710    i.OSTaskStkChk      os_task.o
    0x08007518   0x08007518   0x00000140   Code   RO         4872    i.OSTaskStkInit     os_cpu_c.o
    0x08007658   0x08007658   0x00000090   Code   RO         4711    i.OSTaskSuspend     os_task.o
    0x080076e8   0x080076e8   0x00000002   Code   RO         4873    i.OSTaskSwHook      os_cpu_c.o
    0x080076ea   0x080076ea   0x00000002   PAD
    0x080076ec   0x080076ec   0x00000068   Code   RO         4803    i.OSTimeDly         os_time.o
    0x08007754   0x08007754   0x000000a0   Code   RO         4176    i.OSTimeTick        os_core.o
    0x080077f4   0x080077f4   0x00000002   Code   RO         4874    i.OSTimeTickHook    os_cpu_c.o
    0x080077f6   0x080077f6   0x00000002   Code   RO         4178    i.OS_Dummy          os_core.o
    0x080077f8   0x080077f8   0x00000020   Code   RO         4180    i.OS_EventTaskRemove  os_core.o
    0x08007818   0x08007818   0x00000048   Code   RO         4346    i.OS_FlagInit       os_flag.o
    0x08007860   0x08007860   0x00000020   Code   RO         4348    i.OS_FlagUnlink     os_flag.o
    0x08007880   0x08007880   0x00000070   Code   RO         4183    i.OS_InitTCBList    os_core.o
    0x080078f0   0x080078f0   0x00000012   Code   RO         4184    i.OS_MemClr         os_core.o
    0x08007902   0x08007902   0x00000002   PAD
    0x08007904   0x08007904   0x00000044   Code   RO         4567    i.OS_QInit          os_q.o
    0x08007948   0x08007948   0x00000048   Code   RO         4186    i.OS_Sched          os_core.o
    0x08007990   0x08007990   0x00000020   Code   RO         4187    i.OS_SchedNew       os_core.o
    0x080079b0   0x080079b0   0x000000e8   Code   RO         4189    i.OS_TCBInit        os_core.o
    0x08007a98   0x08007a98   0x0000001c   Code   RO         4190    i.OS_TaskIdle       os_core.o
    0x08007ab4   0x08007ab4   0x00000018   Code   RO         4712    i.OS_TaskReturn     os_task.o
    0x08007acc   0x08007acc   0x00000058   Code   RO         4191    i.OS_TaskStat       os_core.o
    0x08007b24   0x08007b24   0x00000038   Code   RO         4192    i.OS_TaskStatStkChk  os_core.o
    0x08007b5c   0x08007b5c   0x00000016   Code   RO         4713    i.OS_TaskStkClr     os_task.o
    0x08007b72   0x08007b72   0x00000002   PAD
    0x08007b74   0x08007b74   0x000000a0   Code   RO         1296    i.OTT2001A_Init     ott2001a.o
    0x08007c14   0x08007c14   0x00000060   Code   RO         1297    i.OTT2001A_RD_Reg   ott2001a.o
    0x08007c74   0x08007c74   0x00000174   Code   RO         1298    i.OTT2001A_Scan     ott2001a.o
    0x08007de8   0x08007de8   0x0000001e   Code   RO         1299    i.OTT2001A_SensorControl  ott2001a.o
    0x08007e06   0x08007e06   0x00000052   Code   RO         1300    i.OTT2001A_WR_Reg   ott2001a.o
    0x08007e58   0x08007e58   0x00000020   Code   RO         3989    i.PWR_EnterSTANDBYMode  stm32f4xx_pwr.o
    0x08007e78   0x08007e78   0x00000028   Code   RO          644    i.PrintBullet       game.o
    0x08007ea0   0x08007ea0   0x00000cf4   Code   RO          645    i.PrintTank         game.o
    0x08008b94   0x08008b94   0x00000018   Code   RO         2374    i.RCC_AHB1PeriphClockCmd  stm32f4xx_rcc.o
    0x08008bac   0x08008bac   0x00000018   Code   RO         2377    i.RCC_AHB2PeriphClockCmd  stm32f4xx_rcc.o
    0x08008bc4   0x08008bc4   0x00000018   Code   RO         2380    i.RCC_AHB3PeriphClockCmd  stm32f4xx_rcc.o
    0x08008bdc   0x08008bdc   0x00000018   Code   RO         2383    i.RCC_APB1PeriphClockCmd  stm32f4xx_rcc.o
    0x08008bf4   0x08008bf4   0x00000018   Code   RO         2386    i.RCC_APB2PeriphClockCmd  stm32f4xx_rcc.o
    0x08008c0c   0x08008c0c   0x00000018   Code   RO         2388    i.RCC_APB2PeriphResetCmd  stm32f4xx_rcc.o
    0x08008c24   0x08008c24   0x00000090   Code   RO         2395    i.RCC_GetClocksFreq  stm32f4xx_rcc.o
    0x08008cb4   0x08008cb4   0x0000001c   Code   RO         4109    i.RNG_Cmd           stm32f4xx_rng.o
    0x08008cd0   0x08008cd0   0x00000014   Code   RO         4111    i.RNG_GetFlagStatus  stm32f4xx_rng.o
    0x08008ce4   0x08008ce4   0x0000000c   Code   RO         4113    i.RNG_GetRandomNumber  stm32f4xx_rng.o
    0x08008cf0   0x08008cf0   0x00000014   Code   RO         1938    i.RNG_Get_RandomNum  rng.o
    0x08008d04   0x08008d04   0x0000003a   Code   RO         1940    i.RNG_Init          rng.o
    0x08008d3e   0x08008d3e   0x00000002   PAD
    0x08008d40   0x08008d40   0x000000d8   Code   RO         1882    i.Remote_Init       remote.o
    0x08008e18   0x08008e18   0x00000078   Code   RO         1883    i.Remote_Scan       remote.o
    0x08008e90   0x08008e90   0x0000000c   Code   RO         1884    i.Remote_Start      remote.o
    0x08008e9c   0x08008e9c   0x0000000c   Code   RO         1885    i.Remote_Stop       remote.o
    0x08008ea8   0x08008ea8   0x0000008c   Code   RO         1494    i.SDEnWideBus       sdio_sdcard.o
    0x08008f34   0x08008f34   0x0000000c   Code   RO         3081    i.SDIO_ClearFlag    stm32f4xx_sdio.o
    0x08008f40   0x08008f40   0x00000014   Code   RO         1495    i.SDIO_Clock_Set    sdio_sdcard.o
    0x08008f54   0x08008f54   0x00000030   Code   RO         3087    i.SDIO_DataConfig   stm32f4xx_sdio.o
    0x08008f84   0x08008f84   0x00000014   Code   RO         3093    i.SDIO_GetFlagStatus  stm32f4xx_sdio.o
    0x08008f98   0x08008f98   0x00000010   Code   RO         3095    i.SDIO_GetPowerState  stm32f4xx_sdio.o
    0x08008fa8   0x08008fa8   0x00000004   Code   RO         1496    i.SDIO_IRQHandler   sdio_sdcard.o
    0x08008fac   0x08008fac   0x0000002c   Code   RO         3098    i.SDIO_Init         stm32f4xx_sdio.o
    0x08008fd8   0x08008fd8   0x00000038   Code   RO         1497    i.SDIO_Register_Deinit  sdio_sdcard.o
    0x08009010   0x08009010   0x00000028   Code   RO         3101    i.SDIO_SendCommand  stm32f4xx_sdio.o
    0x08009038   0x08009038   0x0000000c   Code   RO         3103    i.SDIO_SetPowerState  stm32f4xx_sdio.o
    0x08009044   0x08009044   0x00000078   Code   RO         1498    i.SD_DMA_Config     sdio_sdcard.o
    0x080090bc   0x080090bc   0x0000004c   Code   RO         1499    i.SD_EnableWideBusOperation  sdio_sdcard.o
    0x08009108   0x08009108   0x00000218   Code   RO         1500    i.SD_GetCardInfo    sdio_sdcard.o
    0x08009320   0x08009320   0x0000011c   Code   RO         1502    i.SD_Init           sdio_sdcard.o
    0x0800943c   0x0800943c   0x0000011c   Code   RO         1503    i.SD_InitializeCards  sdio_sdcard.o
    0x08009558   0x08009558   0x000001a4   Code   RO         1505    i.SD_PowerON        sdio_sdcard.o
    0x080096fc   0x080096fc   0x000000f0   Code   RO         1506    i.SD_ProcessIRQSrc  sdio_sdcard.o
    0x080097ec   0x080097ec   0x00000208   Code   RO         1507    i.SD_ReadBlock      sdio_sdcard.o
    0x080099f4   0x080099f4   0x00000078   Code   RO         1508    i.SD_ReadDisk       sdio_sdcard.o
    0x08009a6c   0x08009a6c   0x00000270   Code   RO         1509    i.SD_ReadMultiBlocks  sdio_sdcard.o
    0x08009cdc   0x08009cdc   0x0000002c   Code   RO         1510    i.SD_SelectDeselect  sdio_sdcard.o
    0x08009d08   0x08009d08   0x00000018   Code   RO         1512    i.SD_SetDeviceMode  sdio_sdcard.o
    0x08009d20   0x08009d20   0x000002dc   Code   RO         1513    i.SD_WriteBlock     sdio_sdcard.o
    0x08009ffc   0x08009ffc   0x00000070   Code   RO         1514    i.SD_WriteDisk      sdio_sdcard.o
    0x0800a06c   0x0800a06c   0x00000300   Code   RO         1515    i.SD_WriteMultiBlocks  sdio_sdcard.o
    0x0800a36c   0x0800a36c   0x000000c4   Code   RO         1696    i.SPI1_Init         spi.o
    0x0800a430   0x0800a430   0x00000034   Code   RO         1697    i.SPI1_ReadWriteByte  spi.o
    0x0800a464   0x0800a464   0x0000001c   Code   RO         1698    i.SPI1_SetSpeed     spi.o
    0x0800a480   0x0800a480   0x00000014   Code   RO         3280    i.SPI_Cmd           stm32f4xx_spi.o
    0x0800a494   0x0800a494   0x0000000e   Code   RO         3288    i.SPI_I2S_GetFlagStatus  stm32f4xx_spi.o
    0x0800a4a2   0x0800a4a2   0x00000004   Code   RO         3291    i.SPI_I2S_ReceiveData  stm32f4xx_spi.o
    0x0800a4a6   0x0800a4a6   0x00000004   Code   RO         3292    i.SPI_I2S_SendData  stm32f4xx_spi.o
    0x0800a4aa   0x0800a4aa   0x00000038   Code   RO         3293    i.SPI_Init          stm32f4xx_spi.o
    0x0800a4e2   0x0800a4e2   0x00000002   Code   RO          361    i.SVC_Handler       stm32f4xx_it.o
    0x0800a4e4   0x0800a4e4   0x000000b4   Code   RO          441    i.SetSysClock       system_stm32f4xx.o
    0x0800a598   0x0800a598   0x000000a4   Code   RO         5005    i.Show_Font         text.o
    0x0800a63c   0x0800a63c   0x000000ae   Code   RO         5006    i.Show_Str          text.o
    0x0800a6ea   0x0800a6ea   0x00000018   Code   RO         2105    i.SysTick_CLKSourceConfig  misc.o
    0x0800a702   0x0800a702   0x00000002   PAD
    0x0800a704   0x0800a704   0x00000020   Code   RO         1970    i.SysTick_Handler   delay.o
    0x0800a724   0x0800a724   0x0000005c   Code   RO          443    i.SystemInit        system_stm32f4xx.o
    0x0800a780   0x0800a780   0x0000002e   Code   RO         3438    i.TI1_Config        stm32f4xx_tim.o
    0x0800a7ae   0x0800a7ae   0x00000036   Code   RO         3439    i.TI2_Config        stm32f4xx_tim.o
    0x0800a7e4   0x0800a7e4   0x000000c4   Code   RO         1886    i.TIM1_CC_IRQHandler  remote.o
    0x0800a8a8   0x0800a8a8   0x00000050   Code   RO         1887    i.TIM1_UP_TIM10_IRQHandler  remote.o
    0x0800a8f8   0x0800a8f8   0x0000003c   Code   RO         6077    i.TIM4_IRQHandler   usmart.o
    0x0800a934   0x0800a934   0x00000006   Code   RO         3446    i.TIM_ClearFlag     stm32f4xx_tim.o
    0x0800a93a   0x0800a93a   0x00000006   Code   RO         3447    i.TIM_ClearITPendingBit  stm32f4xx_tim.o
    0x0800a940   0x0800a940   0x00000014   Code   RO         3452    i.TIM_Cmd           stm32f4xx_tim.o
    0x0800a954   0x0800a954   0x00000004   Code   RO         3467    i.TIM_GetCapture1   stm32f4xx_tim.o
    0x0800a958   0x0800a958   0x00000004   Code   RO         3471    i.TIM_GetCounter    stm32f4xx_tim.o
    0x0800a95c   0x0800a95c   0x0000000e   Code   RO         3472    i.TIM_GetFlagStatus  stm32f4xx_tim.o
    0x0800a96a   0x0800a96a   0x00000018   Code   RO         3473    i.TIM_GetITStatus   stm32f4xx_tim.o
    0x0800a982   0x0800a982   0x000000ac   Code   RO         3475    i.TIM_ICInit        stm32f4xx_tim.o
    0x0800aa2e   0x0800aa2e   0x00000010   Code   RO         3477    i.TIM_ITConfig      stm32f4xx_tim.o
    0x0800aa3e   0x0800aa3e   0x0000000c   Code   RO         3483    i.TIM_OC1PolarityConfig  stm32f4xx_tim.o
    0x0800aa4a   0x0800aa4a   0x00000004   Code   RO         3512    i.TIM_SetAutoreload  stm32f4xx_tim.o
    0x0800aa4e   0x0800aa4e   0x00000004   Code   RO         3518    i.TIM_SetCounter    stm32f4xx_tim.o
    0x0800aa52   0x0800aa52   0x00000010   Code   RO         3519    i.TIM_SetIC1Prescaler  stm32f4xx_tim.o
    0x0800aa62   0x0800aa62   0x00000018   Code   RO         3520    i.TIM_SetIC2Prescaler  stm32f4xx_tim.o
    0x0800aa7a   0x0800aa7a   0x00000010   Code   RO         3521    i.TIM_SetIC3Prescaler  stm32f4xx_tim.o
    0x0800aa8a   0x0800aa8a   0x00000018   Code   RO         3522    i.TIM_SetIC4Prescaler  stm32f4xx_tim.o
    0x0800aaa2   0x0800aaa2   0x00000002   PAD
    0x0800aaa4   0x0800aaa4   0x0000007c   Code   RO         3524    i.TIM_TimeBaseInit  stm32f4xx_tim.o
    0x0800ab20   0x0800ab20   0x00000178   Code   RO         1386    i.TP_Adj_Info_Show  touch.o
    0x0800ac98   0x0800ac98   0x00000568   Code   RO         1387    i.TP_Adjust         touch.o
    0x0800b200   0x0800b200   0x00000070   Code   RO         1389    i.TP_Drow_Touch_Point  touch.o
    0x0800b270   0x0800b270   0x0000008c   Code   RO         1390    i.TP_Get_Adjdata    touch.o
    0x0800b2fc   0x0800b2fc   0x00000108   Code   RO         1391    i.TP_Init           touch.o
    0x0800b404   0x0800b404   0x0000008c   Code   RO         1392    i.TP_Read_AD        touch.o
    0x0800b490   0x0800b490   0x00000060   Code   RO         1393    i.TP_Read_XOY       touch.o
    0x0800b4f0   0x0800b4f0   0x00000028   Code   RO         1394    i.TP_Read_XY        touch.o
    0x0800b518   0x0800b518   0x0000007c   Code   RO         1395    i.TP_Read_XY2       touch.o
    0x0800b594   0x0800b594   0x00000078   Code   RO         1396    i.TP_Save_Adjdata   touch.o
    0x0800b60c   0x0800b60c   0x000000c0   Code   RO         1397    i.TP_Scan           touch.o
    0x0800b6cc   0x0800b6cc   0x00000048   Code   RO         1398    i.TP_Write_Byte     touch.o
    0x0800b714   0x0800b714   0x0000009c   Code   RO          646    i.TankCheak         game.o
    0x0800b7b0   0x0800b7b0   0x0000005c   Code   RO         6078    i.Timer4_Init       usmart.o
    0x0800b80c   0x0800b80c   0x0000006c   Code   RO         2044    i.USART1_IRQHandler  usart.o
    0x0800b878   0x0800b878   0x00000014   Code   RO         2768    i.USART_Cmd         stm32f4xx_usart.o
    0x0800b88c   0x0800b88c   0x0000003e   Code   RO         2772    i.USART_GetITStatus  stm32f4xx_usart.o
    0x0800b8ca   0x0800b8ca   0x00000030   Code   RO         2774    i.USART_ITConfig    stm32f4xx_usart.o
    0x0800b8fa   0x0800b8fa   0x00000002   PAD
    0x0800b8fc   0x0800b8fc   0x000000ac   Code   RO         2775    i.USART_Init        stm32f4xx_usart.o
    0x0800b9a8   0x0800b9a8   0x00000008   Code   RO         2782    i.USART_ReceiveData  stm32f4xx_usart.o
    0x0800b9b0   0x0800b9b0   0x00000002   Code   RO          362    i.UsageFault_Handler  stm32f4xx_it.o
    0x0800b9b2   0x0800b9b2   0x00000002   PAD
    0x0800b9b4   0x0800b9b4   0x0000002c   Code   RO         1774    i.W25QXX_Erase_Chip  w25qxx.o
    0x0800b9e0   0x0800b9e0   0x00000058   Code   RO         1775    i.W25QXX_Erase_Sector  w25qxx.o
    0x0800ba38   0x0800ba38   0x00000078   Code   RO         1776    i.W25QXX_Init       w25qxx.o
    0x0800bab0   0x0800bab0   0x00000050   Code   RO         1778    i.W25QXX_Read       w25qxx.o
    0x0800bb00   0x0800bb00   0x00000044   Code   RO         1779    i.W25QXX_ReadID     w25qxx.o
    0x0800bb44   0x0800bb44   0x00000024   Code   RO         1780    i.W25QXX_ReadSR     w25qxx.o
    0x0800bb68   0x0800bb68   0x0000000c   Code   RO         1782    i.W25QXX_Wait_Busy  w25qxx.o
    0x0800bb74   0x0800bb74   0x0000009c   Code   RO         1783    i.W25QXX_Write      w25qxx.o
    0x0800bc10   0x0800bc10   0x00000020   Code   RO         1785    i.W25QXX_Write_Enable  w25qxx.o
    0x0800bc30   0x0800bc30   0x0000003e   Code   RO         1786    i.W25QXX_Write_NoCheck  w25qxx.o
    0x0800bc6e   0x0800bc6e   0x00000002   PAD
    0x0800bc70   0x0800bc70   0x00000058   Code   RO         1787    i.W25QXX_Write_Page  w25qxx.o
    0x0800bcc8   0x0800bcc8   0x0000007a   Code   RO         6361    i.__hardfp_sqrt     m_wm.l(sqrt.o)
    0x0800bd42   0x0800bd42   0x0000000e   Code   RO         6305    i._is_digit         c_w.l(__printf_wp.o)
    0x0800bd50   0x0800bd50   0x00000002   Code   RO         2045    i._sys_exit         usart.o
    0x0800bd52   0x0800bd52   0x00000002   PAD
    0x0800bd54   0x0800bd54   0x000000ac   Code   RO         5193    i.ai_draw_init      piclib.o
    0x0800be00   0x0800be00   0x00000088   Code   RO         5194    i.ai_load_picfile   piclib.o
    0x0800be88   0x0800be88   0x0000001c   Code   RO         5267    i.alloc_pool        tjpgd.o
    0x0800bea4   0x0800bea4   0x0000007a   Code   RO         5268    i.bitext            tjpgd.o
    0x0800bf1e   0x0800bf1e   0x00000002   PAD
    0x0800bf20   0x0800bf20   0x000001e4   Code   RO         5269    i.block_idct        tjpgd.o
    0x0800c104   0x0800c104   0x0000000e   Code   RO         5452    i.char_upper        exfuns.o
    0x0800c112   0x0800c112   0x00000002   PAD
    0x0800c114   0x0800c114   0x0000005c   Code   RO         5675    i.check_fs          ff.o
    0x0800c170   0x0800c170   0x00000010   Code   RO         5676    i.chk_chr           ff.o
    0x0800c180   0x0800c180   0x00000024   Code   RO         5677    i.clmt_clust        ff.o
    0x0800c1a4   0x0800c1a4   0x00000018   Code   RO         5678    i.clust2sect        ff.o
    0x0800c1bc   0x0800c1bc   0x00000012   Code   RO         1516    i.convert_from_bytes_to_power_of_two  sdio_sdcard.o
    0x0800c1ce   0x0800c1ce   0x0000009e   Code   RO         5679    i.create_chain      ff.o
    0x0800c26c   0x0800c26c   0x000000ca   Code   RO         5270    i.create_huffman_tbl  tjpgd.o
    0x0800c336   0x0800c336   0x00000002   PAD
    0x0800c338   0x0800c338   0x00000218   Code   RO         5680    i.create_name       ff.o
    0x0800c550   0x0800c550   0x0000003c   Code   RO         1971    i.delay_init        delay.o
    0x0800c58c   0x0800c58c   0x00000044   Code   RO         1972    i.delay_ms          delay.o
    0x0800c5d0   0x0800c5d0   0x00000044   Code   RO         1976    i.delay_us          delay.o
    0x0800c614   0x0800c614   0x000002cc   Code   RO          587    i.delet             select_stage.o
    0x0800c8e0   0x0800c8e0   0x00000042   Code   RO         5681    i.dir_alloc         ff.o
    0x0800c922   0x0800c922   0x00000002   PAD
    0x0800c924   0x0800c924   0x00000128   Code   RO         5682    i.dir_find          ff.o
    0x0800ca4c   0x0800ca4c   0x000000e6   Code   RO         5683    i.dir_next          ff.o
    0x0800cb32   0x0800cb32   0x00000002   PAD
    0x0800cb34   0x0800cb34   0x000000fc   Code   RO         5684    i.dir_read          ff.o
    0x0800cc30   0x0800cc30   0x00000164   Code   RO         5685    i.dir_register      ff.o
    0x0800cd94   0x0800cd94   0x00000062   Code   RO         5686    i.dir_remove        ff.o
    0x0800cdf6   0x0800cdf6   0x0000007c   Code   RO         5687    i.dir_sdi           ff.o
    0x0800ce72   0x0800ce72   0x00000002   PAD
    0x0800ce74   0x0800ce74   0x00000028   Code   RO         5384    i.disk_initialize   diskio.o
    0x0800ce9c   0x0800ce9c   0x00000074   Code   RO         5385    i.disk_ioctl        diskio.o
    0x0800cf10   0x0800cf10   0x00000048   Code   RO         5386    i.disk_read         diskio.o
    0x0800cf58   0x0800cf58   0x00000004   Code   RO         5387    i.disk_status       diskio.o
    0x0800cf5c   0x0800cf5c   0x00000048   Code   RO         5388    i.disk_write        diskio.o
    0x0800cfa4   0x0800cfa4   0x00000570   Code   RO          534    i.edit              edit_map.o
    0x0800d514   0x0800d514   0x00000180   Code   RO          535    i.edit_load_ui      edit_map.o
    0x0800d694   0x0800d694   0x00000058   Code   RO         5454    i.exfuns_init       exfuns.o
    0x0800d6ec   0x0800d6ec   0x0000001c   Code   RO         5689    i.f_close           ff.o
    0x0800d708   0x0800d708   0x00000012   Code   RO         5690    i.f_closedir        ff.o
    0x0800d71a   0x0800d71a   0x000000c0   Code   RO         5691    i.f_getfree         ff.o
    0x0800d7da   0x0800d7da   0x0000008e   Code   RO         5692    i.f_getlabel        ff.o
    0x0800d868   0x0800d868   0x00000044   Code   RO         5693    i.f_gets            ff.o
    0x0800d8ac   0x0800d8ac   0x00000200   Code   RO         5694    i.f_lseek           ff.o
    0x0800daac   0x0800daac   0x00000180   Code   RO         5695    i.f_mkdir           ff.o
    0x0800dc2c   0x0800dc2c   0x0000052e   Code   RO         5696    i.f_mkfs            ff.o
    0x0800e15a   0x0800e15a   0x00000002   PAD
    0x0800e15c   0x0800e15c   0x0000004c   Code   RO         5697    i.f_mount           ff.o
    0x0800e1a8   0x0800e1a8   0x00000158   Code   RO         5698    i.f_open            ff.o
    0x0800e300   0x0800e300   0x00000080   Code   RO         5699    i.f_opendir         ff.o
    0x0800e380   0x0800e380   0x0000003c   Code   RO         5701    i.f_putc            ff.o
    0x0800e3bc   0x0800e3bc   0x00000046   Code   RO         5702    i.f_puts            ff.o
    0x0800e402   0x0800e402   0x00000148   Code   RO         5703    i.f_read            ff.o
    0x0800e54a   0x0800e54a   0x00000074   Code   RO         5704    i.f_readdir         ff.o
    0x0800e5be   0x0800e5be   0x00000124   Code   RO         5705    i.f_rename          ff.o
    0x0800e6e2   0x0800e6e2   0x00000002   PAD
    0x0800e6e4   0x0800e6e4   0x0000016c   Code   RO         5706    i.f_setlabel        ff.o
    0x0800e850   0x0800e850   0x00000098   Code   RO         5708    i.f_sync            ff.o
    0x0800e8e8   0x0800e8e8   0x00000090   Code   RO         5455    i.f_typetell        exfuns.o
    0x0800e978   0x0800e978   0x000000be   Code   RO         5710    i.f_unlink          ff.o
    0x0800ea36   0x0800ea36   0x00000182   Code   RO         5712    i.f_write           ff.o
    0x0800ebb8   0x0800ebb8   0x00000070   Code   RO         5650    i.ff_convert        mycc936.o
    0x0800ec28   0x0800ec28   0x00000008   Code   RO         5389    i.ff_memalloc       diskio.o
    0x0800ec30   0x0800ec30   0x00000008   Code   RO         5390    i.ff_memfree        diskio.o
    0x0800ec38   0x0800ec38   0x00000024   Code   RO         5651    i.ff_wtoupper       mycc936.o
    0x0800ec5c   0x0800ec5c   0x00000238   Code   RO         5713    i.find_volume       ff.o
    0x0800ee94   0x0800ee94   0x00000066   Code   RO         5714    i.follow_path       ff.o
    0x0800eefa   0x0800eefa   0x00000002   PAD
    0x0800eefc   0x0800eefc   0x00000040   Code   RO         4954    i.font_init         fontupd.o
    0x0800ef3c   0x0800ef3c   0x00000014   Code   RO         2046    i.fputc             usart.o
    0x0800ef50   0x0800ef50   0x00000084   Code   RO         4955    i.fupd_prog         fontupd.o
    0x0800efd4   0x0800efd4   0x000004fc   Code   RO          647    i.game              game.o
    0x0800f4d0   0x0800f4d0   0x00000710   Code   RO          648    i.game_end          game.o
    0x0800fbe0   0x0800fbe0   0x0000008c   Code   RO         5715    i.gen_numname       ff.o
    0x0800fc6c   0x0800fc6c   0x000000b6   Code   RO         5716    i.get_fat           ff.o
    0x0800fd22   0x0800fd22   0x00000004   Code   RO         5391    i.get_fattime       diskio.o
    0x0800fd26   0x0800fd26   0x000000c2   Code   RO         5717    i.get_fileinfo      ff.o
    0x0800fde8   0x0800fde8   0x0000003c   Code   RO         5718    i.get_ldnumber      ff.o
    0x0800fe24   0x0800fe24   0x0000004e   Code   RO         5078    i.gif_check_head    gif.o
    0x0800fe72   0x0800fe72   0x00000002   PAD
    0x0800fe74   0x0800fe74   0x0000014c   Code   RO         5079    i.gif_clear2bkcolor  gif.o
    0x0800ffc0   0x0800ffc0   0x00000108   Code   RO         5080    i.gif_decode        gif.o
    0x080100c8   0x080100c8   0x000001a4   Code   RO         5081    i.gif_dispimage     gif.o
    0x0801026c   0x0801026c   0x0000011c   Code   RO         5082    i.gif_drawimage     gif.o
    0x08010388   0x08010388   0x0000003a   Code   RO         5083    i.gif_getdatablock  gif.o
    0x080103c2   0x080103c2   0x00000036   Code   RO         5084    i.gif_getinfo       gif.o
    0x080103f8   0x080103f8   0x0000023c   Code   RO         5085    i.gif_getnextbyte   gif.o
    0x08010634   0x08010634   0x00000124   Code   RO         5086    i.gif_getnextcode   gif.o
    0x08010758   0x08010758   0x00000018   Code   RO         5087    i.gif_getrgb565     gif.o
    0x08010770   0x08010770   0x0000008a   Code   RO         5088    i.gif_initlzw       gif.o
    0x080107fa   0x080107fa   0x0000003a   Code   RO         5090    i.gif_readcolortbl  gif.o
    0x08010834   0x08010834   0x00000082   Code   RO         5091    i.gif_readextension  gif.o
    0x080108b6   0x080108b6   0x00000016   Code   RO         5092    i.gif_recovergctbl  gif.o
    0x080108cc   0x080108cc   0x00000016   Code   RO         5093    i.gif_savegctbl     gif.o
    0x080108e2   0x080108e2   0x00000002   PAD
    0x080108e4   0x080108e4   0x000000b0   Code   RO            3    i.help              main.o
    0x08010994   0x08010994   0x000000a2   Code   RO         5271    i.huffext           tjpgd.o
    0x08010a36   0x08010a36   0x00000002   PAD
    0x08010a38   0x08010a38   0x0000020c   Code   RO            4    i.init              main.o
    0x08010c44   0x08010c44   0x00000024   Code   RO         5195    i.is_element_ok     piclib.o
    0x08010c68   0x08010c68   0x000000e6   Code   RO         5272    i.jd_decomp         tjpgd.o
    0x08010d4e   0x08010d4e   0x00000002   PAD
    0x08010d50   0x08010d50   0x000002c8   Code   RO         5273    i.jd_prepare        tjpgd.o
    0x08011018   0x08011018   0x00000020   Code   RO         5274    i.jpeg_freeall      tjpgd.o
    0x08011038   0x08011038   0x00000024   Code   RO         5275    i.jpeg_in_func      tjpgd.o
    0x0801105c   0x0801105c   0x00000034   Code   RO         5276    i.jpeg_mallocall    tjpgd.o
    0x08011090   0x08011090   0x0000003c   Code   RO         5277    i.jpeg_out_func_fill  tjpgd.o
    0x080110cc   0x080110cc   0x000000a8   Code   RO         5278    i.jpeg_out_func_point  tjpgd.o
    0x08011174   0x08011174   0x000000c4   Code   RO         5279    i.jpg_decode        tjpgd.o
    0x08011238   0x08011238   0x00000012   Code   RO         5719    i.ld_clust          ff.o
    0x0801124a   0x0801124a   0x00000002   PAD
    0x0801124c   0x0801124c   0x00000134   Code   RO          649    i.load_game_slide   game.o
    0x08011380   0x08011380   0x000000e8   Code   RO            5    i.load_main_ui      main.o
    0x08011468   0x08011468   0x0000019c   Code   RO          536    i.load_save_frame   edit_map.o
    0x08011604   0x08011604   0x0000005c   Code   RO          588    i.load_select_ui    select_stage.o
    0x08011660   0x08011660   0x00000028   Code   RO            6    i.main              main.o
    0x08011688   0x08011688   0x00000410   Code   RO            7    i.main_task         main.o
    0x08011a98   0x08011a98   0x0000015c   Code   RO         5280    i.mcu_load          tjpgd.o
    0x08011bf4   0x08011bf4   0x0000030c   Code   RO         5281    i.mcu_output        tjpgd.o
    0x08011f00   0x08011f00   0x00000010   Code   RO         5720    i.mem_cpy           ff.o
    0x08011f10   0x08011f10   0x0000000e   Code   RO         5721    i.mem_set           ff.o
    0x08011f1e   0x08011f1e   0x00000002   PAD
    0x08011f20   0x08011f20   0x00000014   Code   RO         5504    i.mf_close          fattester.o
    0x08011f34   0x08011f34   0x0000000c   Code   RO         5505    i.mf_closedir       fattester.o
    0x08011f40   0x08011f40   0x00000004   Code   RO         5506    i.mf_fmkfs          fattester.o
    0x08011f44   0x08011f44   0x00000080   Code   RO         5507    i.mf_getlabel       fattester.o
    0x08011fc4   0x08011fc4   0x00000048   Code   RO         5508    i.mf_gets           fattester.o
    0x0801200c   0x0801200c   0x00000010   Code   RO         5509    i.mf_lseek          fattester.o
    0x0801201c   0x0801201c   0x00000004   Code   RO         5510    i.mf_mkdir          fattester.o
    0x08012020   0x08012020   0x00000014   Code   RO         5511    i.mf_mount          fattester.o
    0x08012034   0x08012034   0x00000010   Code   RO         5512    i.mf_open           fattester.o
    0x08012044   0x08012044   0x0000000c   Code   RO         5513    i.mf_opendir        fattester.o
    0x08012050   0x08012050   0x00000014   Code   RO         5514    i.mf_putc           fattester.o
    0x08012064   0x08012064   0x00000014   Code   RO         5515    i.mf_puts           fattester.o
    0x08012078   0x08012078   0x0000014c   Code   RO         5516    i.mf_read           fattester.o
    0x080121c4   0x080121c4   0x00000174   Code   RO         5517    i.mf_readdir        fattester.o
    0x08012338   0x08012338   0x00000004   Code   RO         5518    i.mf_rename         fattester.o
    0x0801233c   0x0801233c   0x0000007c   Code   RO         5519    i.mf_scan_files     fattester.o
    0x080123b8   0x080123b8   0x00000054   Code   RO         5520    i.mf_setlabel       fattester.o
    0x0801240c   0x0801240c   0x00000090   Code   RO         5521    i.mf_showfree       fattester.o
    0x0801249c   0x0801249c   0x0000000c   Code   RO         5522    i.mf_size           fattester.o
    0x080124a8   0x080124a8   0x0000000c   Code   RO         5523    i.mf_tell           fattester.o
    0x080124b4   0x080124b4   0x00000004   Code   RO         5524    i.mf_unlink         fattester.o
    0x080124b8   0x080124b8   0x000000b4   Code   RO         5525    i.mf_write          fattester.o
    0x0801256c   0x0801256c   0x0000002e   Code   RO         5722    i.move_window       ff.o
    0x0801259a   0x0801259a   0x00000002   PAD
    0x0801259c   0x0801259c   0x00000058   Code   RO         5998    i.my_mem_free       malloc.o
    0x080125f4   0x080125f4   0x0000003c   Code   RO         5999    i.my_mem_init       malloc.o
    0x08012630   0x08012630   0x0000008c   Code   RO         6000    i.my_mem_malloc     malloc.o
    0x080126bc   0x080126bc   0x00000038   Code   RO         6001    i.my_mem_perused    malloc.o
    0x080126f4   0x080126f4   0x00000018   Code   RO         6002    i.myfree            malloc.o
    0x0801270c   0x0801270c   0x00000020   Code   RO         6003    i.mymalloc          malloc.o
    0x0801272c   0x0801272c   0x0000000c   Code   RO         6005    i.mymemset          malloc.o
    0x08012738   0x08012738   0x00000154   Code   RO          650    i.pause             game.o
    0x0801288c   0x0801288c   0x00000008   Code   RO         5196    i.pic_memalloc      piclib.o
    0x08012894   0x08012894   0x00000008   Code   RO         5197    i.pic_memfree       piclib.o
    0x0801289c   0x0801289c   0x0000002c   Code   RO         5199    i.piclib_draw_hline  piclib.o
    0x080128c8   0x080128c8   0x00000018   Code   RO         5200    i.piclib_fill_color  piclib.o
    0x080128e0   0x080128e0   0x00000054   Code   RO         5201    i.piclib_init       piclib.o
    0x08012934   0x08012934   0x00000300   Code   RO          589    i.predelet          select_stage.o
    0x08012c34   0x08012c34   0x000005dc   Code   RO          651    i.pregame           game.o
    0x08013210   0x08013210   0x000000f8   Code   RO         5723    i.put_fat           ff.o
    0x08013308   0x08013308   0x0000003a   Code   RO         5724    i.putc_bfd          ff.o
    0x08013342   0x08013342   0x00000004   Code   RO         6079    i.read_addr         usmart.o
    0x08013346   0x08013346   0x00000062   Code   RO         5725    i.remove_chain      ff.o
    0x080133a8   0x080133a8   0x000005b0   Code   RO          537    i.save              edit_map.o
    0x08013958   0x08013958   0x00000740   Code   RO          590    i.select            select_stage.o
    0x08014098   0x08014098   0x00000010   Code   RO         5726    i.st_clust          ff.o
    0x080140a8   0x080140a8   0x00000030   Code   RO            8    i.start_task        main.o
    0x080140d8   0x080140d8   0x00000204   Code   RO         5044    i.stdbmp_decode     bmp.o
    0x080142dc   0x080142dc   0x0000001a   Code   RO         5727    i.sum_sfn           ff.o
    0x080142f6   0x080142f6   0x000000b0   Code   RO         5728    i.sync_fs           ff.o
    0x080143a6   0x080143a6   0x00000050   Code   RO         5729    i.sync_window       ff.o
    0x080143f6   0x080143f6   0x00000002   PAD
    0x080143f8   0x080143f8   0x000000dc   Code   RO            9    i.touch_scan        main.o
    0x080144d4   0x080144d4   0x000000e0   Code   RO          652    i.touch_scan_2      game.o
    0x080145b4   0x080145b4   0x000000ac   Code   RO         2047    i.uart_init         usart.o
    0x08014660   0x08014660   0x000000f0   Code   RO         4956    i.updata_fontx      fontupd.o
    0x08014750   0x08014750   0x00000310   Code   RO         4957    i.update_font       fontupd.o
    0x08014a60   0x08014a60   0x00000094   Code   RO         6080    i.usmart_cmd_rec    usmart.o
    0x08014af4   0x08014af4   0x00000260   Code   RO         6081    i.usmart_exe        usmart.o
    0x08014d54   0x08014d54   0x0000009c   Code   RO         6183    i.usmart_get_aparm  usmart_str.o
    0x08014df0   0x08014df0   0x0000002e   Code   RO         6184    i.usmart_get_cmdname  usmart_str.o
    0x08014e1e   0x08014e1e   0x00000002   PAD
    0x08014e20   0x08014e20   0x00000168   Code   RO         6185    i.usmart_get_fname  usmart_str.o
    0x08014f88   0x08014f88   0x000000d0   Code   RO         6186    i.usmart_get_fparam  usmart_str.o
    0x08015058   0x08015058   0x00000024   Code   RO         6187    i.usmart_get_parmpos  usmart_str.o
    0x0801507c   0x0801507c   0x00000038   Code   RO         6082    i.usmart_get_runtime  usmart.o
    0x080150b4   0x080150b4   0x00000028   Code   RO         6083    i.usmart_init       usmart.o
    0x080150dc   0x080150dc   0x00000010   Code   RO         6188    i.usmart_pow        usmart_str.o
    0x080150ec   0x080150ec   0x00000030   Code   RO         6084    i.usmart_reset_runtime  usmart.o
    0x0801511c   0x0801511c   0x000000a4   Code   RO         6085    i.usmart_scan       usmart.o
    0x080151c0   0x080151c0   0x00000010   Code   RO         6189    i.usmart_search_nextc  usmart_str.o
    0x080151d0   0x080151d0   0x000000a0   Code   RO         6190    i.usmart_str2num    usmart_str.o
    0x08015270   0x08015270   0x00000018   Code   RO         6191    i.usmart_strcmp     usmart_str.o
    0x08015288   0x08015288   0x00000012   Code   RO         6192    i.usmart_strcopy    usmart_str.o
    0x0801529a   0x0801529a   0x00000012   Code   RO         6193    i.usmart_strlen     usmart_str.o
    0x080152ac   0x080152ac   0x00000670   Code   RO         6086    i.usmart_sys_cmd_exe  usmart.o
    0x0801591c   0x0801591c   0x00000026   Code   RO         5730    i.validate          ff.o
    0x08015942   0x08015942   0x00000004   Code   RO         6087    i.write_addr        usmart.o
    0x08015946   0x08015946   0x00000002   PAD
    0x08015948   0x08015948   0x00000150   Code   RO         6337    x$fpl$dadd          fz_wm.l(daddsub_clz.o)
    0x08015a98   0x08015a98   0x00000018   Code   RO         6387    x$fpl$dcmpinf       fz_wm.l(dcmpi.o)
    0x08015ab0   0x08015ab0   0x0000005a   Code   RO         6343    x$fpl$dfixu         fz_wm.l(dfixu.o)
    0x08015b0a   0x08015b0a   0x00000026   Code   RO         6347    x$fpl$dfltu         fz_wm.l(dflt_clz.o)
    0x08015b30   0x08015b30   0x00000078   Code   RO         6353    x$fpl$dleqf         fz_wm.l(dleqf.o)
    0x08015ba8   0x08015ba8   0x00000154   Code   RO         6355    x$fpl$dmul          fz_wm.l(dmul.o)
    0x08015cfc   0x08015cfc   0x0000009c   Code   RO         6389    x$fpl$dnaninf       fz_wm.l(dnaninf.o)
    0x08015d98   0x08015d98   0x0000000c   Code   RO         6391    x$fpl$dretinf       fz_wm.l(dretinf.o)
    0x08015da4   0x08015da4   0x0000006c   Code   RO         6357    x$fpl$drleqf        fz_wm.l(drleqf.o)
    0x08015e10   0x08015e10   0x00000016   Code   RO         6338    x$fpl$drsb          fz_wm.l(daddsub_clz.o)
    0x08015e26   0x08015e26   0x00000002   PAD
    0x08015e28   0x08015e28   0x00000198   Code   RO         6393    x$fpl$dsqrt         fz_wm.l(dsqrt_umaal.o)
    0x08015fc0   0x08015fc0   0x000001d4   Code   RO         6339    x$fpl$dsub          fz_wm.l(daddsub_clz.o)
    0x08016194   0x08016194   0x00000056   Code   RO         6359    x$fpl$f2d           fz_wm.l(f2d.o)
    0x080161ea   0x080161ea   0x0000008c   Code   RO         6395    x$fpl$fnaninf       fz_wm.l(fnaninf.o)
    0x08016276   0x08016276   0x0000000a   Code   RO         6511    x$fpl$fpinit        fz_wm.l(fpinit.o)
    0x08016280   0x08016280   0x00000000   Code   RO         6397    x$fpl$usenofp       fz_wm.l(usenofp.o)
    0x08016280   0x08016280   0x000017c0   Data   RO          850    .constdata          lcd.o
    0x08017a40   0x08017a40   0x000000c2   Data   RO         1253    .constdata          gt9147.o
    0x08017b02   0x08017b02   0x0000000a   Data   RO         1301    .constdata          ott2001a.o
    0x08017b0c   0x08017b0c   0x0000000a   Data   RO         1348    .constdata          ft5206.o
    0x08017b16   0x08017b16   0x00000002   PAD
    0x08017b18   0x08017b18   0x00000004   Data   RO         1399    .constdata          touch.o
    0x08017b1c   0x08017b1c   0x00000100   Data   RO         4196    .constdata          os_core.o
    0x08017c1c   0x08017c1c   0x00000010   Data   RO         4959    .constdata          fontupd.o
    0x08017c2c   0x08017c2c   0x00000028   Data   RO         5094    .constdata          gif.o
    0x08017c54   0x08017c54   0x000004c0   Data   RO         5282    .constdata          tjpgd.o
    0x08018114   0x08018114   0x000003c0   Data   RO         5652    .constdata          mycc936.o
    0x080184d4   0x080184d4   0x0000003a   Data   RO         5731    .constdata          ff.o
    0x0801850e   0x0801850e   0x00000002   PAD
    0x08018510   0x08018510   0x00000024   Data   RO         6013    .constdata          malloc.o
    0x08018534   0x08018534   0x00000028   Data   RO         6278    .constdata          c_w.l(_printf_hex_int.o)
    0x0801855c   0x0801855c   0x00000011   Data   RO         6313    .constdata          c_w.l(__printf_flags_ss_wp.o)
    0x0801856d   0x0801856d   0x00000003   PAD
    0x08018570   0x08018570   0x00000079   Data   RO         1400    .conststring        touch.o
    0x080185e9   0x080185e9   0x00000003   PAD
    0x080185ec   0x080185ec   0x0000005f   Data   RO         4960    .conststring        fontupd.o
    0x0801864b   0x0801864b   0x00000001   PAD
    0x0801864c   0x0801864c   0x00000060   Data   RO         5458    .conststring        exfuns.o
    0x080186ac   0x080186ac   0x00000028   Data   RO         6088    .conststring        usmart.o
    0x080186d4   0x080186d4   0x000002b9   Data   RO         6161    .conststring        usmart_config.o
    0x0801898d   0x0801898d   0x00000003   PAD
    0x08018990   0x08018990   0x00000020   Data   RO         6569    Region$$Table       anon$$obj.o


    Execution Region RW_IRAM1 (Exec base: 0x20000000, Load base: 0x080189b0, Size: 0x0000dac0, Max: 0x00020000, ABSOLUTE, COMPRESSED[0x00000318])

    Exec Addr    Load Addr    Size         Type   Attr      Idx    E Section Name        Object

    0x20000000   COMPRESSED   0x0000001e   Data   RW           11    .data               main.o
    0x2000001e   COMPRESSED   0x00000062   Data   RW           12    .data               main.o
    0x20000080   COMPRESSED   0x00000060   Data   RW          538    .data               edit_map.o
    0x200000e0   COMPRESSED   0x00000028   Data   RW          591    .data               select_stage.o
    0x20000108   COMPRESSED   0x000003f0   Data   RW          654    .data               game.o
    0x200004f8   COMPRESSED   0x00000004   Data   RW          851    .data               lcd.o
    0x200004fc   COMPRESSED   0x00000001   Data   RW         1022    .data               key.o
    0x200004fd   COMPRESSED   0x00000001   Data   RW         1254    .data               gt9147.o
    0x200004fe   COMPRESSED   0x00000001   Data   RW         1302    .data               ott2001a.o
    0x200004ff   COMPRESSED   0x00000001   Data   RW         1349    .data               ft5206.o
    0x20000500   COMPRESSED   0x00000038   Data   RW         1401    .data               touch.o
    0x20000538   COMPRESSED   0x00000010   Data   RW         1518    .data               sdio_sdcard.o
    0x20000548   COMPRESSED   0x00000002   Data   RW         1790    .data               w25qxx.o
    0x2000054a   COMPRESSED   0x00000002   PAD
    0x2000054c   COMPRESSED   0x00000008   Data   RW         1888    .data               remote.o
    0x20000554   COMPRESSED   0x00000004   Data   RW         1977    .data               delay.o
    0x20000558   COMPRESSED   0x00000002   Data   RW         2049    .data               usart.o
    0x2000055a   COMPRESSED   0x00000002   PAD
    0x2000055c   COMPRESSED   0x00000004   Data   RW         2050    .data               usart.o
    0x20000560   COMPRESSED   0x00000010   Data   RW         2427    .data               stm32f4xx_rcc.o
    0x20000570   COMPRESSED   0x0000003c   Data   RW         4197    .data               os_core.o
    0x200005ac   COMPRESSED   0x00000004   Data   RW         4198    .data               os_core.o
    0x200005b0   COMPRESSED   0x00000004   Data   RW         4199    .data               os_core.o
    0x200005b4   COMPRESSED   0x00000001   Data   RW         5095    .data               gif.o
    0x200005b5   COMPRESSED   0x00000003   PAD
    0x200005b8   COMPRESSED   0x0000000c   Data   RW         5283    .data               tjpgd.o
    0x200005c4   COMPRESSED   0x00000002   Data   RW         5392    .data               diskio.o
    0x200005c6   COMPRESSED   0x00000002   PAD
    0x200005c8   COMPRESSED   0x0000014c   Data   RW         5459    .data               exfuns.o
    0x20000714   COMPRESSED   0x00000004   Data   RW         5460    .data               exfuns.o
    0x20000718   COMPRESSED   0x00000004   Data   RW         5461    .data               exfuns.o
    0x2000071c   COMPRESSED   0x0000000c   Data   RW         5732    .data               ff.o
    0x20000728   COMPRESSED   0x00000024   Data   RW         6014    .data               malloc.o
    0x2000074c   COMPRESSED   0x0000001c   Data   RW         6089    .data               usmart.o
    0x20000768   COMPRESSED   0x000000d8   Data   RW         6162    .data               usmart_config.o
    0x20000840   COMPRESSED   0x000000f4   Data   RW         6163    .data               usmart_config.o
    0x20000934        -       0x00002100   Zero   RW           10    .bss                main.o
    0x20002a34        -       0x00002110   Zero   RW          653    .bss                game.o
    0x20004b44        -       0x0000000e   Zero   RW          849    .bss                lcd.o
    0x20004b52   COMPRESSED   0x00000006   PAD
    0x20004b58        -       0x000002c0   Zero   RW         1517    .bss                sdio_sdcard.o
    0x20004e18        -       0x00001000   Zero   RW         1789    .bss                w25qxx.o
    0x20005e18        -       0x000000c8   Zero   RW         2048    .bss                usart.o
    0x20005ee0        -       0x000009b8   Zero   RW         4193    .bss                os_core.o
    0x20006898        -       0x00000050   Zero   RW         4194    .bss                os_core.o
    0x200068e8        -       0x00000078   Zero   RW         4195    .bss                os_core.o
    0x20006960        -       0x00000021   Zero   RW         4958    .bss                fontupd.o
    0x20006981   COMPRESSED   0x00000003   PAD
    0x20006984        -       0x0000003c   Zero   RW         5202    .bss                piclib.o
    0x200069c0        -       0x00000020   Zero   RW         5456    .bss                exfuns.o
    0x200069e0        -       0x00000024   Zero   RW         5457    .bss                exfuns.o
    0x20006a04   COMPRESSED   0x0000001c   PAD
    0x20006a20        -       0x00006400   Zero   RW         6011    .bss                malloc.o
    0x2000ce20        -       0x00000640   Zero   RW         6012    .bss                malloc.o
    0x2000d460        -       0x00000060   Zero   RW         6429    .bss                c_w.l(libspace.o)
    0x2000d4c0        -       0x00000200   Zero   RW         2093    HEAP                startup_stm32f40_41xxx.o
    0x2000d6c0        -       0x00000400   Zero   RW         2092    STACK               startup_stm32f40_41xxx.o



  Load Region LR$$.ARM.__AT_0x10000000 (Base: 0x10000000, Size: 0x00000000, Max: 0x0000f000, ABSOLUTE)

    Execution Region ER$$.ARM.__AT_0x10000000 (Exec base: 0x10000000, Load base: 0x10000000, Size: 0x0000f000, Max: 0x0000f000, ABSOLUTE, UNINIT)

    Exec Addr    Load Addr    Size         Type   Attr      Idx    E Section Name        Object

    0x10000000        -       0x0000f000   Zero   RW         6007    .ARM.__AT_0x10000000  malloc.o



  Load Region LR$$.ARM.__AT_0x1000F000 (Base: 0x1000f000, Size: 0x00000000, Max: 0x00000f00, ABSOLUTE)

    Execution Region ER$$.ARM.__AT_0x1000F000 (Exec base: 0x1000f000, Load base: 0x1000f000, Size: 0x00000f00, Max: 0x00000f00, ABSOLUTE, UNINIT)

    Exec Addr    Load Addr    Size         Type   Attr      Idx    E Section Name        Object

    0x1000f000        -       0x00000f00   Zero   RW         6008    .ARM.__AT_0x1000F000  malloc.o



  Load Region LR$$.ARM.__AT_0x68000000 (Base: 0x68000000, Size: 0x00000000, Max: 0x000f0000, ABSOLUTE)

    Execution Region ER$$.ARM.__AT_0x68000000 (Exec base: 0x68000000, Load base: 0x68000000, Size: 0x000f0000, Max: 0x000f0000, ABSOLUTE, UNINIT)

    Exec Addr    Load Addr    Size         Type   Attr      Idx    E Section Name        Object

    0x68000000        -       0x000f0000   Zero   RW         6009    .ARM.__AT_0x68000000  malloc.o



  Load Region LR$$.ARM.__AT_0x680F0000 (Base: 0x680f0000, Size: 0x00000000, Max: 0x0000f000, ABSOLUTE)

    Execution Region ER$$.ARM.__AT_0x680F0000 (Exec base: 0x680f0000, Load base: 0x680f0000, Size: 0x0000f000, Max: 0x0000f000, ABSOLUTE, UNINIT)

    Exec Addr    Load Addr    Size         Type   Attr      Idx    E Section Name        Object

    0x680f0000        -       0x0000f000   Zero   RW         6010    .ARM.__AT_0x680F0000  malloc.o


==============================================================================

Image component sizes


      Code (inc. data)   RO Data    RW Data    ZI Data      Debug   Object Name

       216          0          0          0          0       3501   24cxx.o
       516         10          0          0          0       2772   bmp.o
       660        100          0          0          0       5953   ctiic.o
       228         28          0          4          0       3685   delay.o
       324         14          0          2          0       7104   diskio.o
      3644        314          0         96          0       6517   edit_map.o
       246         12         96        340         68       3220   exfuns.o
      1612        760          0          0          0      14950   fattester.o
      9540        146         58         12          0      55221   ff.o
      1220        146        111          0         33       9050   fontupd.o
       678         38         10          1          0       4205   ft5206.o
     11798        530          0       1008       8464      29871   game.o
      2748         26         40          1          0      16697   gif.o
       918         74        194          1          0       5238   gt9147.o
         0          0          0          0          0       1815   gui.o
       340         20          0          1          0       1510   key.o
     17270        142       6080          4         14      31703   lcd.o
        64          6          0          0          0        599   led.o
      2280        330          0        128       8448     339560   main.o
       412         40         36         36    1136960       7145   malloc.o
       144         14          0          0          0       2321   misc.o
       148         14        960          0          0       2131   mycc936.o
       612         72          0          0          0       5066   myiic.o
      1432        166        256         68       2688      20990   os_core.o
       200         32          0          0          0        368   os_cpu_a.o
       340          4          0          0          0      15366   os_cpu_c.o
       104         12          0          0          0       1794   os_flag.o
        68         10          0          0          0        707   os_q.o
       982        110          0          0          0       7680   os_task.o
       104         22          0          0          0        752   os_time.o
       740         60         10          1          0       4887   ott2001a.o
       512         52          0          0         60       7286   piclib.o
       636         46          0          8          0       4529   remote.o
        78          0          0          0          0       1655   rng.o
      6048        278          0         16        704      37565   sdio_sdcard.o
      3432        288          0         40          0       7259   select_stage.o
       276         18          0          0          0       1993   spi.o
        64         26        392          0       1536        876   startup_stm32f40_41xxx.o
       430         24          0          0          0       4856   stm32f4xx_dma.o
       232          6          0          0          0       2049   stm32f4xx_fsmc.o
       170          0          0          0          0       3246   stm32f4xx_gpio.o
        14          0          0          0          0       3511   stm32f4xx_it.o
        32          8          0          0          0        555   stm32f4xx_pwr.o
       288         48          0         16          0       7006   stm32f4xx_rcc.o
        60         16          0          0          0       1828   stm32f4xx_rng.o
       192         36          0          0          0       6173   stm32f4xx_sdio.o
        98          0          0          0          0       3830   stm32f4xx_spi.o
       590         28          0          0          0      14590   stm32f4xx_tim.o
       310          8          0          0          0       4762   stm32f4xx_usart.o
        16          0          0          0          0        532   sys.o
       272         36          0          0          0       1649   system_stm32f4xx.o
       478         12          0          0          0       3783   text.o
      3612        104       1216         12          0      24585   tjpgd.o
      3060        242        125         56          0      12077   touch.o
       302         28          0          6        200       4664   usart.o
      2872       1330         40         28          0       8814   usmart.o
         0          0        697        460          0       1776   usmart_config.o
      1058         20          0          0          0      10075   usmart_str.o
       786         68          0          2       4096       8631   w25qxx.o

    ----------------------------------------------------------------------
     85592       5974      10364       2356    1163308     802533   Object Totals
         0          0         32          0          0          0   (incl. Generated)
        86          0         11          9         37          0   (incl. Padding)

    ----------------------------------------------------------------------

      Code (inc. data)   RO Data    RW Data    ZI Data      Debug   Library Member Name

        90          0          0          0          0          0   __dczerorl2.o
         8          0          0          0          0         68   __main.o
       392          4         17          0          0         92   __printf_flags_ss_wp.o
        14          0          0          0          0         68   __printf_wp.o
         0          0          0          0          0          0   __rtentry.o
        12          0          0          0          0          0   __rtentry2.o
         6          0          0          0          0          0   __rtentry4.o
        52          8          0          0          0          0   __scatter.o
        28          0          0          0          0          0   __scatter_zi.o
         6          0          0          0          0          0   _printf_c.o
        44          0          0          0          0        108   _printf_char.o
        48          6          0          0          0         96   _printf_char_common.o
        36          4          0          0          0         80   _printf_char_file.o
         6          0          0          0          0          0   _printf_d.o
       120         16          0          0          0         92   _printf_dec.o
        88          4         40          0          0         88   _printf_hex_int.o
       178          0          0          0          0         88   _printf_intcommon.o
        78          0          0          0          0        108   _printf_pad.o
         0          0          0          0          0          0   _printf_percent.o
         4          0          0          0          0          0   _printf_percent_end.o
         6          0          0          0          0          0   _printf_s.o
        82          0          0          0          0         80   _printf_str.o
         6          0          0          0          0          0   _printf_u.o
         6          0          0          0          0          0   _printf_x.o
        22          0          0          0          0        100   _rserrno.o
        18          0          0          0          0         80   exit.o
         8          0          0          0          0         68   ferror.o
         6          0          0          0          0        152   heapauxi.o
         2          0          0          0          0          0   libinit.o
         6          0          0          0          0          0   libinit2.o
         2          0          0          0          0          0   libshutdown.o
         2          0          0          0          0          0   libshutdown2.o
         8          4          0          0         96         68   libspace.o
        72          0          0          0          0         76   llsdiv.o
       238          0          0          0          0        100   lludivv7m.o
        24          4          0          0          0         84   noretval__2printf.o
         8          4          0          0          0         68   rt_errno_addr_intlibspace.o
       138          0          0          0          0         68   rt_memcpy_v6.o
       100          0          0          0          0         80   rt_memcpy_w.o
         2          0          0          0          0          0   rtexit.o
        10          0          0          0          0          0   rtexit2.o
        24          0          0          0          0         68   strcat.o
       128          0          0          0          0         68   strcmpv7m.o
        72          0          0          0          0         80   strcpy.o
        74          0          0          0          0         80   sys_stackheap_outer.o
         2          0          0          0          0         68   use_no_semi.o
         2          0          0          0          0         68   use_no_semi_2.o
       826         16          0          0          0        492   daddsub_clz.o
        24          0          0          0          0        116   dcmpi.o
        90          4          0          0          0        140   dfixu.o
        38          0          0          0          0        116   dflt_clz.o
       120          4          0          0          0        140   dleqf.o
       340         12          0          0          0        152   dmul.o
       156          4          0          0          0        140   dnaninf.o
        12          0          0          0          0        116   dretinf.o
       108          0          0          0          0        128   drleqf.o
       408         56          0          0          0        168   dsqrt_umaal.o
        86          4          0          0          0        132   f2d.o
       140          4          0          0          0        132   fnaninf.o
        10          0          0          0          0        116   fpinit.o
         0          0          0          0          0          0   usenofp.o
       122          0          0          0          0        148   sqrt.o

    ----------------------------------------------------------------------
      4768        158         60          0         96       4580   Library Totals
        10          0          3          0          0          0   (incl. Padding)

    ----------------------------------------------------------------------

      Code (inc. data)   RO Data    RW Data    ZI Data      Debug   Library Name

      2278         54         57          0         96       2344   c_w.l
      2358        104          0          0          0       2088   fz_wm.l
       122          0          0          0          0        148   m_wm.l

    ----------------------------------------------------------------------
      4768        158         60          0         96       4580   Library Totals

    ----------------------------------------------------------------------

==============================================================================


      Code (inc. data)   RO Data    RW Data    ZI Data      Debug   

     90360       6132      10424       2356    1163404     760865   Grand Totals
     90360       6132      10424        792    1163404     760865   ELF Image Totals (compressed)
     90360       6132      10424        792          0          0   ROM Totals

==============================================================================

    Total RO  Size (Code + RO Data)               100784 (  98.42kB)
    Total RW  Size (RW Data + ZI Data)           1165760 (1138.44kB)
    Total ROM Size (Code + RO Data + RW Data)     101576 (  99.20kB)

==============================================================================

