<html>
<body>
<pre>
<h1>µVision Build Log</h1>
<h2>Tool Versions:</h2>
IDE-Version: ¦ÌVision V5.26.2.0
Copyright (C) 2018 ARM Ltd and ARM Germany GmbH. All rights reserved.
License Information: 1 1, 1, LIC=Q7GLQ-NX20Q-QHF8A-1CDUF-3FT8X-7AIU3
 
Tool Versions:
Toolchain:       MDK-ARM Professional  Version: 5.26.2.0
Toolchain Path:  D:\Keil\ARM\ARMCC\Bin
C Compiler:      Armcc.exe V5.06 update 6 (build 750)
Assembler:       Armasm.exe V5.06 update 6 (build 750)
Linker/Locator:  ArmLink.exe V5.06 update 6 (build 750)
Library Manager: ArmAr.exe V5.06 update 6 (build 750)
Hex Converter:   FromElf.exe V5.06 update 6 (build 750)
CPU DLL:         SARMCM3.DLL V5.26.2.0
Dialog DLL:      DCM.DLL V1.17.2.0
Target DLL:      Segger\JL2CM3.dll V2.99.31.0
Dialog DLL:      TCM.DLL V1.36.1.0
 
<h2>Project:</h2>
C:\Users\22162\Desktop\Ì¹¿Ë´óÕ½\USER\battle_city.uvprojx
Project File Date:  06/22/2019

<h2>Output:</h2>
*** Using Compiler 'V5.06 update 6 (build 750)', folder: 'D:\Keil\ARM\ARMCC\Bin'
Rebuild target 'UCOSII'
compiling led.c...
compiling system_stm32f4xx.c...
compiling stm32f4xx_it.c...
compiling main.c...
main.c(100): warning:  #69-D: integer conversion resulted in truncation
  	LCD_ShowChar(50,50,'?',24,WHITE);
main.c: 1 warning, 0 errors
compiling key.c...
compiling myiic.c...
compiling lcd.c...
compiling 24cxx.c...
compiling ctiic.c...
compiling gt9147.c...
compiling ott2001a.c...
compiling ft5206.c...
compiling touch.c...
compiling sdio_sdcard.c...
compiling spi.c...
compiling sram.c...
compiling w25qxx.c...
compiling delay.c...
assembling startup_stm32f40_41xxx.s...
compiling sys.c...
compiling usart.c...
compiling misc.c...
compiling stm32f4xx_gpio.c...
compiling stm32f4xx_fsmc.c...
compiling stm32f4xx_rcc.c...
compiling stm32f4xx_syscfg.c...
compiling stm32f4xx_usart.c...
compiling stm32f4xx_dma.c...
compiling stm32f4xx_sdio.c...
compiling stm32f4xx_spi.c...
compiling stm32f4xx_tim.c...
compiling os_core.c...
compiling os_flag.c...
compiling os_mbox.c...
compiling os_mem.c...
compiling os_mutex.c...
compiling os_q.c...
compiling os_sem.c...
assembling os_cpu_a.asm...
compiling os_task.c...
compiling os_time.c...
compiling os_tmr.c...
compiling os_cpu_c.c...
compiling fontupd.c...
compiling text.c...
compiling bmp.c...
compiling gif.c...
compiling piclib.c...
compiling tjpgd.c...
compiling diskio.c...
compiling exfuns.c...
compiling fattester.c...
compiling ff.c...
compiling mycc936.c...
compiling malloc.c...
compiling usmart.c...
compiling usmart_config.c...
compiling usmart_str.c...
linking...
Program Size: Code=86408 RO-data=9088 RW-data=1088 ZI-data=1229792  
FromELF: creating hex file...
"..\OBJ\UCOSII.axf" - 0 Error(s), 1 Warning(s).

<h2>Software Packages used:</h2>

Package Vendor: Keil
                http://www.keil.com/pack/Keil.STM32F4xx_DFP.2.12.0.pack
                Keil.STM32F4xx_DFP.2.12.0
                STMicroelectronics STM32F4 Series Device Support, Drivers and Examples

<h2>Collection of Component include folders:</h2>
  .\RTE\_UCOSII
  D:\Keil\ARM\PACK\Keil\STM32F4xx_DFP\2.12.0\Drivers\CMSIS\Device\ST\STM32F4xx\Include

<h2>Collection of Component Files used:</h2>
Build Time Elapsed:  00:00:25
</pre>
</body>
</html>
