Component: ARM Compiler 5.06 update 6 (build 750) Tool: armlink [4d35ed]

==============================================================================

Section Cross References

    main.o(.text) refers to lcd.o(.text) for LCD_Fill
    main.o(.text) refers to text.o(.text) for Show_Str
    main.o(.text) refers to key.o(.text) for KEY_Scan
    main.o(.text) refers to os_mbox.o(.text) for OSMboxPost
    main.o(.text) refers to delay.o(.text) for delay_ms
    main.o(.text) refers to os_task.o(.text) for OSTaskSuspend
    main.o(.text) refers to touch.o(.text) for TP_Adjust
    main.o(.text) refers to os_cpu_a.o(.text) for OS_CPU_SR_Save
    main.o(.text) refers to os_core.o(.text) for OSStatInit
    main.o(.text) refers to misc.o(.text) for NVIC_PriorityGroupConfig
    main.o(.text) refers to usart.o(.text) for uart_init
    main.o(.text) refers to led.o(.text) for LED_Init
    main.o(.text) refers to lcd.o(.data) for POINT_COLOR
    main.o(.text) refers to main.o(.data) for msg_key
    main.o(.text) refers to lcd.o(.bss) for lcddev
    main.o(.text) refers to touch.o(.data) for tp_dev
    main.o(.text) refers to main.o(.bss) for TOUCH_TASK_STK
    system_stm32f4xx.o(.text) refers to system_stm32f4xx.o(.data) for SystemCoreClock
    led.o(.text) refers to stm32f4xx_rcc.o(.text) for RCC_AHB1PeriphClockCmd
    led.o(.text) refers to stm32f4xx_gpio.o(.text) for GPIO_Init
    lcd.o(.text) refers to _printf_percent.o(.ARM.Collect$$_printf_percent$$00000000) for _printf_percent
    lcd.o(.text) refers to _printf_x.o(.ARM.Collect$$_printf_percent$$0000000C) for _printf_x
    lcd.o(.text) refers to _printf_hex_int.o(.text) for _printf_longlong_hex
    lcd.o(.text) refers to delay.o(.text) for delay_us
    lcd.o(.text) refers to lcd.o(.bss) for lcddev
    lcd.o(.text) refers to lcd.o(.data) for POINT_COLOR
    lcd.o(.text) refers to dflt_clz.o(x$fpl$dfltu) for __aeabi_ui2d
    lcd.o(.text) refers to dmul.o(x$fpl$dmul) for __aeabi_dmul
    lcd.o(.text) refers to dfixu.o(x$fpl$dfixu) for __aeabi_d2uiz
    lcd.o(.text) refers to stm32f4xx_rcc.o(.text) for RCC_AHB1PeriphClockCmd
    lcd.o(.text) refers to stm32f4xx_gpio.o(.text) for GPIO_Init
    lcd.o(.text) refers to stm32f4xx_fsmc.o(.text) for FSMC_NORSRAMInit
    lcd.o(.text) refers to noretval__2printf.o(.text) for __2printf
    lcd.o(.text) refers to lcd.o(.constdata) for asc2_1206
    key.o(.text) refers to stm32f4xx_rcc.o(.text) for RCC_AHB1PeriphClockCmd
    key.o(.text) refers to stm32f4xx_gpio.o(.text) for GPIO_Init
    key.o(.text) refers to delay.o(.text) for delay_ms
    key.o(.text) refers to key.o(.data) for key_up
    myiic.o(.text) refers to stm32f4xx_rcc.o(.text) for RCC_AHB1PeriphClockCmd
    myiic.o(.text) refers to stm32f4xx_gpio.o(.text) for GPIO_Init
    myiic.o(.text) refers to delay.o(.text) for delay_us
    24cxx.o(.text) refers to myiic.o(.text) for IIC_Init
    24cxx.o(.text) refers to delay.o(.text) for delay_ms
    ctiic.o(.text) refers to delay.o(.text) for delay_us
    ctiic.o(.text) refers to stm32f4xx_rcc.o(.text) for RCC_AHB1PeriphClockCmd
    ctiic.o(.text) refers to stm32f4xx_gpio.o(.text) for GPIO_Init
    gt9147.o(.text) refers to _printf_percent.o(.ARM.Collect$$_printf_percent$$00000000) for _printf_percent
    gt9147.o(.text) refers to _printf_s.o(.ARM.Collect$$_printf_percent$$00000014) for _printf_s
    gt9147.o(.text) refers to _printf_str.o(.text) for _printf_str
    gt9147.o(.text) refers to _printf_d.o(.ARM.Collect$$_printf_percent$$00000009) for _printf_d
    gt9147.o(.text) refers to _printf_dec.o(.text) for _printf_int_dec
    gt9147.o(.text) refers to ctiic.o(.text) for CT_IIC_Start
    gt9147.o(.text) refers to stm32f4xx_rcc.o(.text) for RCC_AHB1PeriphClockCmd
    gt9147.o(.text) refers to stm32f4xx_gpio.o(.text) for GPIO_Init
    gt9147.o(.text) refers to delay.o(.text) for delay_ms
    gt9147.o(.text) refers to noretval__2printf.o(.text) for __2printf
    gt9147.o(.text) refers to strcmpv7m.o(.text) for strcmp
    gt9147.o(.text) refers to gt9147.o(.constdata) for GT9147_CFG_TBL
    gt9147.o(.text) refers to gt9147.o(.data) for t
    gt9147.o(.text) refers to touch.o(.data) for tp_dev
    gt9147.o(.text) refers to lcd.o(.bss) for lcddev
    ott2001a.o(.text) refers to _printf_percent.o(.ARM.Collect$$_printf_percent$$00000000) for _printf_percent
    ott2001a.o(.text) refers to _printf_x.o(.ARM.Collect$$_printf_percent$$0000000C) for _printf_x
    ott2001a.o(.text) refers to _printf_hex_int.o(.text) for _printf_longlong_hex
    ott2001a.o(.text) refers to ctiic.o(.text) for CT_IIC_Start
    ott2001a.o(.text) refers to stm32f4xx_rcc.o(.text) for RCC_AHB1PeriphClockCmd
    ott2001a.o(.text) refers to stm32f4xx_gpio.o(.text) for GPIO_Init
    ott2001a.o(.text) refers to delay.o(.text) for delay_ms
    ott2001a.o(.text) refers to noretval__2printf.o(.text) for __2printf
    ott2001a.o(.text) refers to dflt_clz.o(x$fpl$dflt) for __aeabi_i2d
    ott2001a.o(.text) refers to dmul.o(x$fpl$dmul) for __aeabi_dmul
[...]
    FSMC_NORSRAMDeInit                       0x0800a19d   Thumb Code    54  stm32f4xx_fsmc.o(.text)
    FSMC_NORSRAMInit                         0x0800a1d3   Thumb Code   230  stm32f4xx_fsmc.o(.text)
    FSMC_NORSRAMStructInit                   0x0800a2b9   Thumb Code    48  stm32f4xx_fsmc.o(.text)
    FSMC_NORSRAMCmd                          0x0800a2e9   Thumb Code    46  stm32f4xx_fsmc.o(.text)
    FSMC_NANDDeInit                          0x0800a317   Thumb Code    62  stm32f4xx_fsmc.o(.text)
    FSMC_NANDInit                            0x0800a355   Thumb Code   132  stm32f4xx_fsmc.o(.text)
    FSMC_NANDStructInit                      0x0800a3d9   Thumb Code    54  stm32f4xx_fsmc.o(.text)
    FSMC_NANDCmd                             0x0800a40f   Thumb Code    86  stm32f4xx_fsmc.o(.text)
    FSMC_NANDECCCmd                          0x0800a465   Thumb Code    86  stm32f4xx_fsmc.o(.text)
    FSMC_GetECC                              0x0800a4bb   Thumb Code    24  stm32f4xx_fsmc.o(.text)
    FSMC_PCCARDDeInit                        0x0800a4d3   Thumb Code    36  stm32f4xx_fsmc.o(.text)
    FSMC_PCCARDInit                          0x0800a4f7   Thumb Code   130  stm32f4xx_fsmc.o(.text)
    FSMC_PCCARDStructInit                    0x0800a579   Thumb Code    60  stm32f4xx_fsmc.o(.text)
    FSMC_PCCARDCmd                           0x0800a5b5   Thumb Code    44  stm32f4xx_fsmc.o(.text)
    FSMC_ITConfig                            0x0800a5e1   Thumb Code   128  stm32f4xx_fsmc.o(.text)
    FSMC_GetFlagStatus                       0x0800a661   Thumb Code    54  stm32f4xx_fsmc.o(.text)
    FSMC_ClearFlag                           0x0800a697   Thumb Code    74  stm32f4xx_fsmc.o(.text)
    FSMC_GetITStatus                         0x0800a6e1   Thumb Code    62  stm32f4xx_fsmc.o(.text)
    FSMC_ClearITPendingBit                   0x0800a71f   Thumb Code    66  stm32f4xx_fsmc.o(.text)
    RCC_DeInit                               0x0800a765   Thumb Code    82  stm32f4xx_rcc.o(.text)
    RCC_HSEConfig                            0x0800a7b7   Thumb Code    14  stm32f4xx_rcc.o(.text)
    RCC_GetFlagStatus                        0x0800a7c5   Thumb Code    60  stm32f4xx_rcc.o(.text)
    RCC_WaitForHSEStartUp                    0x0800a801   Thumb Code    56  stm32f4xx_rcc.o(.text)
    RCC_AdjustHSICalibrationValue            0x0800a839   Thumb Code    20  stm32f4xx_rcc.o(.text)
    RCC_HSICmd                               0x0800a84d   Thumb Code     6  stm32f4xx_rcc.o(.text)
    RCC_LSEConfig                            0x0800a853   Thumb Code    46  stm32f4xx_rcc.o(.text)
    RCC_LSICmd                               0x0800a881   Thumb Code     6  stm32f4xx_rcc.o(.text)
    RCC_PLLConfig                            0x0800a887   Thumb Code    32  stm32f4xx_rcc.o(.text)
    RCC_PLLCmd                               0x0800a8a7   Thumb Code     6  stm32f4xx_rcc.o(.text)
    RCC_PLLI2SConfig                         0x0800a8ad   Thumb Code    14  stm32f4xx_rcc.o(.text)
    RCC_PLLI2SCmd                            0x0800a8bb   Thumb Code     6  stm32f4xx_rcc.o(.text)
    RCC_PLLSAIConfig                         0x0800a8c1   Thumb Code    20  stm32f4xx_rcc.o(.text)
    RCC_PLLSAICmd                            0x0800a8d5   Thumb Code     6  stm32f4xx_rcc.o(.text)
    RCC_ClockSecuritySystemCmd               0x0800a8db   Thumb Code     6  stm32f4xx_rcc.o(.text)
    RCC_MCO1Config                           0x0800a8e1   Thumb Code    28  stm32f4xx_rcc.o(.text)
    RCC_MCO2Config                           0x0800a8fd   Thumb Code    28  stm32f4xx_rcc.o(.text)
    RCC_SYSCLKConfig                         0x0800a919   Thumb Code    20  stm32f4xx_rcc.o(.text)
    RCC_GetSYSCLKSource                      0x0800a92d   Thumb Code    12  stm32f4xx_rcc.o(.text)
    RCC_HCLKConfig                           0x0800a939   Thumb Code    20  stm32f4xx_rcc.o(.text)
    RCC_PCLK1Config                          0x0800a94d   Thumb Code    20  stm32f4xx_rcc.o(.text)
    RCC_PCLK2Config                          0x0800a961   Thumb Code    22  stm32f4xx_rcc.o(.text)
    RCC_GetClocksFreq                        0x0800a977   Thumb Code   222  stm32f4xx_rcc.o(.text)
    RCC_RTCCLKConfig                         0x0800aa55   Thumb Code    54  stm32f4xx_rcc.o(.text)
    RCC_RTCCLKCmd                            0x0800aa8b   Thumb Code     8  stm32f4xx_rcc.o(.text)
    RCC_BackupResetCmd                       0x0800aa93   Thumb Code     8  stm32f4xx_rcc.o(.text)
    RCC_I2SCLKConfig                         0x0800aa9b   Thumb Code     6  stm32f4xx_rcc.o(.text)
    RCC_SAIPLLI2SClkDivConfig                0x0800aaa1   Thumb Code    26  stm32f4xx_rcc.o(.text)
    RCC_SAIPLLSAIClkDivConfig                0x0800aabb   Thumb Code    28  stm32f4xx_rcc.o(.text)
    RCC_SAIBlockACLKConfig                   0x0800aad7   Thumb Code    20  stm32f4xx_rcc.o(.text)
    RCC_SAIBlockBCLKConfig                   0x0800aaeb   Thumb Code    20  stm32f4xx_rcc.o(.text)
    RCC_LTDCCLKDivConfig                     0x0800aaff   Thumb Code    20  stm32f4xx_rcc.o(.text)
    RCC_TIMCLKPresConfig                     0x0800ab13   Thumb Code     6  stm32f4xx_rcc.o(.text)
    RCC_AHB1PeriphClockCmd                   0x0800ab19   Thumb Code    34  stm32f4xx_rcc.o(.text)
    RCC_AHB2PeriphClockCmd                   0x0800ab3b   Thumb Code    78  stm32f4xx_rcc.o(.text)
    RCC_AHB3PeriphClockCmd                   0x0800ab89   Thumb Code    34  stm32f4xx_rcc.o(.text)
    RCC_APB1PeriphClockCmd                   0x0800abab   Thumb Code    34  stm32f4xx_rcc.o(.text)
    RCC_APB2PeriphClockCmd                   0x0800abcd   Thumb Code    34  stm32f4xx_rcc.o(.text)
    RCC_AHB1PeriphResetCmd                   0x0800abef   Thumb Code    34  stm32f4xx_rcc.o(.text)
    RCC_AHB2PeriphResetCmd                   0x0800ac11   Thumb Code    34  stm32f4xx_rcc.o(.text)
    RCC_AHB3PeriphResetCmd                   0x0800ac33   Thumb Code    34  stm32f4xx_rcc.o(.text)
    RCC_APB1PeriphResetCmd                   0x0800ac55   Thumb Code    34  stm32f4xx_rcc.o(.text)
    RCC_APB2PeriphResetCmd                   0x0800ac77   Thumb Code    34  stm32f4xx_rcc.o(.text)
    RCC_AHB1PeriphClockLPModeCmd             0x0800ac99   Thumb Code    34  stm32f4xx_rcc.o(.text)
    RCC_AHB2PeriphClockLPModeCmd             0x0800acbb   Thumb Code    34  stm32f4xx_rcc.o(.text)
    RCC_AHB3PeriphClockLPModeCmd             0x0800acdd   Thumb Code    34  stm32f4xx_rcc.o(.text)
    RCC_APB1PeriphClockLPModeCmd             0x0800acff   Thumb Code    34  stm32f4xx_rcc.o(.text)
    RCC_APB2PeriphClockLPModeCmd             0x0800ad21   Thumb Code    34  stm32f4xx_rcc.o(.text)
    RCC_LSEModeConfig                        0x0800ad43   Thumb Code    40  stm32f4xx_rcc.o(.text)
    RCC_ITConfig                             0x0800ad6b   Thumb Code    34  stm32f4xx_rcc.o(.text)
    RCC_ClearFlag                            0x0800ad8d   Thumb Code    18  stm32f4xx_rcc.o(.text)
    RCC_GetITStatus                          0x0800ad9f   Thumb Code    22  stm32f4xx_rcc.o(.text)
    RCC_ClearITPendingBit                    0x0800adb5   Thumb Code     8  stm32f4xx_rcc.o(.text)
    USART_DeInit                             0x0800adc1   Thumb Code   206  stm32f4xx_usart.o(.text)
    USART_Init                               0x0800ae8f   Thumb Code   204  stm32f4xx_usart.o(.text)
    USART_StructInit                         0x0800af5b   Thumb Code    24  stm32f4xx_usart.o(.text)
    USART_ClockInit                          0x0800af73   Thumb Code    32  stm32f4xx_usart.o(.text)
    USART_ClockStructInit                    0x0800af93   Thumb Code    12  stm32f4xx_usart.o(.text)
    USART_Cmd                                0x0800af9f   Thumb Code    24  stm32f4xx_usart.o(.text)
    USART_SetPrescaler                       0x0800afb7   Thumb Code    16  stm32f4xx_usart.o(.text)
    USART_OverSampling8Cmd                   0x0800afc7   Thumb Code    22  stm32f4xx_usart.o(.text)
    USART_OneBitMethodCmd                    0x0800afdd   Thumb Code    24  stm32f4xx_usart.o(.text)
    USART_SendData                           0x0800aff5   Thumb Code     8  stm32f4xx_usart.o(.text)
    USART_ReceiveData                        0x0800affd   Thumb Code    10  stm32f4xx_usart.o(.text)
    USART_SetAddress                         0x0800b007   Thumb Code    18  stm32f4xx_usart.o(.text)
    USART_ReceiverWakeUpCmd                  0x0800b019   Thumb Code    24  stm32f4xx_usart.o(.text)
    USART_WakeUpConfig                       0x0800b031   Thumb Code    18  stm32f4xx_usart.o(.text)
    USART_LINBreakDetectLengthConfig         0x0800b043   Thumb Code    18  stm32f4xx_usart.o(.text)
    USART_LINCmd                             0x0800b055   Thumb Code    24  stm32f4xx_usart.o(.text)
    USART_SendBreak                          0x0800b06d   Thumb Code    10  stm32f4xx_usart.o(.text)
    USART_HalfDuplexCmd                      0x0800b077   Thumb Code    24  stm32f4xx_usart.o(.text)
    USART_SetGuardTime                       0x0800b08f   Thumb Code    16  stm32f4xx_usart.o(.text)
    USART_SmartCardCmd                       0x0800b09f   Thumb Code    24  stm32f4xx_usart.o(.text)
    USART_SmartCardNACKCmd                   0x0800b0b7   Thumb Code    24  stm32f4xx_usart.o(.text)
    USART_IrDAConfig                         0x0800b0cf   Thumb Code    18  stm32f4xx_usart.o(.text)
    USART_IrDACmd                            0x0800b0e1   Thumb Code    24  stm32f4xx_usart.o(.text)
    USART_DMACmd                             0x0800b0f9   Thumb Code    18  stm32f4xx_usart.o(.text)
    USART_ITConfig                           0x0800b10b   Thumb Code    74  stm32f4xx_usart.o(.text)
    USART_GetFlagStatus                      0x0800b155   Thumb Code    26  stm32f4xx_usart.o(.text)
    USART_ClearFlag                          0x0800b16f   Thumb Code    18  stm32f4xx_usart.o(.text)
    USART_GetITStatus                        0x0800b181   Thumb Code   118  stm32f4xx_usart.o(.text)
    USART_ClearITPendingBit                  0x0800b1f7   Thumb Code    30  stm32f4xx_usart.o(.text)
    DMA_DeInit                               0x0800b215   Thumb Code   324  stm32f4xx_dma.o(.text)
    DMA_Init                                 0x0800b359   Thumb Code    82  stm32f4xx_dma.o(.text)
    DMA_StructInit                           0x0800b3ab   Thumb Code    34  stm32f4xx_dma.o(.text)
    DMA_Cmd                                  0x0800b3cd   Thumb Code    22  stm32f4xx_dma.o(.text)
    DMA_PeriphIncOffsetSizeConfig            0x0800b3e3   Thumb Code    22  stm32f4xx_dma.o(.text)
    DMA_FlowControllerConfig                 0x0800b3f9   Thumb Code    22  stm32f4xx_dma.o(.text)
    DMA_SetCurrDataCounter                   0x0800b40f   Thumb Code     4  stm32f4xx_dma.o(.text)
    DMA_GetCurrDataCounter                   0x0800b413   Thumb Code     8  stm32f4xx_dma.o(.text)
    DMA_DoubleBufferModeConfig               0x0800b41b   Thumb Code    24  stm32f4xx_dma.o(.text)
    DMA_DoubleBufferModeCmd                  0x0800b433   Thumb Code    22  stm32f4xx_dma.o(.text)
    DMA_MemoryTargetConfig                   0x0800b449   Thumb Code    10  stm32f4xx_dma.o(.text)
    DMA_GetCurrentMemoryTarget               0x0800b453   Thumb Code    20  stm32f4xx_dma.o(.text)
    DMA_GetCmdStatus                         0x0800b467   Thumb Code    20  stm32f4xx_dma.o(.text)
    DMA_GetFIFOStatus                        0x0800b47b   Thumb Code    12  stm32f4xx_dma.o(.text)
    DMA_GetFlagStatus                        0x0800b487   Thumb Code    56  stm32f4xx_dma.o(.text)
    DMA_ClearFlag                            0x0800b4bf   Thumb Code    40  stm32f4xx_dma.o(.text)
    DMA_ITConfig                             0x0800b4e7   Thumb Code    58  stm32f4xx_dma.o(.text)
    DMA_GetITStatus                          0x0800b521   Thumb Code    84  stm32f4xx_dma.o(.text)
    DMA_ClearITPendingBit                    0x0800b575   Thumb Code    40  stm32f4xx_dma.o(.text)
    SDIO_DeInit                              0x0800b5bd   Thumb Code    22  stm32f4xx_sdio.o(.text)
    SDIO_Init                                0x0800b5d3   Thumb Code    42  stm32f4xx_sdio.o(.text)
    SDIO_StructInit                          0x0800b5fd   Thumb Code    16  stm32f4xx_sdio.o(.text)
    SDIO_ClockCmd                            0x0800b60d   Thumb Code     6  stm32f4xx_sdio.o(.text)
    SDIO_SetPowerState                       0x0800b613   Thumb Code     8  stm32f4xx_sdio.o(.text)
    SDIO_GetPowerState                       0x0800b61b   Thumb Code    12  stm32f4xx_sdio.o(.text)
    SDIO_SendCommand                         0x0800b627   Thumb Code    42  stm32f4xx_sdio.o(.text)
    SDIO_CmdStructInit                       0x0800b651   Thumb Code    14  stm32f4xx_sdio.o(.text)
    SDIO_GetCommandResponse                  0x0800b65f   Thumb Code    10  stm32f4xx_sdio.o(.text)
    SDIO_GetResponse                         0x0800b669   Thumb Code    22  stm32f4xx_sdio.o(.text)
    SDIO_DataConfig                          0x0800b67f   Thumb Code    48  stm32f4xx_sdio.o(.text)
    SDIO_DataStructInit                      0x0800b6af   Thumb Code    20  stm32f4xx_sdio.o(.text)
    SDIO_GetDataCounter                      0x0800b6c3   Thumb Code     8  stm32f4xx_sdio.o(.text)
    SDIO_ReadData                            0x0800b6cb   Thumb Code     8  stm32f4xx_sdio.o(.text)
    SDIO_WriteData                           0x0800b6d3   Thumb Code     8  stm32f4xx_sdio.o(.text)
    SDIO_GetFIFOCount                        0x0800b6db   Thumb Code     8  stm32f4xx_sdio.o(.text)
    SDIO_StartSDIOReadWait                   0x0800b6e3   Thumb Code     6  stm32f4xx_sdio.o(.text)
    SDIO_StopSDIOReadWait                    0x0800b6e9   Thumb Code     8  stm32f4xx_sdio.o(.text)
    SDIO_SetSDIOReadWaitMode                 0x0800b6f1   Thumb Code     8  stm32f4xx_sdio.o(.text)
    SDIO_SetSDIOOperation                    0x0800b6f9   Thumb Code     8  stm32f4xx_sdio.o(.text)
    SDIO_SendSDIOSuspendCmd                  0x0800b701   Thumb Code     6  stm32f4xx_sdio.o(.text)
    SDIO_CommandCompletionCmd                0x0800b707   Thumb Code     8  stm32f4xx_sdio.o(.text)
    SDIO_CEATAITCmd                          0x0800b70f   Thumb Code    12  stm32f4xx_sdio.o(.text)
    SDIO_SendCEATACmd                        0x0800b71b   Thumb Code     8  stm32f4xx_sdio.o(.text)
    SDIO_DMACmd                              0x0800b723   Thumb Code     8  stm32f4xx_sdio.o(.text)
    SDIO_ITConfig                            0x0800b72b   Thumb Code    34  stm32f4xx_sdio.o(.text)
    SDIO_GetFlagStatus                       0x0800b74d   Thumb Code    22  stm32f4xx_sdio.o(.text)
    SDIO_ClearFlag                           0x0800b763   Thumb Code     8  stm32f4xx_sdio.o(.text)
    SDIO_GetITStatus                         0x0800b76b   Thumb Code    22  stm32f4xx_sdio.o(.text)
    SDIO_ClearITPendingBit                   0x0800b781   Thumb Code     8  stm32f4xx_sdio.o(.text)
    SPI_I2S_DeInit                           0x0800b799   Thumb Code   152  stm32f4xx_spi.o(.text)
    SPI_Init                                 0x0800b831   Thumb Code    60  stm32f4xx_spi.o(.text)
    I2S_Init                                 0x0800b86d   Thumb Code   396  stm32f4xx_spi.o(.text)
    SPI_StructInit                           0x0800b9f9   Thumb Code    24  stm32f4xx_spi.o(.text)
    I2S_StructInit                           0x0800ba11   Thumb Code    20  stm32f4xx_spi.o(.text)
    SPI_Cmd                                  0x0800ba25   Thumb Code    24  stm32f4xx_spi.o(.text)
    I2S_Cmd                                  0x0800ba3d   Thumb Code    24  stm32f4xx_spi.o(.text)
    SPI_DataSizeConfig                       0x0800ba55   Thumb Code    18  stm32f4xx_spi.o(.text)
    SPI_BiDirectionalLineConfig              0x0800ba67   Thumb Code    28  stm32f4xx_spi.o(.text)
    SPI_NSSInternalSoftwareConfig            0x0800ba83   Thumb Code    30  stm32f4xx_spi.o(.text)
    SPI_SSOutputCmd                          0x0800baa1   Thumb Code    24  stm32f4xx_spi.o(.text)
    SPI_TIModeCmd                            0x0800bab9   Thumb Code    24  stm32f4xx_spi.o(.text)
    I2S_FullDuplexConfig                     0x0800bad1   Thumb Code    80  stm32f4xx_spi.o(.text)
    SPI_I2S_ReceiveData                      0x0800bb21   Thumb Code     6  stm32f4xx_spi.o(.text)
    SPI_I2S_SendData                         0x0800bb27   Thumb Code     4  stm32f4xx_spi.o(.text)
    SPI_CalculateCRC                         0x0800bb2b   Thumb Code    24  stm32f4xx_spi.o(.text)
    SPI_TransmitCRC                          0x0800bb43   Thumb Code    10  stm32f4xx_spi.o(.text)
    SPI_GetCRC                               0x0800bb4d   Thumb Code    16  stm32f4xx_spi.o(.text)
    SPI_GetCRCPolynomial                     0x0800bb5d   Thumb Code     6  stm32f4xx_spi.o(.text)
    SPI_I2S_DMACmd                           0x0800bb63   Thumb Code    18  stm32f4xx_spi.o(.text)
    SPI_I2S_ITConfig                         0x0800bb75   Thumb Code    68  stm32f4xx_spi.o(.text)
    SPI_I2S_GetFlagStatus                    0x0800bbb9   Thumb Code    18  stm32f4xx_spi.o(.text)
    SPI_I2S_ClearFlag                        0x0800bbcb   Thumb Code     6  stm32f4xx_spi.o(.text)
    SPI_I2S_GetITStatus                      0x0800bbd1   Thumb Code    52  stm32f4xx_spi.o(.text)
    SPI_I2S_ClearITPendingBit                0x0800bc05   Thumb Code    20  stm32f4xx_spi.o(.text)
    TIM_DeInit                               0x0800bc19   Thumb Code   346  stm32f4xx_tim.o(.text)
    TIM_TimeBaseInit                         0x0800bd73   Thumb Code   104  stm32f4xx_tim.o(.text)
    TIM_TimeBaseStructInit                   0x0800bddb   Thumb Code    18  stm32f4xx_tim.o(.text)
    TIM_PrescalerConfig                      0x0800bded   Thumb Code     6  stm32f4xx_tim.o(.text)
    TIM_CounterModeConfig                    0x0800bdf3   Thumb Code    18  stm32f4xx_tim.o(.text)
    TIM_SetCounter                           0x0800be05   Thumb Code     4  stm32f4xx_tim.o(.text)
    TIM_SetAutoreload                        0x0800be09   Thumb Code     4  stm32f4xx_tim.o(.text)
    TIM_GetCounter                           0x0800be0d   Thumb Code     6  stm32f4xx_tim.o(.text)
    TIM_GetPrescaler                         0x0800be13   Thumb Code     6  stm32f4xx_tim.o(.text)
    TIM_UpdateDisableConfig                  0x0800be19   Thumb Code    24  stm32f4xx_tim.o(.text)
    TIM_UpdateRequestConfig                  0x0800be31   Thumb Code    24  stm32f4xx_tim.o(.text)
    TIM_ARRPreloadConfig                     0x0800be49   Thumb Code    24  stm32f4xx_tim.o(.text)
    TIM_SelectOnePulseMode                   0x0800be61   Thumb Code    18  stm32f4xx_tim.o(.text)
    TIM_SetClockDivision                     0x0800be73   Thumb Code    18  stm32f4xx_tim.o(.text)
    TIM_Cmd                                  0x0800be85   Thumb Code    24  stm32f4xx_tim.o(.text)
    TIM_OC1Init                              0x0800be9d   Thumb Code   114  stm32f4xx_tim.o(.text)
    TIM_OC2Init                              0x0800bf0f   Thumb Code   154  stm32f4xx_tim.o(.text)
    TIM_OC3Init                              0x0800bfa9   Thumb Code   204  stm32f4xx_tim.o(.text)
    TIM_OC4Init                              0x0800c075   Thumb Code   112  stm32f4xx_tim.o(.text)
    TIM_OCStructInit                         0x0800c0e5   Thumb Code    20  stm32f4xx_tim.o(.text)
    TIM_SelectOCxM                           0x0800c0f9   Thumb Code    86  stm32f4xx_tim.o(.text)
    TIM_SetCompare1                          0x0800c14f   Thumb Code     4  stm32f4xx_tim.o(.text)
    TIM_SetCompare2                          0x0800c153   Thumb Code     4  stm32f4xx_tim.o(.text)
    TIM_SetCompare3                          0x0800c157   Thumb Code     4  stm32f4xx_tim.o(.text)
    TIM_SetCompare4                          0x0800c15b   Thumb Code     4  stm32f4xx_tim.o(.text)
    TIM_ForcedOC1Config                      0x0800c15f   Thumb Code    18  stm32f4xx_tim.o(.text)
    TIM_ForcedOC2Config                      0x0800c171   Thumb Code    26  stm32f4xx_tim.o(.text)
    TIM_ForcedOC3Config                      0x0800c18b   Thumb Code    18  stm32f4xx_tim.o(.text)
    TIM_ForcedOC4Config                      0x0800c19d   Thumb Code    26  stm32f4xx_tim.o(.text)
    TIM_OC1PreloadConfig                     0x0800c1b7   Thumb Code    18  stm32f4xx_tim.o(.text)
    TIM_OC2PreloadConfig                     0x0800c1c9   Thumb Code    26  stm32f4xx_tim.o(.text)
    TIM_OC3PreloadConfig                     0x0800c1e3   Thumb Code    18  stm32f4xx_tim.o(.text)
    TIM_OC4PreloadConfig                     0x0800c1f5   Thumb Code    26  stm32f4xx_tim.o(.text)
    TIM_OC1FastConfig                        0x0800c20f   Thumb Code    18  stm32f4xx_tim.o(.text)
    TIM_OC2FastConfig                        0x0800c221   Thumb Code    26  stm32f4xx_tim.o(.text)
    TIM_OC3FastConfig                        0x0800c23b   Thumb Code    18  stm32f4xx_tim.o(.text)
    TIM_OC4FastConfig                        0x0800c24d   Thumb Code    26  stm32f4xx_tim.o(.text)
    TIM_ClearOC1Ref                          0x0800c267   Thumb Code    18  stm32f4xx_tim.o(.text)
    TIM_ClearOC2Ref                          0x0800c279   Thumb Code    24  stm32f4xx_tim.o(.text)
    TIM_ClearOC3Ref                          0x0800c291   Thumb Code    18  stm32f4xx_tim.o(.text)
    TIM_ClearOC4Ref                          0x0800c2a3   Thumb Code    24  stm32f4xx_tim.o(.text)
    TIM_OC1PolarityConfig                    0x0800c2bb   Thumb Code    18  stm32f4xx_tim.o(.text)
    TIM_OC1NPolarityConfig                   0x0800c2cd   Thumb Code    18  stm32f4xx_tim.o(.text)
    TIM_OC2PolarityConfig                    0x0800c2df   Thumb Code    26  stm32f4xx_tim.o(.text)
    TIM_OC2NPolarityConfig                   0x0800c2f9   Thumb Code    26  stm32f4xx_tim.o(.text)
    TIM_OC3PolarityConfig                    0x0800c313   Thumb Code    26  stm32f4xx_tim.o(.text)
    TIM_OC3NPolarityConfig                   0x0800c32d   Thumb Code    26  stm32f4xx_tim.o(.text)
    TIM_OC4PolarityConfig                    0x0800c347   Thumb Code    26  stm32f4xx_tim.o(.text)
    TIM_CCxCmd                               0x0800c361   Thumb Code    30  stm32f4xx_tim.o(.text)
    TIM_CCxNCmd                              0x0800c37f   Thumb Code    30  stm32f4xx_tim.o(.text)
    TIM_SetIC4Prescaler                      0x0800c39d   Thumb Code    26  stm32f4xx_tim.o(.text)
    TIM_SetIC3Prescaler                      0x0800c407   Thumb Code    18  stm32f4xx_tim.o(.text)
    TIM_SetIC2Prescaler                      0x0800c461   Thumb Code    26  stm32f4xx_tim.o(.text)
    TIM_SetIC1Prescaler                      0x0800c4d5   Thumb Code    18  stm32f4xx_tim.o(.text)
    TIM_ICInit                               0x0800c521   Thumb Code   110  stm32f4xx_tim.o(.text)
    TIM_ICStructInit                         0x0800c58f   Thumb Code    18  stm32f4xx_tim.o(.text)
    TIM_PWMIConfig                           0x0800c5a1   Thumb Code   124  stm32f4xx_tim.o(.text)
    TIM_GetCapture1                          0x0800c61d   Thumb Code     6  stm32f4xx_tim.o(.text)
    TIM_GetCapture2                          0x0800c623   Thumb Code     6  stm32f4xx_tim.o(.text)
    TIM_GetCapture3                          0x0800c629   Thumb Code     6  stm32f4xx_tim.o(.text)
    TIM_GetCapture4                          0x0800c62f   Thumb Code     6  stm32f4xx_tim.o(.text)
    TIM_BDTRConfig                           0x0800c635   Thumb Code    32  stm32f4xx_tim.o(.text)
    TIM_BDTRStructInit                       0x0800c655   Thumb Code    18  stm32f4xx_tim.o(.text)
    TIM_CtrlPWMOutputs                       0x0800c667   Thumb Code    30  stm32f4xx_tim.o(.text)
    TIM_SelectCOM                            0x0800c685   Thumb Code    24  stm32f4xx_tim.o(.text)
    TIM_CCPreloadControl                     0x0800c69d   Thumb Code    24  stm32f4xx_tim.o(.text)
    TIM_ITConfig                             0x0800c6b5   Thumb Code    18  stm32f4xx_tim.o(.text)
    TIM_GenerateEvent                        0x0800c6c7   Thumb Code     4  stm32f4xx_tim.o(.text)
    TIM_GetFlagStatus                        0x0800c6cb   Thumb Code    18  stm32f4xx_tim.o(.text)
    TIM_ClearFlag                            0x0800c6dd   Thumb Code     6  stm32f4xx_tim.o(.text)
    TIM_GetITStatus                          0x0800c6e3   Thumb Code    34  stm32f4xx_tim.o(.text)
    TIM_ClearITPendingBit                    0x0800c705   Thumb Code     6  stm32f4xx_tim.o(.text)
    TIM_DMAConfig                            0x0800c70b   Thumb Code    10  stm32f4xx_tim.o(.text)
    TIM_DMACmd                               0x0800c715   Thumb Code    18  stm32f4xx_tim.o(.text)
    TIM_SelectCCDMA                          0x0800c727   Thumb Code    24  stm32f4xx_tim.o(.text)
    TIM_InternalClockConfig                  0x0800c73f   Thumb Code    12  stm32f4xx_tim.o(.text)
    TIM_SelectInputTrigger                   0x0800c74b   Thumb Code    18  stm32f4xx_tim.o(.text)
    TIM_ITRxExternalClockConfig              0x0800c75d   Thumb Code    24  stm32f4xx_tim.o(.text)
    TIM_TIxExternalClockConfig               0x0800c775   Thumb Code    62  stm32f4xx_tim.o(.text)
    TIM_ETRConfig                            0x0800c7b3   Thumb Code    28  stm32f4xx_tim.o(.text)
    TIM_ETRClockMode1Config                  0x0800c7cf   Thumb Code    54  stm32f4xx_tim.o(.text)
    TIM_ETRClockMode2Config                  0x0800c805   Thumb Code    32  stm32f4xx_tim.o(.text)
    TIM_SelectOutputTrigger                  0x0800c825   Thumb Code    18  stm32f4xx_tim.o(.text)
    TIM_SelectSlaveMode                      0x0800c837   Thumb Code    18  stm32f4xx_tim.o(.text)
    TIM_SelectMasterSlaveMode                0x0800c849   Thumb Code    18  stm32f4xx_tim.o(.text)
    TIM_EncoderInterfaceConfig               0x0800c85b   Thumb Code    66  stm32f4xx_tim.o(.text)
    TIM_SelectHallSensor                     0x0800c89d   Thumb Code    24  stm32f4xx_tim.o(.text)
    TIM_RemapConfig                          0x0800c8b5   Thumb Code     6  stm32f4xx_tim.o(.text)
    OS_TaskStatStkChk                        0x0800c8bd   Thumb Code    54  os_core.o(.text)
    OS_TaskStat                              0x0800c8f3   Thumb Code   116  os_core.o(.text)
    OS_TaskIdle                              0x0800c99b   Thumb Code    34  os_core.o(.text)
    OS_MemClr                                0x0800c9f1   Thumb Code    18  os_core.o(.text)
    OSInit                                   0x0800cb0f   Thumb Code    44  os_core.o(.text)
    OSIntEnter                               0x0800cb3b   Thumb Code    28  os_core.o(.text)
    OSIntExit                                0x0800cb71   Thumb Code   112  os_core.o(.text)
    OSSchedLock                              0x0800cbe1   Thumb Code    50  os_core.o(.text)
    OS_Sched                                 0x0800cc13   Thumb Code    88  os_core.o(.text)
    OSSchedUnlock                            0x0800cc6b   Thumb Code   238  os_core.o(.text)
    OSStart                                  0x0800cd59   Thumb Code    48  os_core.o(.text)
    OSStatInit                               0x0800cd89   Thumb Code    62  os_core.o(.text)
    OSTimeTick                               0x0800cdc7   Thumb Code   210  os_core.o(.text)
    OSVersion                                0x0800ce99   Thumb Code     6  os_core.o(.text)
    OS_Dummy                                 0x0800ce9f   Thumb Code     2  os_core.o(.text)
    OS_EventTaskRemove                       0x0800cea1   Thumb Code    42  os_core.o(.text)
    OS_EventTaskRdy                          0x0800cecb   Thumb Code   114  os_core.o(.text)
    OS_EventTaskWait                         0x0800cf3d   Thumb Code   112  os_core.o(.text)
    OS_EventWaitListInit                     0x0800cfad   Thumb Code    28  os_core.o(.text)
    OS_MemCopy                               0x0800cfc9   Thumb Code    20  os_core.o(.text)
    OS_StrLen                                0x0800cfdd   Thumb Code    20  os_core.o(.text)
    OS_TCBInit                               0x0800cff1   Thumb Code   280  os_core.o(.text)
    OSFlagAccept                             0x0800d14d   Thumb Code   252  os_flag.o(.text)
    OSFlagCreate                             0x0800d249   Thumb Code    86  os_flag.o(.text)
    OS_FlagUnlink                            0x0800d29f   Thumb Code    36  os_flag.o(.text)
    OSFlagDel                                0x0800d315   Thumb Code   214  os_flag.o(.text)
    OSFlagNameGet                            0x0800d3eb   Thumb Code    80  os_flag.o(.text)
    OSFlagNameSet                            0x0800d43b   Thumb Code    66  os_flag.o(.text)
    OSFlagPend                               0x0800d515   Thumb Code   614  os_flag.o(.text)
    OSFlagPendGetFlagsRdy                    0x0800d77b   Thumb Code    26  os_flag.o(.text)
    OSFlagPost                               0x0800d795   Thumb Code   312  os_flag.o(.text)
    OSFlagQuery                              0x0800d8cd   Thumb Code    48  os_flag.o(.text)
    OS_FlagInit                              0x0800d8fd   Thumb Code    78  os_flag.o(.text)
    OSMboxAccept                             0x0800d959   Thumb Code    38  os_mbox.o(.text)
    OSMboxCreate                             0x0800d97f   Thumb Code    68  os_mbox.o(.text)
    OSMboxDel                                0x0800d9c3   Thumb Code   200  os_mbox.o(.text)
    OSMboxPend                               0x0800da8b   Thumb Code   246  os_mbox.o(.text)
    OSMboxPendAbort                          0x0800db81   Thumb Code   128  os_mbox.o(.text)
    OSMboxPost                               0x0800dc01   Thumb Code    80  os_mbox.o(.text)
    OSMboxPostOpt                            0x0800dc51   Thumb Code   120  os_mbox.o(.text)
    OSMboxQuery                              0x0800dcc9   Thumb Code    76  os_mbox.o(.text)
    OSQAccept                                0x0800dd25   Thumb Code    88  os_q.o(.text)
    OSQCreate                                0x0800dd7d   Thumb Code   140  os_q.o(.text)
    OSQDel                                   0x0800de09   Thumb Code   236  os_q.o(.text)
    OSQFlush                                 0x0800def5   Thumb Code    36  os_q.o(.text)
    OSQPend                                  0x0800df19   Thumb Code   272  os_q.o(.text)
    OSQPendAbort                             0x0800e029   Thumb Code   128  os_q.o(.text)
    OSQPost                                  0x0800e0a9   Thumb Code   114  os_q.o(.text)
    OSQPostFront                             0x0800e11b   Thumb Code   136  os_q.o(.text)
    OSQPostOpt                               0x0800e1a3   Thumb Code   182  os_q.o(.text)
    OSQQuery                                 0x0800e259   Thumb Code    98  os_q.o(.text)
    OS_QInit                                 0x0800e2bb   Thumb Code    72  os_q.o(.text)
    OSTaskChangePrio                         0x0800e30d   Thumb Code   308  os_task.o(.text)
    OSTaskCreate                             0x0800e441   Thumb Code   148  os_task.o(.text)
    OS_TaskStkClr                            0x0800e4d5   Thumb Code    26  os_task.o(.text)
    OSTaskCreateExt                          0x0800e4ef   Thumb Code   170  os_task.o(.text)
    OSTaskDel                                0x0800e599   Thumb Code   294  os_task.o(.text)
    OSTaskDelReq                             0x0800e6bf   Thumb Code   144  os_task.o(.text)
    OSTaskNameGet                            0x0800e74f   Thumb Code   114  os_task.o(.text)
    OSTaskNameSet                            0x0800e7c1   Thumb Code    98  os_task.o(.text)
    OSTaskResume                             0x0800e823   Thumb Code   154  os_task.o(.text)
    OSTaskStkChk                             0x0800e8bd   Thumb Code   132  os_task.o(.text)
    OSTaskSuspend                            0x0800e941   Thumb Code   152  os_task.o(.text)
    OSTaskQuery                              0x0800e9d9   Thumb Code    82  os_task.o(.text)
    OSTaskRegGet                             0x0800ea2b   Thumb Code    60  os_task.o(.text)
    OSTaskRegSet                             0x0800ea67   Thumb Code    62  os_task.o(.text)
    OS_TaskReturn                            0x0800eaa5   Thumb Code    18  os_task.o(.text)
    OSTimeDly                                0x0800ead1   Thumb Code   100  os_time.o(.text)
    OSTimeDlyHMSM                            0x0800eb35   Thumb Code    86  os_time.o(.text)
    OSTimeDlyResume                          0x0800eb8b   Thumb Code   168  os_time.o(.text)
    OSTimeGet                                0x0800ec33   Thumb Code    24  os_time.o(.text)
    OSTimeSet                                0x0800ec4b   Thumb Code    24  os_time.o(.text)
    OS_CPU_SR_Save                           0x0800ec81   Thumb Code     0  os_cpu_a.o(.text)
    OS_CPU_SR_Restore                        0x0800ec89   Thumb Code     0  os_cpu_a.o(.text)
    OSStartHighRdy                           0x0800ec8f   Thumb Code     0  os_cpu_a.o(.text)
    OSCtxSw                                  0x0800ecb3   Thumb Code     0  os_cpu_a.o(.text)
    OSIntCtxSw                               0x0800ecc1   Thumb Code     0  os_cpu_a.o(.text)
    PendSV_Handler                           0x0800ecd1   Thumb Code     0  os_cpu_a.o(.text)
    OSInitHookBegin                          0x0800ed49   Thumb Code     2  os_cpu_c.o(.text)
    OSInitHookEnd                            0x0800ed4b   Thumb Code     2  os_cpu_c.o(.text)
    OSTaskCreateHook                         0x0800ed4d   Thumb Code     2  os_cpu_c.o(.text)
    OSTaskDelHook                            0x0800ed4f   Thumb Code     2  os_cpu_c.o(.text)
    OSTaskIdleHook                           0x0800ed51   Thumb Code     2  os_cpu_c.o(.text)
    OSTaskStatHook                           0x0800ed53   Thumb Code     2  os_cpu_c.o(.text)
    OSTaskStkInit                            0x0800ed55   Thumb Code   426  os_cpu_c.o(.text)
    OSTaskSwHook                             0x0800eeff   Thumb Code     2  os_cpu_c.o(.text)
    OSTCBInitHook                            0x0800ef01   Thumb Code     2  os_cpu_c.o(.text)
    OSTimeTickHook                           0x0800ef03   Thumb Code     2  os_cpu_c.o(.text)
    OSTaskReturnHook                         0x0800ef05   Thumb Code     2  os_cpu_c.o(.text)
    Get_HzMat                                0x0800ef0d   Thumb Code   220  text.o(.text)
    Show_Font                                0x0800efe9   Thumb Code   190  text.o(.text)
    Show_Str                                 0x0800f0a7   Thumb Code   192  text.o(.text)
    Show_Str_Mid                             0x0800f167   Thumb Code   106  text.o(.text)
    disk_initialize                          0x0800f1e1   Thumb Code    52  diskio.o(.text)
    disk_status                              0x0800f215   Thumb Code     6  diskio.o(.text)
    disk_read                                0x0800f21b   Thumb Code    98  diskio.o(.text)
    disk_write                               0x0800f27d   Thumb Code    98  diskio.o(.text)
    disk_ioctl                               0x0800f2df   Thumb Code   170  diskio.o(.text)
    get_fattime                              0x0800f389   Thumb Code     4  diskio.o(.text)
    ff_memalloc                              0x0800f38d   Thumb Code    14  diskio.o(.text)
    ff_memfree                               0x0800f39b   Thumb Code    14  diskio.o(.text)
    mf_mount                                 0x0800f3b1   Thumb Code    20  fattester.o(.text)
    mf_open                                  0x0800f3c5   Thumb Code    24  fattester.o(.text)
    mf_close                                 0x0800f3dd   Thumb Code    14  fattester.o(.text)
    mf_read                                  0x0800f3eb   Thumb Code   224  fattester.o(.text)
    mf_write                                 0x0800f4cb   Thumb Code    68  fattester.o(.text)
    mf_opendir                               0x0800f50f   Thumb Code    14  fattester.o(.text)
    mf_closedir                              0x0800f51d   Thumb Code    10  fattester.o(.text)
    mf_readdir                               0x0800f527   Thumb Code   204  fattester.o(.text)
    mf_scan_files                            0x0800f5f3   Thumb Code   120  fattester.o(.text)
    mf_showfree                              0x0800f66b   Thumb Code    88  fattester.o(.text)
    mf_lseek                                 0x0800f6c3   Thumb Code    16  fattester.o(.text)
    mf_tell                                  0x0800f6d3   Thumb Code     8  fattester.o(.text)
    mf_size                                  0x0800f6db   Thumb Code     8  fattester.o(.text)
    mf_mkdir                                 0x0800f6e3   Thumb Code    12  fattester.o(.text)
    mf_fmkfs                                 0x0800f6ef   Thumb Code    20  fattester.o(.text)
    mf_unlink                                0x0800f703   Thumb Code    12  fattester.o(.text)
    mf_rename                                0x0800f70f   Thumb Code    16  fattester.o(.text)
    mf_getlabel                              0x0800f71f   Thumb Code    58  fattester.o(.text)
    mf_setlabel                              0x0800f759   Thumb Code    34  fattester.o(.text)
    mf_gets                                  0x0800f77b   Thumb Code   698  fattester.o(.text)
    mf_putc                                  0x0800fa35   Thumb Code    18  fattester.o(.text)
    mf_puts                                  0x0800fa47   Thumb Code    18  fattester.o(.text)
    ff_convert                               0x0800fa79   Thumb Code   146  mycc936.o(.text)
    ff_wtoupper                              0x0800fb0b   Thumb Code    46  mycc936.o(.text)
    clust2sect                               0x0800fcf3   Thumb Code    26  ff.o(.text)
    get_fat                                  0x0800fd0d   Thumb Code   232  ff.o(.text)
    put_fat                                  0x0800fdf5   Thumb Code   310  ff.o(.text)
    dir_sdi                                  0x0801009f   Thumb Code   158  ff.o(.text)
    f_mount                                  0x08011107   Thumb Code    86  ff.o(.text)
    f_open                                   0x0801115d   Thumb Code   384  ff.o(.text)
    f_read                                   0x080112dd   Thumb Code   450  ff.o(.text)
    f_write                                  0x0801149f   Thumb Code   498  ff.o(.text)
    f_sync                                   0x08011691   Thumb Code   176  ff.o(.text)
    f_close                                  0x08011741   Thumb Code    32  ff.o(.text)
    f_lseek                                  0x08011761   Thumb Code   654  ff.o(.text)
    f_opendir                                0x080119ef   Thumb Code   136  ff.o(.text)
    f_closedir                               0x08011a77   Thumb Code    22  ff.o(.text)
    f_readdir                                0x08011a8d   Thumb Code   114  ff.o(.text)
    f_stat                                   0x08011aff   Thumb Code    84  ff.o(.text)
    f_getfree                                0x08011b53   Thumb Code   258  ff.o(.text)
    f_truncate                               0x08011c55   Thumb Code   184  ff.o(.text)
    f_unlink                                 0x08011d0d   Thumb Code   194  ff.o(.text)
    f_mkdir                                  0x08011dcf   Thumb Code   380  ff.o(.text)
    f_chmod                                  0x08011f4b   Thumb Code   112  ff.o(.text)
    f_utime                                  0x08011fbb   Thumb Code   110  ff.o(.text)
    f_rename                                 0x08012029   Thumb Code   314  ff.o(.text)
    f_getlabel                               0x08012163   Thumb Code   190  ff.o(.text)
    f_setlabel                               0x08012221   Thumb Code   470  ff.o(.text)
    f_mkfs                                   0x080123f7   Thumb Code  1570  ff.o(.text)
    f_gets                                   0x08012a19   Thumb Code    82  ff.o(.text)
    f_putc                                   0x08012aaf   Thumb Code    64  ff.o(.text)
    f_puts                                   0x08012aef   Thumb Code    74  ff.o(.text)
    f_printf                                 0x08012b39   Thumb Code   674  ff.o(.text)
    mymemcpy                                 0x08012ddd   Thumb Code    26  malloc.o(.text)
    mymemset                                 0x08012df7   Thumb Code    20  malloc.o(.text)
    my_mem_init                              0x08012e0b   Thumb Code    54  malloc.o(.text)
    my_mem_perused                           0x08012e41   Thumb Code    54  malloc.o(.text)
    my_mem_malloc                            0x08012e77   Thumb Code   154  malloc.o(.text)
    my_mem_free                              0x08012f11   Thumb Code    94  malloc.o(.text)
    myfree                                   0x08012f6f   Thumb Code    32  malloc.o(.text)
    mymalloc                                 0x08012f8f   Thumb Code    36  malloc.o(.text)
    myrealloc                                0x08012fb3   Thumb Code    68  malloc.o(.text)
    usmart_sys_cmd_exe                       0x08013009   Thumb Code  1554  usmart.o(.text)
    usmart_reset_runtime                     0x0801361b   Thumb Code    38  usmart.o(.text)
    usmart_get_runtime                       0x08013641   Thumb Code    60  usmart.o(.text)
    TIM4_IRQHandler                          0x0801367d   Thumb Code    46  usmart.o(.text)
    Timer4_Init                              0x080136ab   Thumb Code    86  usmart.o(.text)
    usmart_init                              0x08013701   Thumb Code    36  usmart.o(.text)
    usmart_cmd_rec                           0x08013725   Thumb Code   170  usmart.o(.text)
    usmart_exe                               0x080137cf   Thumb Code   868  usmart.o(.text)
    usmart_scan                              0x08013b33   Thumb Code   120  usmart.o(.text)
    read_addr                                0x08013bab   Thumb Code     6  usmart.o(.text)
    write_addr                               0x08013bb1   Thumb Code     4  usmart.o(.text)
    usmart_strcmp                            0x08013c3d   Thumb Code    34  usmart_str.o(.text)
    usmart_strcopy                           0x08013c5f   Thumb Code    22  usmart_str.o(.text)
    usmart_strlen                            0x08013c75   Thumb Code    24  usmart_str.o(.text)
    usmart_pow                               0x08013c8d   Thumb Code    22  usmart_str.o(.text)
    usmart_str2num                           0x08013ca3   Thumb Code   202  usmart_str.o(.text)
    usmart_get_cmdname                       0x08013d6d   Thumb Code    54  usmart_str.o(.text)
    usmart_search_nextc                      0x08013da3   Thumb Code    22  usmart_str.o(.text)
    usmart_get_fname                         0x08013db9   Thumb Code   440  usmart_str.o(.text)
    usmart_get_aparm                         0x08013f71   Thumb Code   200  usmart_str.o(.text)
    usmart_get_parmpos                       0x08014039   Thumb Code    26  usmart_str.o(.text)
    usmart_get_fparam                        0x08014053   Thumb Code   262  usmart_str.o(.text)
    __use_no_semihosting                     0x08014165   Thumb Code     2  use_no_semi_2.o(.text)
    __aeabi_ldivmod                          0x08014167   Thumb Code     0  llsdiv.o(.text)
    _ll_sdiv                                 0x08014167   Thumb Code    72  llsdiv.o(.text)
    __2printf                                0x080141b1   Thumb Code    20  noretval__2printf.o(.text)
    _printf_pre_padding                      0x080141c9   Thumb Code    44  _printf_pad.o(.text)
    _printf_post_padding                     0x080141f5   Thumb Code    34  _printf_pad.o(.text)
    _printf_str                              0x08014217   Thumb Code    82  _printf_str.o(.text)
    _printf_int_dec                          0x08014269   Thumb Code   104  _printf_dec.o(.text)
    _printf_int_hex                          0x080142e1   Thumb Code    84  _printf_hex_int.o(.text)
    _printf_longlong_hex                     0x080142e1   Thumb Code     0  _printf_hex_int.o(.text)
    __printf                                 0x08014339   Thumb Code   388  __printf_flags_ss_wp.o(.text)
    strlen                                   0x080144c1   Thumb Code    62  strlen.o(.text)
    __aeabi_memcpy                           0x080144ff   Thumb Code     0  rt_memcpy_v6.o(.text)
    __rt_memcpy                              0x080144ff   Thumb Code   138  rt_memcpy_v6.o(.text)
    _memcpy_lastbytes                        0x08014565   Thumb Code     0  rt_memcpy_v6.o(.text)
    strcmp                                   0x08014589   Thumb Code   128  strcmpv7m.o(.text)
    __use_two_region_memory                  0x08014609   Thumb Code     2  heapauxi.o(.text)
    __rt_heap_escrow$2region                 0x0801460b   Thumb Code     2  heapauxi.o(.text)
    __rt_heap_expand$2region                 0x0801460d   Thumb Code     2  heapauxi.o(.text)
    __I$use$semihosting                      0x0801460f   Thumb Code     0  use_no_semi.o(.text)
    __use_no_semihosting_swi                 0x0801460f   Thumb Code     2  use_no_semi.o(.text)
    __aeabi_uldivmod                         0x08014611   Thumb Code     0  lludivv7m.o(.text)
    _ll_udiv                                 0x08014611   Thumb Code   238  lludivv7m.o(.text)
    __read_errno                             0x080146ff   Thumb Code    10  _rserrno.o(.text)
    __set_errno                              0x08014709   Thumb Code    12  _rserrno.o(.text)
    _printf_int_common                       0x08014715   Thumb Code   178  _printf_intcommon.o(.text)
    _printf_cs_common                        0x080147c7   Thumb Code    20  _printf_char.o(.text)
    _printf_char                             0x080147db   Thumb Code    16  _printf_char.o(.text)
    _printf_string                           0x080147eb   Thumb Code     8  _printf_char.o(.text)
    _printf_char_file                        0x080147f5   Thumb Code    32  _printf_char_file.o(.text)
    __aeabi_memcpy4                          0x08014819   Thumb Code     0  rt_memcpy_w.o(.text)
    __aeabi_memcpy8                          0x08014819   Thumb Code     0  rt_memcpy_w.o(.text)
    __rt_memcpy_w                            0x08014819   Thumb Code   100  rt_memcpy_w.o(.text)
    _memcpy_lastbytes_aligned                0x08014861   Thumb Code     0  rt_memcpy_w.o(.text)
    __aeabi_errno_addr                       0x0801487d   Thumb Code     8  rt_errno_addr_intlibspace.o(.text)
    __errno$intlibspace                      0x0801487d   Thumb Code     0  rt_errno_addr_intlibspace.o(.text)
    __rt_errno_addr$intlibspace              0x0801487d   Thumb Code     0  rt_errno_addr_intlibspace.o(.text)
    _printf_char_common                      0x0801488f   Thumb Code    32  _printf_char_common.o(.text)
    ferror                                   0x080148b5   Thumb Code     8  ferror.o(.text)
    __user_libspace                          0x080148bd   Thumb Code     8  libspace.o(.text)
    __user_perproc_libspace                  0x080148bd   Thumb Code     0  libspace.o(.text)
    __user_perthread_libspace                0x080148bd   Thumb Code     0  libspace.o(.text)
    __user_setup_stackheap                   0x080148c5   Thumb Code    74  sys_stackheap_outer.o(.text)
    exit                                     0x0801490f   Thumb Code    18  exit.o(.text)
    __hardfp_sqrt                            0x08014921   Thumb Code   122  sqrt.o(i.__hardfp_sqrt)
    _is_digit                                0x0801499b   Thumb Code    14  __printf_wp.o(i._is_digit)
    __aeabi_dadd                             0x080149a9   Thumb Code     0  daddsub_clz.o(x$fpl$dadd)
    _dadd                                    0x080149a9   Thumb Code   332  daddsub_clz.o(x$fpl$dadd)
    __fpl_dcmp_Inf                           0x08014af9   Thumb Code    24  dcmpi.o(x$fpl$dcmpinf)
    __aeabi_d2uiz                            0x08014b11   Thumb Code     0  dfixu.o(x$fpl$dfixu)
    _dfixu                                   0x08014b11   Thumb Code    90  dfixu.o(x$fpl$dfixu)
    __aeabi_i2d                              0x08014b6b   Thumb Code     0  dflt_clz.o(x$fpl$dflt)
    _dflt                                    0x08014b6b   Thumb Code    46  dflt_clz.o(x$fpl$dflt)
    __aeabi_ui2d                             0x08014b99   Thumb Code     0  dflt_clz.o(x$fpl$dfltu)
    _dfltu                                   0x08014b99   Thumb Code    38  dflt_clz.o(x$fpl$dfltu)
    __aeabi_cdcmple                          0x08014bc1   Thumb Code     0  dleqf.o(x$fpl$dleqf)
    _dcmple                                  0x08014bc1   Thumb Code   120  dleqf.o(x$fpl$dleqf)
    __fpl_dcmple_InfNaN                      0x08014c23   Thumb Code     0  dleqf.o(x$fpl$dleqf)
    __aeabi_dmul                             0x08014c39   Thumb Code     0  dmul.o(x$fpl$dmul)
    _dmul                                    0x08014c39   Thumb Code   332  dmul.o(x$fpl$dmul)
    __fpl_dnaninf                            0x08014d8d   Thumb Code   156  dnaninf.o(x$fpl$dnaninf)
    __fpl_dretinf                            0x08014e29   Thumb Code    12  dretinf.o(x$fpl$dretinf)
    __aeabi_cdrcmple                         0x08014e35   Thumb Code     0  drleqf.o(x$fpl$drleqf)
    _drcmple                                 0x08014e35   Thumb Code   108  drleqf.o(x$fpl$drleqf)
    __aeabi_drsub                            0x08014ea1   Thumb Code     0  daddsub_clz.o(x$fpl$drsb)
    _drsb                                    0x08014ea1   Thumb Code    22  daddsub_clz.o(x$fpl$drsb)
    _dsqrt                                   0x08014eb9   Thumb Code   404  dsqrt_umaal.o(x$fpl$dsqrt)
    __aeabi_dsub                             0x08015051   Thumb Code     0  daddsub_clz.o(x$fpl$dsub)
    _dsub                                    0x08015051   Thumb Code   464  daddsub_clz.o(x$fpl$dsub)
    __aeabi_f2d                              0x08015225   Thumb Code     0  f2d.o(x$fpl$f2d)
    _f2d                                     0x08015225   Thumb Code    86  f2d.o(x$fpl$f2d)
    __fpl_fnaninf                            0x0801527b   Thumb Code   140  fnaninf.o(x$fpl$fnaninf)
    _fp_init                                 0x08015307   Thumb Code    10  fpinit.o(x$fpl$fpinit)
    __fplib_config_fpu_vfp                   0x0801530f   Thumb Code     0  fpinit.o(x$fpl$fpinit)
    __fplib_config_pureend_doubles           0x0801530f   Thumb Code     0  fpinit.o(x$fpl$fpinit)
    __I$use$fp                               0x08015310   Number         0  usenofp.o(x$fpl$usenofp)
    asc2_1206                                0x08015310   Data        1140  lcd.o(.constdata)
    asc2_1608                                0x08015784   Data        1520  lcd.o(.constdata)
    asc2_2412                                0x08015d74   Data        3420  lcd.o(.constdata)
    GT9147_CFG_TBL                           0x08016ad0   Data         184  gt9147.o(.constdata)
    GT9147_TPX_TBL                           0x08016b88   Data          10  gt9147.o(.constdata)
    OTT_TPX_TBL                              0x08016b92   Data          10  ott2001a.o(.constdata)
    FT5206_TPX_TBL                           0x08016b9c   Data          10  ft5206.o(.constdata)
    TP_REMIND_MSG_TBL                        0x08016ba8   Data           4  touch.o(.constdata)
    FSMC_DefaultTimingStruct                 0x08016bac   Data          28  stm32f4xx_fsmc.o(.constdata)
    OSUnMapTbl                               0x08016bc8   Data         256  os_core.o(.constdata)
    memtblsize                               0x080170c4   Data          12  malloc.o(.constdata)
    memblksize                               0x080170d0   Data          12  malloc.o(.constdata)
    memsize                                  0x080170dc   Data          12  malloc.o(.constdata)
    Region$$Table$$Base                      0x080174e8   Number         0  anon$$obj.o(Region$$Table)
    Region$$Table$$Limit                     0x08017508   Number         0  anon$$obj.o(Region$$Table)
    mem3base                                 0x10000000   Data       61440  malloc.o(.ARM.__AT_0x10000000)
    mem3mapbase                              0x1000f000   Data        3840  malloc.o(.ARM.__AT_0x1000F000)
    msg_key                                  0x20000000   Data           4  main.o(.data)
    SystemCoreClock                          0x20000004   Data           4  system_stm32f4xx.o(.data)
    AHBPrescTable                            0x20000008   Data          16  system_stm32f4xx.o(.data)
    POINT_COLOR                              0x20000018   Data           2  lcd.o(.data)
    BACK_COLOR                               0x2000001a   Data           2  lcd.o(.data)
    tp_dev                                   0x20000020   Data          52  touch.o(.data)
    CMD_RDX                                  0x20000054   Data           1  touch.o(.data)
    CMD_RDY                                  0x20000055   Data           1  touch.o(.data)
    TransferError                            0x20000062   Data           1  sdio_sdcard.o(.data)
    TransferEnd                              0x20000063   Data           1  sdio_sdcard.o(.data)
    tempbuff                                 0x20000064   Data           4  sdio_sdcard.o(.data)
    W25QXX_TYPE                              0x20000068   Data           2  w25qxx.o(.data)
    __stdout                                 0x20000070   Data           4  usart.o(.data)
    USART_RX_STA                             0x20000074   Data           2  usart.o(.data)
    OSCtxSwCtr                               0x20000088   Data           4  os_core.o(.data)
    OSEventFreeList                          0x2000008c   Data           4  os_core.o(.data)
    OSFlagFreeList                           0x20000090   Data           4  os_core.o(.data)
    OSCPUUsage                               0x20000094   Data           1  os_core.o(.data)
    OSIdleCtrMax                             0x20000098   Data           4  os_core.o(.data)
    OSIdleCtrRun                             0x2000009c   Data           4  os_core.o(.data)
    OSStatRdy                                0x200000a0   Data           1  os_core.o(.data)
    OSIntNesting                             0x200000a1   Data           1  os_core.o(.data)
    OSLockNesting                            0x200000a2   Data           1  os_core.o(.data)
    OSPrioCur                                0x200000a3   Data           1  os_core.o(.data)
    OSPrioHighRdy                            0x200000a4   Data           1  os_core.o(.data)
    OSRdyGrp                                 0x200000a5   Data           1  os_core.o(.data)
    OSRdyTbl                                 0x200000a6   Data           8  os_core.o(.data)
    OSRunning                                0x200000ae   Data           1  os_core.o(.data)
    OSTaskCtr                                0x200000af   Data           1  os_core.o(.data)
    OSIdleCtr                                0x200000b0   Data           4  os_core.o(.data)
    OSTCBCur                                 0x200000b4   Data           4  os_core.o(.data)
    OSTCBFreeList                            0x200000b8   Data           4  os_core.o(.data)
    OSTCBHighRdy                             0x200000bc   Data           4  os_core.o(.data)
    OSTCBList                                0x200000c0   Data           4  os_core.o(.data)
    OSTickStepState                          0x200000c4   Data           1  os_core.o(.data)
    OSQFreeList                              0x200000c8   Data           4  os_core.o(.data)
    OSTime                                   0x200000cc   Data           4  os_core.o(.data)
    FLASH_SECTOR_COUNT                       0x200000d0   Data           2  diskio.o(.data)
    FILE_TYPE_TBL                            0x200000d4   Data         312  exfuns.o(.data)
    fs                                       0x2000020c   Data           8  exfuns.o(.data)
    file                                     0x20000214   Data           4  exfuns.o(.data)
    ftemp                                    0x20000218   Data           4  exfuns.o(.data)
    br                                       0x2000021c   Data           4  exfuns.o(.data)
    bw                                       0x20000220   Data           4  exfuns.o(.data)
    fatbuf                                   0x20000224   Data           4  exfuns.o(.data)
    mallco_dev                               0x20000234   Data          36  malloc.o(.data)
    sys_cmd_tab                              0x20000258   Data          28  usmart.o(.data)
    usmart_nametab                           0x20000274   Data         216  usmart_config.o(.data)
    usmart_dev                               0x2000034c   Data         244  usmart_config.o(.data)
    START_TASK_STK                           0x20000440   Data         256  main.o(.bss)
    TOUCH_TASK_STK                           0x20000540   Data         512  main.o(.bss)
    LED_TASK_STK                             0x20000740   Data         256  main.o(.bss)
    MAIN_TASK_STK                            0x20000840   Data         512  main.o(.bss)
    KEY_TASK_STK                             0x20000a40   Data         256  main.o(.bss)
    lcddev                                   0x20000b40   Data          14  lcd.o(.bss)
    SDIO_InitStructure                       0x20000b50   Data          24  sdio_sdcard.o(.bss)
    SDIO_CmdInitStructure                    0x20000b68   Data          20  sdio_sdcard.o(.bss)
    SDIO_DataInitStructure                   0x20000b7c   Data          24  sdio_sdcard.o(.bss)
    SDCardInfo                               0x20000bb8   Data          88  sdio_sdcard.o(.bss)
    SDIO_DATA_BUFFER                         0x20000c10   Data         512  sdio_sdcard.o(.bss)
    W25QXX_BUFFER                            0x20000e10   Data        4096  w25qxx.o(.bss)
    USART_RX_BUF                             0x20001e10   Data         200  usart.o(.bss)
    OSEventTbl                               0x20001ed8   Data         200  os_core.o(.bss)
    OSFlagTbl                                0x20001fa0   Data          80  os_core.o(.bss)
    OSTaskStatStk                            0x20001ff0   Data         512  os_core.o(.bss)
    OSTaskIdleStk                            0x200021f0   Data         512  os_core.o(.bss)
    OSTCBPrioTbl                             0x200023f0   Data         256  os_core.o(.bss)
    OSTCBTbl                                 0x200024f0   Data        1008  os_core.o(.bss)
    OSQTbl                                   0x200028e0   Data         120  os_core.o(.bss)
    ftinfo                                   0x20002958   Data          33  fontupd.o(.bss)
    fileinfo                                 0x2000297c   Data          32  exfuns.o(.bss)
    dir                                      0x2000299c   Data          36  exfuns.o(.bss)
    mem1base                                 0x200029c0   Data       102400  malloc.o(.bss)
    mem1mapbase                              0x2001b9c0   Data        6400  malloc.o(.bss)
    __libspace_start                         0x2001d2c0   Data          96  libspace.o(.bss)
    __temporary_stack_top$libspace           0x2001d320   Data           0  libspace.o(.bss)
    mem2base                                 0x68000000   Data       983040  malloc.o(.ARM.__AT_0x68000000)
    mem2mapbase                              0x680f0000   Data       61440  malloc.o(.ARM.__AT_0x680F0000)



==============================================================================

Memory Map of the image

  Image Entry point : 0x08000189

  Load Region LR_IROM1 (Base: 0x08000000, Size: 0x00017948, Max: 0x00100000, ABSOLUTE, COMPRESSED[0x0001767c])

    Execution Region ER_IROM1 (Exec base: 0x08000000, Load base: 0x08000000, Size: 0x00017508, Max: 0x00100000, ABSOLUTE)

    Exec Addr    Load Addr    Size         Type   Attr      Idx    E Section Name        Object

    0x08000000   0x08000000   0x00000188   Data   RO          762    RESET               startup_stm32f40_41xxx.o
    0x08000188   0x08000188   0x00000008   Code   RO         1663  * !!!main             c_w.l(__main.o)
    0x08000190   0x08000190   0x00000034   Code   RO         1903    !!!scatter          c_w.l(__scatter.o)
    0x080001c4   0x080001c4   0x0000005a   Code   RO         1901    !!dczerorl2         c_w.l(__dczerorl2.o)
    0x0800021e   0x0800021e   0x00000002   PAD
    0x08000220   0x08000220   0x0000001c   Code   RO         1905    !!handler_zi        c_w.l(__scatter_zi.o)
    0x0800023c   0x0800023c   0x00000000   Code   RO         1650    .ARM.Collect$$_printf_percent$$00000000  c_w.l(_printf_percent.o)
    0x0800023c   0x0800023c   0x00000006   Code   RO         1648    .ARM.Collect$$_printf_percent$$00000009  c_w.l(_printf_d.o)
    0x08000242   0x08000242   0x00000006   Code   RO         1649    .ARM.Collect$$_printf_percent$$0000000A  c_w.l(_printf_u.o)
    0x08000248   0x08000248   0x00000006   Code   RO         1647    .ARM.Collect$$_printf_percent$$0000000C  c_w.l(_printf_x.o)
    0x0800024e   0x0800024e   0x00000006   Code   RO         1645    .ARM.Collect$$_printf_percent$$00000013  c_w.l(_printf_c.o)
    0x08000254   0x08000254   0x00000006   Code   RO         1646    .ARM.Collect$$_printf_percent$$00000014  c_w.l(_printf_s.o)
    0x0800025a   0x0800025a   0x00000004   Code   RO         1714    .ARM.Collect$$_printf_percent$$00000017  c_w.l(_printf_percent_end.o)
    0x0800025e   0x0800025e   0x00000002   Code   RO         1774    .ARM.Collect$$libinit$$00000000  c_w.l(libinit.o)
    0x08000260   0x08000260   0x00000004   Code   RO         1781    .ARM.Collect$$libinit$$00000001  c_w.l(libinit2.o)
    0x08000264   0x08000264   0x00000000   Code   RO         1784    .ARM.Collect$$libinit$$00000004  c_w.l(libinit2.o)
    0x08000264   0x08000264   0x00000000   Code   RO         1787    .ARM.Collect$$libinit$$0000000A  c_w.l(libinit2.o)
    0x08000264   0x08000264   0x00000000   Code   RO         1789    .ARM.Collect$$libinit$$0000000C  c_w.l(libinit2.o)
    0x08000264   0x08000264   0x00000000   Code   RO         1791    .ARM.Collect$$libinit$$0000000E  c_w.l(libinit2.o)
    0x08000264   0x08000264   0x00000000   Code   RO         1794    .ARM.Collect$$libinit$$00000011  c_w.l(libinit2.o)
    0x08000264   0x08000264   0x00000000   Code   RO         1796    .ARM.Collect$$libinit$$00000013  c_w.l(libinit2.o)
    0x08000264   0x08000264   0x00000000   Code   RO         1798    .ARM.Collect$$libinit$$00000015  c_w.l(libinit2.o)
    0x08000264   0x08000264   0x00000000   Code   RO         1800    .ARM.Collect$$libinit$$00000017  c_w.l(libinit2.o)
    0x08000264   0x08000264   0x00000000   Code   RO         1802    .ARM.Collect$$libinit$$00000019  c_w.l(libinit2.o)
    0x08000264   0x08000264   0x00000000   Code   RO         1804    .ARM.Collect$$libinit$$0000001B  c_w.l(libinit2.o)
    0x08000264   0x08000264   0x00000000   Code   RO         1806    .ARM.Collect$$libinit$$0000001D  c_w.l(libinit2.o)
    0x08000264   0x08000264   0x00000000   Code   RO         1808    .ARM.Collect$$libinit$$0000001F  c_w.l(libinit2.o)
    0x08000264   0x08000264   0x00000000   Code   RO         1810    .ARM.Collect$$libinit$$00000021  c_w.l(libinit2.o)
    0x08000264   0x08000264   0x00000000   Code   RO         1812    .ARM.Collect$$libinit$$00000023  c_w.l(libinit2.o)
    0x08000264   0x08000264   0x00000000   Code   RO         1814    .ARM.Collect$$libinit$$00000025  c_w.l(libinit2.o)
    0x08000264   0x08000264   0x00000000   Code   RO         1818    .ARM.Collect$$libinit$$0000002C  c_w.l(libinit2.o)
    0x08000264   0x08000264   0x00000000   Code   RO         1820    .ARM.Collect$$libinit$$0000002E  c_w.l(libinit2.o)
    0x08000264   0x08000264   0x00000000   Code   RO         1822    .ARM.Collect$$libinit$$00000030  c_w.l(libinit2.o)
    0x08000264   0x08000264   0x00000000   Code   RO         1824    .ARM.Collect$$libinit$$00000032  c_w.l(libinit2.o)
    0x08000264   0x08000264   0x00000002   Code   RO         1825    .ARM.Collect$$libinit$$00000033  c_w.l(libinit2.o)
    0x08000266   0x08000266   0x00000002   Code   RO         1853    .ARM.Collect$$libshutdown$$00000000  c_w.l(libshutdown.o)
    0x08000268   0x08000268   0x00000000   Code   RO         1867    .ARM.Collect$$libshutdown$$00000002  c_w.l(libshutdown2.o)
    0x08000268   0x08000268   0x00000000   Code   RO         1869    .ARM.Collect$$libshutdown$$00000004  c_w.l(libshutdown2.o)
    0x08000268   0x08000268   0x00000000   Code   RO         1872    .ARM.Collect$$libshutdown$$00000007  c_w.l(libshutdown2.o)
    0x08000268   0x08000268   0x00000000   Code   RO         1875    .ARM.Collect$$libshutdown$$0000000A  c_w.l(libshutdown2.o)
    0x08000268   0x08000268   0x00000000   Code   RO         1877    .ARM.Collect$$libshutdown$$0000000C  c_w.l(libshutdown2.o)
    0x08000268   0x08000268   0x00000000   Code   RO         1880    .ARM.Collect$$libshutdown$$0000000F  c_w.l(libshutdown2.o)
    0x08000268   0x08000268   0x00000002   Code   RO         1881    .ARM.Collect$$libshutdown$$00000010  c_w.l(libshutdown2.o)
    0x0800026a   0x0800026a   0x00000000   Code   RO         1703    .ARM.Collect$$rtentry$$00000000  c_w.l(__rtentry.o)
    0x0800026a   0x0800026a   0x00000000   Code   RO         1729    .ARM.Collect$$rtentry$$00000002  c_w.l(__rtentry2.o)
    0x0800026a   0x0800026a   0x00000006   Code   RO         1741    .ARM.Collect$$rtentry$$00000004  c_w.l(__rtentry4.o)
    0x08000270   0x08000270   0x00000000   Code   RO         1731    .ARM.Collect$$rtentry$$00000009  c_w.l(__rtentry2.o)
    0x08000270   0x08000270   0x00000004   Code   RO         1732    .ARM.Collect$$rtentry$$0000000A  c_w.l(__rtentry2.o)
    0x08000274   0x08000274   0x00000000   Code   RO         1734    .ARM.Collect$$rtentry$$0000000C  c_w.l(__rtentry2.o)
    0x08000274   0x08000274   0x00000008   Code   RO         1735    .ARM.Collect$$rtentry$$0000000D  c_w.l(__rtentry2.o)
    0x0800027c   0x0800027c   0x00000002   Code   RO         1775    .ARM.Collect$$rtexit$$00000000  c_w.l(rtexit.o)
    0x0800027e   0x0800027e   0x00000000   Code   RO         1827    .ARM.Collect$$rtexit$$00000002  c_w.l(rtexit2.o)
    0x0800027e   0x0800027e   0x00000004   Code   RO         1828    .ARM.Collect$$rtexit$$00000003  c_w.l(rtexit2.o)
    0x08000282   0x08000282   0x00000006   Code   RO         1829    .ARM.Collect$$rtexit$$00000004  c_w.l(rtexit2.o)
    0x08000288   0x08000288   0x00000010   Code   RO          713    .emb_text           sys.o
    0x08000298   0x08000298   0x000004e4   Code   RO            3    .text               main.o
    0x0800077c   0x0800077c   0x00000016   Code   RO          260    .text               stm32f4xx_it.o
    0x08000792   0x08000792   0x00000002   PAD
    0x08000794   0x08000794   0x00000210   Code   RO          309    .text               system_stm32f4xx.o
    0x080009a4   0x080009a4   0x00000040   Code   RO          335    .text               led.o
    0x080009e4   0x080009e4   0x00004c80   Code   RO          355    .text               lcd.o
    0x08005664   0x08005664   0x00000104   Code   RO          393    .text               key.o
    0x08005768   0x08005768   0x0000025c   Code   RO          414    .text               myiic.o
    0x080059c4   0x080059c4   0x0000017a   Code   RO          437    .text               24cxx.o
    0x08005b3e   0x08005b3e   0x00000002   PAD
    0x08005b40   0x08005b40   0x00000254   Code   RO          460    .text               ctiic.o
    0x08005d94   0x08005d94   0x00000448   Code   RO          483    .text               gt9147.o
    0x080061dc   0x080061dc   0x00000388   Code   RO          511    .text               ott2001a.o
    0x08006564   0x08006564   0x0000032c   Code   RO          535    .text               ft5206.o
    0x08006890   0x08006890   0x000010e0   Code   RO          559    .text               touch.o
    0x08007970   0x08007970   0x00001d60   Code   RO          587    .text               sdio_sdcard.o
    0x080096d0   0x080096d0   0x00000118   Code   RO          621    .text               spi.o
    0x080097e8   0x080097e8   0x00000388   Code   RO          664    .text               w25qxx.o
    0x08009b70   0x08009b70   0x00000128   Code   RO          691    .text               delay.o
    0x08009c98   0x08009c98   0x00000150   Code   RO          731    .text               usart.o
    0x08009de8   0x08009de8   0x00000040   Code   RO          763    .text               startup_stm32f40_41xxx.o
    0x08009e28   0x08009e28   0x000000e0   Code   RO          769    .text               misc.o
    0x08009f08   0x08009f08   0x00000294   Code   RO          789    .text               stm32f4xx_gpio.o
    0x0800a19c   0x0800a19c   0x000005c8   Code   RO          809    .text               stm32f4xx_fsmc.o
    0x0800a764   0x0800a764   0x0000065c   Code   RO          832    .text               stm32f4xx_rcc.o
    0x0800adc0   0x0800adc0   0x00000454   Code   RO          874    .text               stm32f4xx_usart.o
    0x0800b214   0x0800b214   0x000003a8   Code   RO          894    .text               stm32f4xx_dma.o
    0x0800b5bc   0x0800b5bc   0x000001dc   Code   RO          914    .text               stm32f4xx_sdio.o
    0x0800b798   0x0800b798   0x00000480   Code   RO          934    .text               stm32f4xx_spi.o
    0x0800bc18   0x0800bc18   0x00000ca2   Code   RO          954    .text               stm32f4xx_tim.o
    0x0800c8ba   0x0800c8ba   0x00000002   PAD
    0x0800c8bc   0x0800c8bc   0x00000890   Code   RO          974    .text               os_core.o
    0x0800d14c   0x0800d14c   0x0000080c   Code   RO         1002    .text               os_flag.o
    0x0800d958   0x0800d958   0x000003cc   Code   RO         1022    .text               os_mbox.o
    0x0800dd24   0x0800dd24   0x000005e8   Code   RO         1076    .text               os_q.o
    0x0800e30c   0x0800e30c   0x000007c4   Code   RO         1116    .text               os_task.o
    0x0800ead0   0x0800ead0   0x000001b0   Code   RO         1136    .text               os_time.o
    0x0800ec80   0x0800ec80   0x000000c8   Code   RO         1168    .text               os_cpu_a.o
    0x0800ed48   0x0800ed48   0x000001c4   Code   RO         1173    .text               os_cpu_c.o
    0x0800ef0c   0x0800ef0c   0x000002d4   Code   RO         1238    .text               text.o
    0x0800f1e0   0x0800f1e0   0x000001d0   Code   RO         1375    .text               diskio.o
    0x0800f3b0   0x0800f3b0   0x000006c8   Code   RO         1432    .text               fattester.o
    0x0800fa78   0x0800fa78   0x000000cc   Code   RO         1452    .text               mycc936.o
    0x0800fb44   0x0800fb44   0x00003296   Code   RO         1471    .text               ff.o
    0x08012dda   0x08012dda   0x00000002   PAD
    0x08012ddc   0x08012ddc   0x0000022c   Code   RO         1491    .text               malloc.o
    0x08013008   0x08013008   0x00000c34   Code   RO         1523    .text               usmart.o
    0x08013c3c   0x08013c3c   0x00000528   Code   RO         1568    .text               usmart_str.o
    0x08014164   0x08014164   0x00000002   Code   RO         1588    .text               c_w.l(use_no_semi_2.o)
    0x08014166   0x08014166   0x00000048   Code   RO         1590    .text               c_w.l(llsdiv.o)
    0x080141ae   0x080141ae   0x00000002   PAD
    0x080141b0   0x080141b0   0x00000018   Code   RO         1594    .text               c_w.l(noretval__2printf.o)
    0x080141c8   0x080141c8   0x0000004e   Code   RO         1598    .text               c_w.l(_printf_pad.o)
    0x08014216   0x08014216   0x00000052   Code   RO         1600    .text               c_w.l(_printf_str.o)
    0x08014268   0x08014268   0x00000078   Code   RO         1602    .text               c_w.l(_printf_dec.o)
    0x080142e0   0x080142e0   0x00000058   Code   RO         1607    .text               c_w.l(_printf_hex_int.o)
    0x08014338   0x08014338   0x00000188   Code   RO         1642    .text               c_w.l(__printf_flags_ss_wp.o)
    0x080144c0   0x080144c0   0x0000003e   Code   RO         1653    .text               c_w.l(strlen.o)
    0x080144fe   0x080144fe   0x0000008a   Code   RO         1657    .text               c_w.l(rt_memcpy_v6.o)
    0x08014588   0x08014588   0x00000080   Code   RO         1659    .text               c_w.l(strcmpv7m.o)
    0x08014608   0x08014608   0x00000006   Code   RO         1661    .text               c_w.l(heapauxi.o)
    0x0801460e   0x0801460e   0x00000002   Code   RO         1701    .text               c_w.l(use_no_semi.o)
    0x08014610   0x08014610   0x000000ee   Code   RO         1704    .text               c_w.l(lludivv7m.o)
    0x080146fe   0x080146fe   0x00000016   Code   RO         1706    .text               c_w.l(_rserrno.o)
    0x08014714   0x08014714   0x000000b2   Code   RO         1708    .text               c_w.l(_printf_intcommon.o)
    0x080147c6   0x080147c6   0x0000002c   Code   RO         1710    .text               c_w.l(_printf_char.o)
    0x080147f2   0x080147f2   0x00000002   PAD
    0x080147f4   0x080147f4   0x00000024   Code   RO         1712    .text               c_w.l(_printf_char_file.o)
    0x08014818   0x08014818   0x00000064   Code   RO         1715    .text               c_w.l(rt_memcpy_w.o)
    0x0801487c   0x0801487c   0x00000008   Code   RO         1750    .text               c_w.l(rt_errno_addr_intlibspace.o)
    0x08014884   0x08014884   0x00000030   Code   RO         1752    .text               c_w.l(_printf_char_common.o)
    0x080148b4   0x080148b4   0x00000008   Code   RO         1754    .text               c_w.l(ferror.o)
    0x080148bc   0x080148bc   0x00000008   Code   RO         1758    .text               c_w.l(libspace.o)
    0x080148c4   0x080148c4   0x0000004a   Code   RO         1761    .text               c_w.l(sys_stackheap_outer.o)
    0x0801490e   0x0801490e   0x00000012   Code   RO         1767    .text               c_w.l(exit.o)
    0x08014920   0x08014920   0x0000007a   Code   RO         1689    i.__hardfp_sqrt     m_wm.l(sqrt.o)
    0x0801499a   0x0801499a   0x0000000e   Code   RO         1635    i._is_digit         c_w.l(__printf_wp.o)
    0x080149a8   0x080149a8   0x00000150   Code   RO         1665    x$fpl$dadd          fz_wm.l(daddsub_clz.o)
    0x08014af8   0x08014af8   0x00000018   Code   RO         1717    x$fpl$dcmpinf       fz_wm.l(dcmpi.o)
    0x08014b10   0x08014b10   0x0000005a   Code   RO         1671    x$fpl$dfixu         fz_wm.l(dfixu.o)
    0x08014b6a   0x08014b6a   0x0000002e   Code   RO         1676    x$fpl$dflt          fz_wm.l(dflt_clz.o)
    0x08014b98   0x08014b98   0x00000026   Code   RO         1675    x$fpl$dfltu         fz_wm.l(dflt_clz.o)
    0x08014bbe   0x08014bbe   0x00000002   PAD
    0x08014bc0   0x08014bc0   0x00000078   Code   RO         1681    x$fpl$dleqf         fz_wm.l(dleqf.o)
    0x08014c38   0x08014c38   0x00000154   Code   RO         1683    x$fpl$dmul          fz_wm.l(dmul.o)
    0x08014d8c   0x08014d8c   0x0000009c   Code   RO         1719    x$fpl$dnaninf       fz_wm.l(dnaninf.o)
    0x08014e28   0x08014e28   0x0000000c   Code   RO         1721    x$fpl$dretinf       fz_wm.l(dretinf.o)
    0x08014e34   0x08014e34   0x0000006c   Code   RO         1685    x$fpl$drleqf        fz_wm.l(drleqf.o)
    0x08014ea0   0x08014ea0   0x00000016   Code   RO         1666    x$fpl$drsb          fz_wm.l(daddsub_clz.o)
    0x08014eb6   0x08014eb6   0x00000002   PAD
    0x08014eb8   0x08014eb8   0x00000198   Code   RO         1723    x$fpl$dsqrt         fz_wm.l(dsqrt_umaal.o)
    0x08015050   0x08015050   0x000001d4   Code   RO         1667    x$fpl$dsub          fz_wm.l(daddsub_clz.o)
    0x08015224   0x08015224   0x00000056   Code   RO         1687    x$fpl$f2d           fz_wm.l(f2d.o)
    0x0801527a   0x0801527a   0x0000008c   Code   RO         1725    x$fpl$fnaninf       fz_wm.l(fnaninf.o)
    0x08015306   0x08015306   0x0000000a   Code   RO         1841    x$fpl$fpinit        fz_wm.l(fpinit.o)
    0x08015310   0x08015310   0x00000000   Code   RO         1727    x$fpl$usenofp       fz_wm.l(usenofp.o)
    0x08015310   0x08015310   0x000017c0   Data   RO          357    .constdata          lcd.o
    0x08016ad0   0x08016ad0   0x000000c2   Data   RO          484    .constdata          gt9147.o
    0x08016b92   0x08016b92   0x0000000a   Data   RO          512    .constdata          ott2001a.o
    0x08016b9c   0x08016b9c   0x0000000a   Data   RO          536    .constdata          ft5206.o
    0x08016ba6   0x08016ba6   0x00000002   PAD
    0x08016ba8   0x08016ba8   0x00000004   Data   RO          560    .constdata          touch.o
    0x08016bac   0x08016bac   0x0000001c   Data   RO          810    .constdata          stm32f4xx_fsmc.o
    0x08016bc8   0x08016bc8   0x00000100   Data   RO          976    .constdata          os_core.o
    0x08016cc8   0x08016cc8   0x000003c0   Data   RO         1453    .constdata          mycc936.o
    0x08017088   0x08017088   0x0000003a   Data   RO         1472    .constdata          ff.o
    0x080170c2   0x080170c2   0x00000002   PAD
    0x080170c4   0x080170c4   0x00000024   Data   RO         1497    .constdata          malloc.o
    0x080170e8   0x080170e8   0x00000028   Data   RO         1608    .constdata          c_w.l(_printf_hex_int.o)
    0x08017110   0x08017110   0x00000011   Data   RO         1643    .constdata          c_w.l(__printf_flags_ss_wp.o)
    0x08017121   0x08017121   0x00000003   PAD
    0x08017124   0x08017124   0x00000079   Data   RO          561    .conststring        touch.o
    0x0801719d   0x0801719d   0x00000003   PAD
    0x080171a0   0x080171a0   0x00000064   Data   RO         1403    .conststring        exfuns.o
    0x08017204   0x08017204   0x00000028   Data   RO         1524    .conststring        usmart.o
    0x0801722c   0x0801722c   0x000002b9   Data   RO         1547    .conststring        usmart_config.o
    0x080174e5   0x080174e5   0x00000003   PAD
    0x080174e8   0x080174e8   0x00000020   Data   RO         1899    Region$$Table       anon$$obj.o


    Execution Region RW_IRAM1 (Exec base: 0x20000000, Load base: 0x08017508, Size: 0x0001d920, Max: 0x00020000, ABSOLUTE, COMPRESSED[0x00000174])

    Exec Addr    Load Addr    Size         Type   Attr      Idx    E Section Name        Object

    0x20000000   COMPRESSED   0x00000004   Data   RW            5    .data               main.o
    0x20000004   COMPRESSED   0x00000014   Data   RW          310    .data               system_stm32f4xx.o
    0x20000018   COMPRESSED   0x00000004   Data   RW          358    .data               lcd.o
    0x2000001c   COMPRESSED   0x00000001   Data   RW          394    .data               key.o
    0x2000001d   COMPRESSED   0x00000001   Data   RW          485    .data               gt9147.o
    0x2000001e   COMPRESSED   0x00000001   Data   RW          513    .data               ott2001a.o
    0x2000001f   COMPRESSED   0x00000001   Data   RW          537    .data               ft5206.o
    0x20000020   COMPRESSED   0x00000036   Data   RW          562    .data               touch.o
    0x20000056   COMPRESSED   0x00000002   PAD
    0x20000058   COMPRESSED   0x00000010   Data   RW          589    .data               sdio_sdcard.o
    0x20000068   COMPRESSED   0x00000002   Data   RW          666    .data               w25qxx.o
    0x2000006a   COMPRESSED   0x00000004   Data   RW          692    .data               delay.o
    0x2000006e   COMPRESSED   0x00000002   PAD
    0x20000070   COMPRESSED   0x00000006   Data   RW          733    .data               usart.o
    0x20000076   COMPRESSED   0x00000010   Data   RW          833    .data               stm32f4xx_rcc.o
    0x20000086   COMPRESSED   0x00000002   PAD
    0x20000088   COMPRESSED   0x00000048   Data   RW          977    .data               os_core.o
    0x200000d0   COMPRESSED   0x00000002   Data   RW         1376    .data               diskio.o
    0x200000d2   COMPRESSED   0x00000002   PAD
    0x200000d4   COMPRESSED   0x00000154   Data   RW         1404    .data               exfuns.o
    0x20000228   COMPRESSED   0x0000000a   Data   RW         1473    .data               ff.o
    0x20000232   COMPRESSED   0x00000002   PAD
    0x20000234   COMPRESSED   0x00000024   Data   RW         1498    .data               malloc.o
    0x20000258   COMPRESSED   0x0000001c   Data   RW         1525    .data               usmart.o
    0x20000274   COMPRESSED   0x000001cc   Data   RW         1548    .data               usmart_config.o
    0x20000440        -       0x00000700   Zero   RW            4    .bss                main.o
    0x20000b40        -       0x0000000e   Zero   RW          356    .bss                lcd.o
    0x20000b4e   COMPRESSED   0x00000002   PAD
    0x20000b50        -       0x000002c0   Zero   RW          588    .bss                sdio_sdcard.o
    0x20000e10        -       0x00001000   Zero   RW          665    .bss                w25qxx.o
    0x20001e10        -       0x000000c8   Zero   RW          732    .bss                usart.o
    0x20001ed8        -       0x00000a80   Zero   RW          975    .bss                os_core.o
    0x20002958        -       0x00000021   Zero   RW         1204    .bss                fontupd.o
    0x20002979   COMPRESSED   0x00000003   PAD
    0x2000297c        -       0x00000044   Zero   RW         1402    .bss                exfuns.o
    0x200029c0        -       0x0001a900   Zero   RW         1496    .bss                malloc.o
    0x2001d2c0        -       0x00000060   Zero   RW         1759    .bss                c_w.l(libspace.o)
    0x2001d320        -       0x00000200   Zero   RW          761    HEAP                startup_stm32f40_41xxx.o
    0x2001d520        -       0x00000400   Zero   RW          760    STACK               startup_stm32f40_41xxx.o



  Load Region LR$$.ARM.__AT_0x10000000 (Base: 0x10000000, Size: 0x00000000, Max: 0x0000f000, ABSOLUTE)

    Execution Region ER$$.ARM.__AT_0x10000000 (Exec base: 0x10000000, Load base: 0x10000000, Size: 0x0000f000, Max: 0x0000f000, ABSOLUTE, UNINIT)

    Exec Addr    Load Addr    Size         Type   Attr      Idx    E Section Name        Object

    0x10000000        -       0x0000f000   Zero   RW         1492    .ARM.__AT_0x10000000  malloc.o



  Load Region LR$$.ARM.__AT_0x1000F000 (Base: 0x1000f000, Size: 0x00000000, Max: 0x00000f00, ABSOLUTE)

    Execution Region ER$$.ARM.__AT_0x1000F000 (Exec base: 0x1000f000, Load base: 0x1000f000, Size: 0x00000f00, Max: 0x00000f00, ABSOLUTE, UNINIT)

    Exec Addr    Load Addr    Size         Type   Attr      Idx    E Section Name        Object

    0x1000f000        -       0x00000f00   Zero   RW         1493    .ARM.__AT_0x1000F000  malloc.o



  Load Region LR$$.ARM.__AT_0x68000000 (Base: 0x68000000, Size: 0x00000000, Max: 0x000f0000, ABSOLUTE)

    Execution Region ER$$.ARM.__AT_0x68000000 (Exec base: 0x68000000, Load base: 0x68000000, Size: 0x000f0000, Max: 0x000f0000, ABSOLUTE, UNINIT)

    Exec Addr    Load Addr    Size         Type   Attr      Idx    E Section Name        Object

    0x68000000        -       0x000f0000   Zero   RW         1494    .ARM.__AT_0x68000000  malloc.o



  Load Region LR$$.ARM.__AT_0x680F0000 (Base: 0x680f0000, Size: 0x00000000, Max: 0x0000f000, ABSOLUTE)

    Execution Region ER$$.ARM.__AT_0x680F0000 (Exec base: 0x680f0000, Load base: 0x680f0000, Size: 0x0000f000, Max: 0x0000f000, ABSOLUTE, UNINIT)

    Exec Addr    Load Addr    Size         Type   Attr      Idx    E Section Name        Object

    0x680f0000        -       0x0000f000   Zero   RW         1495    .ARM.__AT_0x680F0000  malloc.o


==============================================================================

Image component sizes


      Code (inc. data)   RO Data    RW Data    ZI Data      Debug   Object Name

       378          0          0          0          0       2806   24cxx.o
       596         24          0          0          0       2081   ctiic.o
       296         18          0          4          0       1833   delay.o
       464          8          0          2          0       4338   diskio.o
         0          0        100        340         68        884   exfuns.o
      1736        690          0          0          0       5940   fattester.o
     12950        138         58         10          0      35678   ff.o
         0          0          0          0         33       3941   fontupd.o
       812         40         10          1          0       2519   ft5206.o
      1096         78        194          1          0       3074   gt9147.o
       260         12          0          1          0        872   key.o
     19584        174       6080          4         14      22838   lcd.o
        64          4          0          0          0        519   led.o
      1252         72          0          4       1792     333933   main.o
       556         18         36         36    1218560       4969   malloc.o
       224         20          0          0          0       1805   misc.o
       204         12        960          0          0       1665   mycc936.o
       604         14          0          0          0       1916   myiic.o
      2192        218        256         72       2688      15235   os_core.o
       200         32          0          0          0        316   os_cpu_a.o
       452          6          0          0          0      10610   os_cpu_c.o
      2060         42          0          0          0       7208   os_flag.o
       972         16          0          0          0       4314   os_mbox.o
      1512         30          0          0          0       5773   os_q.o
      1988         70          0          0          0       7893   os_task.o
       432         30          0          0          0       1874   os_time.o
       904         66         10          1          0       2735   ott2001a.o
      7520        282          0         16        704      25233   sdio_sdcard.o
       280          8          0          0          0       1073   spi.o
        64         26        392          0       1536        828   startup_stm32f40_41xxx.o
       936         32          0          0          0       6381   stm32f4xx_dma.o
      1480         18         28          0          0       5630   stm32f4xx_fsmc.o
       660         44          0          0          0       4145   stm32f4xx_gpio.o
        22          0          0          0          0       1027   stm32f4xx_it.o
      1628         52          0         16          0      13016   stm32f4xx_rcc.o
       476         16          0          0          0       7408   stm32f4xx_sdio.o
      1152         36          0          0          0       6897   stm32f4xx_spi.o
      3234         60          0          0          0      23004   stm32f4xx_tim.o
      1108         34          0          0          0       7872   stm32f4xx_usart.o
        16          0          0          0          0        480   sys.o
       528         46          0         20          0       1759   system_stm32f4xx.o
       724         16          0          0          0       3120   text.o
      4320        228        125         54          0       6833   touch.o
       336         16          0          6        200       3298   usart.o
      3124       1286         40         28          0       4402   usmart.o
         0          0        697        460          0       1580   usmart_config.o
      1320         12          0          0          0       5329   usmart_str.o
       904         34          0          2       4096       4477   w25qxx.o

    ----------------------------------------------------------------------
     81628       4078       9028       1088    1229696     621361   Object Totals
         0          0         32          0          0          0   (incl. Generated)
         8          0         10         10          5          0   (incl. Padding)

    ----------------------------------------------------------------------

      Code (inc. data)   RO Data    RW Data    ZI Data      Debug   Library Member Name

        90          0          0          0          0          0   __dczerorl2.o
         8          0          0          0          0         68   __main.o
       392          4         17          0          0         92   __printf_flags_ss_wp.o
        14          0          0          0          0         68   __printf_wp.o
         0          0          0          0          0          0   __rtentry.o
        12          0          0          0          0          0   __rtentry2.o
         6          0          0          0          0          0   __rtentry4.o
        52          8          0          0          0          0   __scatter.o
        28          0          0          0          0          0   __scatter_zi.o
         6          0          0          0          0          0   _printf_c.o
        44          0          0          0          0        108   _printf_char.o
        48          6          0          0          0         96   _printf_char_common.o
        36          4          0          0          0         80   _printf_char_file.o
         6          0          0          0          0          0   _printf_d.o
       120         16          0          0          0         92   _printf_dec.o
        88          4         40          0          0         88   _printf_hex_int.o
       178          0          0          0          0         88   _printf_intcommon.o
        78          0          0          0          0        108   _printf_pad.o
         0          0          0          0          0          0   _printf_percent.o
         4          0          0          0          0          0   _printf_percent_end.o
         6          0          0          0          0          0   _printf_s.o
        82          0          0          0          0         80   _printf_str.o
         6          0          0          0          0          0   _printf_u.o
         6          0          0          0          0          0   _printf_x.o
        22          0          0          0          0        100   _rserrno.o
        18          0          0          0          0         80   exit.o
         8          0          0          0          0         68   ferror.o
         6          0          0          0          0        152   heapauxi.o
         2          0          0          0          0          0   libinit.o
         6          0          0          0          0          0   libinit2.o
         2          0          0          0          0          0   libshutdown.o
         2          0          0          0          0          0   libshutdown2.o
         8          4          0          0         96         68   libspace.o
        72          0          0          0          0         76   llsdiv.o
       238          0          0          0          0        100   lludivv7m.o
        24          4          0          0          0         84   noretval__2printf.o
         8          4          0          0          0         68   rt_errno_addr_intlibspace.o
       138          0          0          0          0         68   rt_memcpy_v6.o
       100          0          0          0          0         80   rt_memcpy_w.o
         2          0          0          0          0          0   rtexit.o
        10          0          0          0          0          0   rtexit2.o
       128          0          0          0          0         68   strcmpv7m.o
        62          0          0          0          0         76   strlen.o
        74          0          0          0          0         80   sys_stackheap_outer.o
         2          0          0          0          0         68   use_no_semi.o
         2          0          0          0          0         68   use_no_semi_2.o
       826         16          0          0          0        492   daddsub_clz.o
        24          0          0          0          0        116   dcmpi.o
        90          4          0          0          0        140   dfixu.o
        84          0          0          0          0        232   dflt_clz.o
       120          4          0          0          0        140   dleqf.o
       340         12          0          0          0        152   dmul.o
       156          4          0          0          0        140   dnaninf.o
        12          0          0          0          0        116   dretinf.o
       108          0          0          0          0        128   drleqf.o
       408         56          0          0          0        168   dsqrt_umaal.o
        86          4          0          0          0        132   f2d.o
       140          4          0          0          0        132   fnaninf.o
        10          0          0          0          0        116   fpinit.o
         0          0          0          0          0          0   usenofp.o
       122          0          0          0          0        148   sqrt.o

    ----------------------------------------------------------------------
      4780        158         60          0         96       4624   Library Totals
        10          0          3          0          0          0   (incl. Padding)

    ----------------------------------------------------------------------

      Code (inc. data)   RO Data    RW Data    ZI Data      Debug   Library Name

      2244         54         57          0         96       2272   c_w.l
      2404        104          0          0          0       2204   fz_wm.l
       122          0          0          0          0        148   m_wm.l

    ----------------------------------------------------------------------
      4780        158         60          0         96       4624   Library Totals

    ----------------------------------------------------------------------

==============================================================================


      Code (inc. data)   RO Data    RW Data    ZI Data      Debug   

     86408       4236       9088       1088    1229792     614189   Grand Totals
     86408       4236       9088        372    1229792     614189   ELF Image Totals (compressed)
     86408       4236       9088        372          0          0   ROM Totals

==============================================================================

    Total RO  Size (Code + RO Data)                95496 (  93.26kB)
    Total RW  Size (RW Data + ZI Data)           1230880 (1202.03kB)
    Total ROM Size (Code + RO Data + RW Data)      95868 (  93.62kB)

==============================================================================

